******************************************************************************
                  TI ARM Linker PC v5.0.4                      
******************************************************************************
>> Linked Mon Mar 17 16:55:44 2014

OUTPUT FILE NAME:   <3849_int_latency.out>
ENTRY POINT SYMBOL: "_c_int00"  address: 00000955


MEMORY CONFIGURATION

         name            origin    length      used     unused   attr    fill
----------------------  --------  ---------  --------  --------  ----  --------
  FLASH                 00000000   00040000  00000c8c  0003f374  R  X
  SRAM                  20000000   00010000  00000248  0000fdb8  RW X


SEGMENT ALLOCATION MAP

run origin  load origin   length   init length attrs members
----------  ----------- ---------- ----------- ----- -------
00000000    00000000    00000c8c   00000c8c    r-x
  00000000    00000000    000000f0   000000f0    r-- .intvecs
  000000f0    000000f0    000009c8   000009c8    r-x .text
  00000ab8    00000ab8    000001b0   000001b0    r-- .const
  00000c68    00000c68    00000024   00000024    r-- .cinit
20000000    20000000    00000200   00000000    rw-
  20000000    20000000    00000200   00000000    rw- .stack
20000200    20000200    00000048   00000048    rw-
  20000200    20000200    00000048   00000048    rw- .data


SECTION ALLOCATION MAP

 output                                  attributes/
section   page    origin      length       input sections
--------  ----  ----------  ----------   ----------------
.intvecs   0    00000000    000000f0     
                  00000000    000000f0     startup_ccs.obj (.intvecs)

.init_array 
*          0    00000000    00000000     UNINITIALIZED

.text      0    000000f0    000009c8     
                  000000f0    00000278     main.obj (.text)
                  00000368    000001d8     driverlib-cm3.lib : sysctl.obj (.text:SysCtlClockGet)
                  00000540    00000144                       : sysctl.obj (.text:SysCtlClockSet)
                  00000684    0000009c     rtsv7M3_T_le_eabi.lib : memcpy_t2.obj (.text)
                  00000720    00000094                           : auto_init.obj (.text)
                  000007b4    00000064     driverlib-cm3.lib : interrupt.obj (.text:IntEnable)
                  00000818    0000005e     rtsv7M3_T_le_eabi.lib : copy_decompress_rle.obj (.text)
                  00000876    00000002     --HOLE-- [fill = 0]
                  00000878    00000058     driverlib-cm3.lib : sysctl.obj (.text:SysCtlPeripheralEnable)
                  000008d0    00000044     rtsv7M3_T_le_eabi.lib : cpy_tbl.obj (.text)
                  00000914    00000040                           : exit.obj (.text)
                  00000954    00000034                           : boot.obj (.text)
                  00000988    00000024     driverlib-cm3.lib : interrupt.obj (.text:IntPrioritySet)
                  000009ac    00000024                       : timer.obj (.text:TimerConfigure)
                  000009d0    0000001c     delay_us.obj (.text)
                  000009ec    00000018     rtsv7M3_T_le_eabi.lib : args_main.obj (.text)
                  00000a04    00000014     driverlib-cm3.lib : timer.obj (.text:TimerDisable)
                  00000a18    00000014     rtsv7M3_T_le_eabi.lib : _lock.obj (.text)
                  00000a2c    00000012     driverlib-cm3.lib : timer.obj (.text:TimerLoadSet)
                  00000a3e    0000000e                       : timer.obj (.text:TimerEnable)
                  00000a4c    0000000e     rtsv7M3_T_le_eabi.lib : copy_decompress_none.obj (.text:decompress:none)
                  00000a5a    0000000c     driverlib-cm3.lib : cpu.obj (.text:CPUcpsid)
                  00000a66    00000002     --HOLE-- [fill = 0]
                  00000a68    0000000c                       : sysctl.obj (.text:SysCtlLDOSet)
                  00000a74    0000000c                       : timer.obj (.text:TimerValueGet)
                  00000a80    0000000c     startup_ccs.obj (.text)
                  00000a8c    0000000a     driverlib-cm3.lib : interrupt.obj (.text:IntMasterDisable)
                  00000a96    0000000a                       : timer.obj (.text:TimerIntStatus)
                  00000aa0    00000008                       : timer.obj (.text:TimerIntEnable)
                  00000aa8    00000006                       : sysctl.obj (.text:SysCtlDelay)
                  00000aae    00000006     rtsv7M3_T_le_eabi.lib : copy_decompress_rle.obj (.text:decompress:rle24)
                  00000ab4    00000004     driverlib-cm3.lib : timer.obj (.text:TimerIntClear)

.const     0    00000ab8    000001b0     
                  00000ab8    00000094     driverlib-cm3.lib : interrupt.obj (.const:g_pulRegs)
                  00000b4c    00000070                       : interrupt.obj (.const)
                  00000bbc    0000006c                       : sysctl.obj (.const:g_pulXtals)
                  00000c28    00000040                       : sysctl.obj (.const)

.cinit     0    00000c68    00000024     
                  00000c68    00000012     (.cinit..data.load) [load image, compression = rle]
                  00000c7a    00000002     --HOLE-- [fill = 0]
                  00000c7c    00000008     (__TI_handler_table)
                  00000c84    00000008     (__TI_cinit_table)

.stack     0    20000000    00000200     UNINITIALIZED
                  20000000    00000200     --HOLE--

.data      0    20000200    00000048     
                  20000200    00000034     main.obj (.data)
                  20000234    00000008     rtsv7M3_T_le_eabi.lib : _lock.obj (.data)
                  2000023c    00000008                           : exit.obj (.data)
                  20000244    00000004                           : stkdepth_vars.obj (.data)


LINKER GENERATED COPY TABLES

__TI_cinit_table @ 00000c84 records: 1, size/record: 8, table size: 8
	.data: load addr=00000c68, load size=00000012 bytes, run addr=20000200, run size=00000048 bytes, compression=rle


LINKER GENERATED HANDLER TABLE

__TI_handler_table @ 00000c7c records: 2, size/record: 4, table size: 8
	index: 0, handler: __TI_decompress_rle24
	index: 1, handler: __TI_decompress_none


GLOBAL SYMBOLS: SORTED ALPHABETICALLY BY Name 

address    name
--------   ----
00000915   C$$EXIT
00000a5b   CPUcpsid
000007b5   IntEnable
00000a8d   IntMasterDisable
00000989   IntPrioritySet
00000a81   ResetISR
UNDEFED    SHT$$INIT_ARRAY$$Base
UNDEFED    SHT$$INIT_ARRAY$$Limit
00000369   SysCtlClockGet
00000541   SysCtlClockSet
00000aa9   SysCtlDelay
00000a69   SysCtlLDOSet
00000879   SysCtlPeripheralEnable
000009ad   TimerConfigure
00000a05   TimerDisable
00000a3f   TimerEnable
00000ab5   TimerIntClear
00000aa1   TimerIntEnable
00000a97   TimerIntStatus
00000a2d   TimerLoadSet
00000a75   TimerValueGet
20000200   __STACK_END
00000200   __STACK_SIZE
20000200   __STACK_TOP
00000c84   __TI_CINIT_Base
00000c8c   __TI_CINIT_Limit
00000c7c   __TI_Handler_Table_Base
00000c84   __TI_Handler_Table_Limit
00000001   __TI_args_main
00000721   __TI_auto_init
00000a4d   __TI_decompress_none
00000aaf   __TI_decompress_rle24
00000000   __TI_static_base__
00000685   __aeabi_memcpy
00000685   __aeabi_memcpy4
00000685   __aeabi_memcpy8
ffffffff   __binit__
ffffffff   __c_args__
20000000   __stack
000009ed   _args_main
00000955   _c_int00
2000023c   _cleanup_ptr
20000240   _dtors_ptr
20000234   _lock
00000a27   _nop
00000a1f   _register_lock
00000a19   _register_unlock
20000238   _unlock
00000919   abort
ffffffff   binit
000008d1   copy_in
20000204   count_loaded
20000200   count_unloaded
20000208   cpu_load
0000030f   cpu_load_count
000009d1   delay_us
000000f1   event0_handler
20000210   event0_latency
20000228   event0_missed_deadlines
2000021c   event0_response_time
00000141   event1_handler
20000214   event1_latency
2000022c   event1_missed_deadlines
20000220   event1_response_time
00000193   event2_handler
20000218   event2_latency
20000230   event2_missed_deadlines
20000224   event2_response_time
00000921   exit
00000000   g_pfnVectors
2000020c   g_ulSystemClock
000001e5   main
20000244   main_func_sp
00000685   memcpy


GLOBAL SYMBOLS: SORTED BY Symbol Address 

address    name
--------   ----
00000000   __TI_static_base__
00000000   g_pfnVectors
00000001   __TI_args_main
000000f1   event0_handler
00000141   event1_handler
00000193   event2_handler
000001e5   main
00000200   __STACK_SIZE
0000030f   cpu_load_count
00000369   SysCtlClockGet
00000541   SysCtlClockSet
00000685   __aeabi_memcpy
00000685   __aeabi_memcpy4
00000685   __aeabi_memcpy8
00000685   memcpy
00000721   __TI_auto_init
000007b5   IntEnable
00000879   SysCtlPeripheralEnable
000008d1   copy_in
00000915   C$$EXIT
00000919   abort
00000921   exit
00000955   _c_int00
00000989   IntPrioritySet
000009ad   TimerConfigure
000009d1   delay_us
000009ed   _args_main
00000a05   TimerDisable
00000a19   _register_unlock
00000a1f   _register_lock
00000a27   _nop
00000a2d   TimerLoadSet
00000a3f   TimerEnable
00000a4d   __TI_decompress_none
00000a5b   CPUcpsid
00000a69   SysCtlLDOSet
00000a75   TimerValueGet
00000a81   ResetISR
00000a8d   IntMasterDisable
00000a97   TimerIntStatus
00000aa1   TimerIntEnable
00000aa9   SysCtlDelay
00000aaf   __TI_decompress_rle24
00000ab5   TimerIntClear
00000c7c   __TI_Handler_Table_Base
00000c84   __TI_CINIT_Base
00000c84   __TI_Handler_Table_Limit
00000c8c   __TI_CINIT_Limit
20000000   __stack
20000200   __STACK_END
20000200   __STACK_TOP
20000200   count_unloaded
20000204   count_loaded
20000208   cpu_load
2000020c   g_ulSystemClock
20000210   event0_latency
20000214   event1_latency
20000218   event2_latency
2000021c   event0_response_time
20000220   event1_response_time
20000224   event2_response_time
20000228   event0_missed_deadlines
2000022c   event1_missed_deadlines
20000230   event2_missed_deadlines
20000234   _lock
20000238   _unlock
2000023c   _cleanup_ptr
20000240   _dtors_ptr
20000244   main_func_sp
ffffffff   __binit__
ffffffff   __c_args__
ffffffff   binit
UNDEFED    SHT$$INIT_ARRAY$$Base
UNDEFED    SHT$$INIT_ARRAY$$Limit

[74 symbols]
