******************************************************************************
                  TI ARM Linker PC v5.1.8                      
******************************************************************************
>> Linked Thu Oct 30 20:33:22 2014

OUTPUT FILE NAME:   <qs_ek-lm3s8962.out>
ENTRY POINT SYMBOL: "_c_int00"  address: 00021ec1


MEMORY CONFIGURATION

         name            origin    length      used     unused   attr    fill
----------------------  --------  ---------  --------  --------  ----  --------
  FLASH                 00000000   00040000  00022aec  0001d514  R  X
  SRAM                  20000000   00010000  00008df9  00007207  RW X


SEGMENT ALLOCATION MAP

run origin  load origin   length   init length attrs members
----------  ----------- ---------- ----------- ----- -------
00000000    00000000    00022af0   00022af0    r-x
  00000000    00000000    000000f0   000000f0    r-- .intvecs
  000000f0    000000f0    0001915e   0001915e    r-- .const
  00019250    00019250    00009846   00009846    r-x .text
  00022a98    00022a98    00000058   00000058    r-- .cinit
20000000    20000000    00008dfc   00000000    rw-
  20000000    20000000    0000898d   00000000    rw- .bss
  20008990    20008990    00000400   00000000    rw- .stack
  20008d90    20008d90    0000006c   00000000    rw- .data


SECTION ALLOCATION MAP

 output                                  attributes/
section   page    origin      length       input sections
--------  ----  ----------  ----------   ----------------
.intvecs   0    00000000    000000f0     
                  00000000    000000f0     startup_ccs.obj (.intvecs)

.init_array 
*          0    00000000    00000000     UNINITIALIZED

.const     0    000000f0    0001915e     
                  000000f0    00005777     fs_qs.obj (.const:.string:data_images_fury_block_gif)
                  00005867    00002992     fs_qs.obj (.const:.string:data_images_awards08_jpg)
                  000081f9    00001ad1     fs_qs.obj (.const:.string:data_images_noasm_jpg)
                  00009cca    00001a9a     fs_qs.obj (.const:.string:data_images_no8bit_jpg)
                  0000b764    00001a88     fs_qs.obj (.const:.string:data_images_no16bit_jpg)
                  0000d1ec    00001a76     fs_qs.obj (.const:.string:data_images_nopin_jpg)
                  0000ec62    00001802     fs_qs.obj (.const:.string:data_images_chips_jpg)
                  00010464    00001170     fs_qs.obj (.const:.string:data_lmimaze_class)
                  000115d4    00000fc0     images.obj (.const:g_ppucSprites)
                  00012594    00000d4c     fs_qs.obj (.const:.string:data_images_ti_logo_gif)
                  000132e0    00000b56     fs_qs.obj (.const:.string:data_family_html)
                  00013e36    000009d8     images.obj (.const:.string:g_pucTILogo)
                  0001480e    000008d2     fs_qs.obj (.const:.string:data_qs_game_html)
                  000150e0    00000886     fs_qs.obj (.const:.string:data_ti_html)
                  00015966    00000880     images.obj (.const:.string:g_pucCodeComposer)
                  000161e6    0000072c     fs_qs.obj (.const:.string:data_images_favicon_ico)
                  00016912    00000400     images.obj (.const:.string:g_pucPlay)
                  00016d12    000003b1     fs_qs.obj (.const:.string:data_header_html)
                  000170c3    00000381     fs_qs.obj (.const:.string:data_footer_html)
                  00017444    00000369     fs_qs.obj (.const:.string:data_index_html)
                  000177ad    00000340     images.obj (.const:.string:g_pucAcquiring)
                  00017aed    0000030d     fs_qs.obj (.const:.string:data_side_html)
                  00017dfa    00000257     fs_qs.obj (.const:.string:data_block_html)
                  00018051    0000022e     fs_qs.obj (.const:.string:data_styles_css)
                  0001827f    00000208     images.obj (.const:g_ppucDigits)
                  00018487    000001e1     images.obj (.const:.string:g_pucGameOver)
                  00018668    00000157     fs_qs.obj (.const:.string:data_404_html)
                  000187bf    00000001     --HOLE-- [fill = 0]
                  000187c0    00000140     fs_qs.obj (.const)
                  00018900    0000012c     sounds.obj (.const:g_pusPlayerEffect)
                  00018a2c    0000011e     images.obj (.const:.string:g_pucScore)
                  00018b4a    000000c8     sounds.obj (.const:g_pusMonsterEffect)
                  00018c12    000000c8     sounds.obj (.const:g_pusWallEffect)
                  00018cda    000000a0     sounds.obj (.const:g_pusIntro)
                  00018d7a    00000002     --HOLE-- [fill = 0]
                  00018d7c    0000008a     lwiplib.obj (.const:.string)
                  00018e06    00000075     images.obj (.const:.string:g_pucIP)
                  00018e7b    00000001     --HOLE-- [fill = 0]
                  00018e7c    00000070     images.obj (.const:.string)
                  00018eec    00000070     driverlib-cm3.lib : interrupt.obj (.const)
                  00018f5c    0000006c                       : sysctl.obj (.const:g_pulXtals)
                  00018fc8    0000004f     rit128x96x4.obj (.const:.string:g_pucRIT128x96x4Init)
                  00019017    00000001     --HOLE-- [fill = 0]
                  00019018    00000048     sounds.obj (.const:g_pusEndOfGame)
                  00019060    00000040     httpd.obj (.const:.string)
                  000190a0    00000040     driverlib-cm3.lib : sysctl.obj (.const)
                  000190e0    0000003c     sounds.obj (.const:g_pusFireEffect)
                  0001911c    00000038     sounds.obj (.const:g_pusEndOfMaze)
                  00019154    00000034     lwiplib.obj (.const)
                  00019188    00000030     sounds.obj (.const:g_pusStartOfGame)
                  000191b8    00000028     httpd.obj (.const:g_psDefaultFilenames)
                  000191e0    00000022     images.obj (.const:.string:g_pucPlayerDying)
                  00019202    00000002     --HOLE-- [fill = 0]
                  00019204    00000020     driverlib-cm3.lib : can.obj (.const)
                  00019224    0000001e     fs_qs.obj (.const:.string)
                  00019242    0000000c     rit128x96x4.obj (.const:.string)

.text      0    00019250    00009846     
                  00019250    000006f4     lwiplib.obj (.text:tcp_receive)
                  00019944    00000518     game.obj (.text:PlayGame)
                  00019e5c    000003e4     screen_saver.obj (.text:ScreenSaver)
                  0001a240    000003b4     lwiplib.obj (.text:tcp_process)
                  0001a5f4    0000039c     lwiplib.obj (.text:tcp_input)
                  0001a990    00000390     lwiplib.obj (.text:tcp_enqueue)
                  0001ad20    0000038c     game.obj (.text:DrawBullets)
                  0001b0ac    00000288     lwiplib.obj (.text:tcp_slowtmr)
                  0001b334    0000027c     game.obj (.text:GenerateMaze)
                  0001b5b0    00000228     random.obj (.text:RandomSeed)
                  0001b7d8    00000224     game.obj (.text:MainScreen)
                  0001b9fc    00000208     lwiplib.obj (.text:ip_input)
                  0001bc04    000001ec     lwiplib.obj (.text:udp_input)
                  0001bdf0    000001d8     lwiplib.obj (.text:icmp_input)
                  0001bfc8    000001c8     qs_ek-lm3s8962.obj (.text:main)
                  0001c190    000001b0     lwiplib.obj (.text:tcp_output)
                  0001c340    00000198     driverlib-cm3.lib : sysctl.obj (.text:SysCtlClockGet)
                  0001c4d8    00000194     fs_qs.obj (.text:fs_open)
                  0001c66c    00000190     driverlib-cm3.lib : can.obj (.text:CANMessageSet)
                  0001c7fc    0000016c     game.obj (.text:MoveMonsters)
                  0001c968    00000168     lwiplib.obj (.text:etharp_arp_input)
                  0001cad0    00000150     qs_ek-lm3s8962.obj (.text:DisplayLogo)
                  0001cc20    00000148     driverlib-cm3.lib : can.obj (.text:CANMessageGet)
                  0001cd68    00000148     game.obj (.text:DrawMonsters)
                  0001ceb0    00000144     driverlib-cm3.lib : sysctl.obj (.text:SysCtlClockSet)
                  0001cff4    00000134     game.obj (.text:DrawPlayer)
                  0001d128    00000130     lwiplib.obj (.text:find_entry)
                  0001d258    0000012c     lwiplib.obj (.text:etharp_query)
                  0001d384    00000128     game.obj (.text:DrawExplosions)
                  0001d4ac    00000124     httpd.obj (.text:http_recv)
                  0001d5d0    0000011c     lwiplib.obj (.text:tcp_listen_input)
                  0001d6ec    00000118     lwiplib.obj (.text:dhcp_create_request)
                  0001d804    00000114     lwiplib.obj (.text:pbuf_alloc)
                  0001d918    00000104     qs_ek-lm3s8962.obj (.text:SysTickIntHandler)
                  0001da1c    000000f8     game.obj (.text:DrawMaze)
                  0001db14    000000f8     lwiplib.obj (.text:mem_malloc)
                  0001dc0c    000000f4     lwiplib.obj (.text:mem_realloc)
                  0001dd00    000000e8     screen_saver.obj (.text:ScreenSaverLine)
                  0001dde8    000000e8     lwiplib.obj (.text:udp_sendto_if)
                  0001ded0    000000e0     lwiplib.obj (.text:dhcp_bind)
                  0001dfb0    000000e0     lwiplib.obj (.text:dhcp_handle_ack)
                  0001e090    000000e0     lwiplib.obj (.text:etharp_raw)
                  0001e170    000000dc     lwiplib.obj (.text:ip_output_if)
                  0001e24c    000000d8     game.obj (.text:DrawCheat)
                  0001e324    000000d8     lwiplib.obj (.text:dhcp_recv)
                  0001e3fc    000000d8     lwiplib.obj (.text:tcp_output_segment)
                  0001e4d4    000000d4     audio.obj (.text:AudioHandler)
                  0001e5a8    000000d4     lwiplib.obj (.text:dhcp_select)
                  0001e67c    000000d4     lwiplib.obj (.text:tcp_bind)
                  0001e750    000000d0     lwiplib.obj (.text:autoip_tmr)
                  0001e820    000000d0     lwiplib.obj (.text:etharp_output)
                  0001e8f0    000000cc     lwiplib.obj (.text:dhcp_discover)
                  0001e9bc    000000cc     lwiplib.obj (.text:lwIPPrivateInit)
                  0001ea88    000000cc     lwiplib.obj (.text:tcp_alloc)
                  0001eb54    000000c8     driverlib-cm3.lib : gpio.obj (.text:GPIOPadConfigSet)
                  0001ec1c    000000bc     game.obj (.text:SetBulletDir)
                  0001ecd8    000000bc     lwiplib.obj (.text:lwIPServiceTimers)
                  0001ed94    000000b8     lwiplib.obj (.text:tcp_rst)
                  0001ee4c    000000b4     can_net.obj (.text:CANHandler)
                  0001ef00    000000b4     lwiplib.obj (.text:tcp_zero_window_probe)
                  0001efb4    000000b0     enet.obj (.text:EnetInit)
                  0001f064    000000b0     lwiplib.obj (.text:dhcp_release)
                  0001f114    000000b0     httpd.obj (.text:send_data)
                  0001f1c4    000000b0     lwiplib.obj (.text:tcp_close)
                  0001f274    000000a8     lwiplib.obj (.text:autoip_arp_reply)
                  0001f31c    000000a8     lwiplib.obj (.text:dhcp_start)
                  0001f3c4    000000a8     lwiplib.obj (.text:stellarisif_transmit)
                  0001f46c    000000a4     rit128x96x4.obj (.text:RIT128x96x4Init)
                  0001f510    000000a4     lwiplib.obj (.text:tcp_abandon)
                  0001f5b4    000000a0     lwiplib.obj (.text:dhcp_reboot)
                  0001f654    0000009c     rtsv7M3_T_le_eabi.lib : memcpy_t2.obj (.text)
                  0001f6f0    0000009c     lwiplib.obj (.text:update_arp_entry)
                  0001f78c    00000098     game.obj (.text:DrawNumber)
                  0001f824    00000098     fs_qs.obj (.text:fs_read)
                  0001f8bc    00000098     lwiplib.obj (.text:inet_chksum_pseudo)
                  0001f954    00000094     rtsv7M3_T_le_eabi.lib : auto_init.obj (.text)
                  0001f9e8    00000094     lwiplib.obj (.text:stellarisif_receive)
                  0001fa7c    00000094     lwiplib.obj (.text:tcp_listen_with_backlog)
                  0001fb10    00000090     lwiplib.obj (.text:tcp_oos_insert_segment)
                  0001fba0    0000008e     lwiplib.obj (.text:pbuf_copy)
                  0001fc2e    00000002     startup_ccs.obj (.text:FaultISR)
                  0001fc30    0000008c     driverlib-cm3.lib : can.obj (.text:CANBitRateSet)
                  0001fcbc    00000088                       : sysctl.obj (.text:SysCtlPeripheralReset)
                  0001fd44    00000088     lwiplib.obj (.text:dhcp_rebind)
                  0001fdcc    00000088     lwiplib.obj (.text:dhcp_renew)
                  0001fe54    00000088     lwiplib.obj (.text:tcp_timewait_input)
                  0001fedc    00000084     can_net.obj (.text:CANConfigureNetwork)
                  0001ff60    00000084     locator.obj (.text:LocatorReceive)
                  0001ffe4    0000007c     lwiplib.obj (.text:dhcp_timeout)
                  00020060    0000007c     lwiplib.obj (.text:tcp_parseopt)
                  000200dc    0000007a     driverlib-cm3.lib : can.obj (.text:CANInit)
                  00020156    0000007a     lwiplib.obj (.text:dhcp_get_option_ptr)
                  000201d0    0000007a     rtsv7M3_T_le_eabi.lib : memset_t2.obj (.text)
                  0002024a    00000078     lwiplib.obj (.text:tcp_output_set_header)
                  000202c2    00000076     driverlib-cm3.lib : can.obj (.text:CANStatusGet)
                  00020338    00000074     lwiplib.obj (.text:stellarisif_interrupt)
                  000203ac    00000070     lwiplib.obj (.text:dhcp_decline)
                  0002041c    0000006e     lwiplib.obj (.text:dhcp_unfold_reply)
                  0002048a    00000002     startup_ccs.obj (.text:IntDefaultHandler)
                  0002048c    0000006c     lwiplib.obj (.text:icmp_send_response)
                  000204f8    0000006c     lwiplib.obj (.text:stellarisif_hwinit)
                  00020564    0000006a     lwiplib.obj (.text:pbuf_copy_partial)
                  000205ce    0000006a     lwiplib.obj (.text:tcp_send_empty_ack)
                  00020638    00000068     lwiplib.obj (.text:ethernet_input)
                  000206a0    00000068     lwiplib.obj (.text:memp_init)
                  00020708    00000068     lwiplib.obj (.text:raw_input)
                  00020770    00000066     lwiplib.obj (.text:autoip_start)
                  000207d6    00000002     startup_ccs.obj (.text:NmiSR)
                  000207d8    00000064     driverlib-cm3.lib : interrupt.obj (.text:IntDisable)
                  0002083c    00000064                       : interrupt.obj (.text:IntEnable)
                  000208a0    00000064     rit128x96x4.obj (.text:RIT128x96x4ImageDraw)
                  00020904    00000064     lwiplib.obj (.text:mem_free)
                  00020968    00000064     lwiplib.obj (.text:memp_malloc)
                  000209cc    00000064     lwiplib.obj (.text:netif_set_ipaddr)
                  00020a30    00000064     lwiplib.obj (.text:plug_holes)
                  00020a94    00000064     lwiplib.obj (.text:tcp_keepalive)
                  00020af8    00000064     lwiplib.obj (.text:tcp_new_port)
                  00020b5c    00000062     lwiplib.obj (.text:pbuf_header)
                  00020bbe    00000002     --HOLE-- [fill = 0]
                  00020bc0    00000060     rit128x96x4.obj (.text:RIT128x96x4Enable)
                  00020c20    00000060     lwiplib.obj (.text:mem_init)
                  00020c80    00000060     lwiplib.obj (.text:tcp_pcb_remove)
                  00020ce0    0000005e     rtsv7M3_T_le_eabi.lib : copy_decompress_rle.obj (.text)
                  00020d3e    00000002     --HOLE-- [fill = 0]
                  00020d40    0000005c     can_net.obj (.text:CANConfigure)
                  00020d9c    0000005c     rit128x96x4.obj (.text:RITWriteCommand)
                  00020df8    0000005c     rit128x96x4.obj (.text:RITWriteData)
                  00020e54    0000005c     lwiplib.obj (.text:tcp_fasttmr)
                  00020eb0    0000005c     lwiplib.obj (.text:udp_bind)
                  00020f0c    00000058     driverlib-cm3.lib : sysctl.obj (.text:SysCtlPeripheralEnable)
                  00020f64    00000054     lwiplib.obj (.text:autoip_create_addr)
                  00020fb8    00000054     httpd.obj (.text:http_accept)
                  0002100c    00000054     lwiplib.obj (.text:lwIPInit)
                  00021060    00000054     lwiplib.obj (.text:lwip_standard_chksum)
                  000210b4    00000052     lwiplib.obj (.text:pbuf_free)
                  00021106    00000002     --HOLE-- [fill = 0]
                  00021108    00000050     locator.obj (.text:LocatorInit)
                  00021158    00000050     lwiplib.obj (.text:autoip_start_probing)
                  000211a8    00000050     lwiplib.obj (.text:ip_route)
                  000211f8    00000050     lwiplib.obj (.text:netif_add)
                  00021248    00000050     lwiplib.obj (.text:stellarisif_output)
                  00021298    0000004e     lwiplib.obj (.text:tcp_rexmit_fast)
                  000212e6    00000002     --HOLE-- [fill = 0]
                  000212e8    0000004c     driverlib-cm3.lib : can.obj (.text:CANRegRead)
                  00021334    0000004c     lwiplib.obj (.text:pbuf_realloc)
                  00021380    0000004c     lwiplib.obj (.text:tcp_kill_prio)
                  000213cc    0000004a     lwiplib.obj (.text:inet_chksum_pbuf)
                  00021416    00000002     --HOLE-- [fill = 0]
                  00021418    00000048     audio.obj (.text:AudioVolume)
                  00021460    00000048     rit128x96x4.obj (.text:RIT128x96x4Clear)
                  000214a8    00000048     lwiplib.obj (.text:ip_output)
                  000214f0    00000048     lwiplib.obj (.text:tcp_rexmit)
                  00021538    00000048     lwiplib.obj (.text:udp_connect)
                  00021580    00000046     lwiplib.obj (.text:enqueue_packet)
                  000215c6    00000044     driverlib-cm3.lib : ssi.obj (.text:SSIConfigSetExpClk)
                  0002160a    00000002     --HOLE-- [fill = 0]
                  0002160c    00000044     lwiplib.obj (.text:etharp_tmr)
                  00021650    00000044     rtsv7M3_T_le_eabi.lib : cpy_tbl.obj (.text)
                  00021694    00000044                           : exit.obj (.text)
                  000216d8    00000042     driverlib-cm3.lib : can.obj (.text:CANIntClear)
                  0002171a    00000042                       : uart.obj (.text:UARTConfigSetExpClk)
                  0002175c    00000042     lwiplib.obj (.text:dhcp_option_long)
                  0002179e    00000042     lwiplib.obj (.text:dhcp_stop)
                  000217e0    00000042     rtsv7M3_T_le_eabi.lib : u_divt2.obj (.text)
                  00021822    00000042     lwiplib.obj (.text:tcp_pcb_purge)
                  00021864    00000040     game.obj (.text:AddExplosion)
                  000218a4    00000040     audio.obj (.text:AudioMute)
                  000218e4    00000040     can_net.obj (.text:CANUpdateTargetLED)
                  00021924    00000040     httpd.obj (.text:close_conn)
                  00021964    0000003c     driverlib-cm3.lib : can.obj (.text:CANDataRegRead)
                  000219a0    0000003c                       : can.obj (.text:CANMessageClear)
                  000219dc    0000003c     lwiplib.obj (.text:dhcp_coarse_tmr)
                  00021a18    0000003c     lwiplib.obj (.text:memp_free)
                  00021a54    0000003c     lwiplib.obj (.text:stellarisif_init)
                  00021a90    00000038     driverlib-cm3.lib : ethernet.obj (.text:EthernetMACAddrSet)
                  00021ac8    00000038                       : flash.obj (.text:FlashUserGet)
                  00021b00    00000038     lwiplib.obj (.text:autoip_bind)
                  00021b38    00000038     lwiplib.obj (.text:dhcp_fine_tmr)
                  00021b70    00000038     lwiplib.obj (.text:tcp_kill_timewait)
                  00021ba8    00000038     lwiplib.obj (.text:udp_sendto)
                  00021be0    00000036     httpd.obj (.text:http_poll)
                  00021c16    00000036     lwiplib.obj (.text:tcp_recved)
                  00021c4c    00000035     httpd.obj (.text:get_404_file)
                  00021c81    00000003     --HOLE-- [fill = 0]
                  00021c84    00000034     audio.obj (.text:AudioOn)
                  00021cb8    00000034     audio.obj (.text:AudioPlaySong)
                  00021cec    00000034     audio.obj (.text:AudioPlaySound)
                  00021d20    00000034     driverlib-cm3.lib : can.obj (.text:CANIntStatus)
                  00021d54    00000034                       : ethernet.obj (.text:EthernetMACAddrGet)
                  00021d88    00000034     locator.obj (.text:LocatorAppTitleSet)
                  00021dbc    00000034     lwiplib.obj (.text:autoip_arp_probe)
                  00021df0    00000034     lwiplib.obj (.text:dhcp_handle_nak)
                  00021e24    00000034     lwiplib.obj (.text:dhcp_option_trailer)
                  00021e58    00000034     lwiplib.obj (.text:etharp_send_ip)
                  00021e8c    00000034     lwiplib.obj (.text:ip_addr_isbroadcast)
                  00021ec0    00000034     rtsv7M3_T_le_eabi.lib : boot.obj (.text)
                  00021ef4    00000032     lwiplib.obj (.text:dhcp_handle_offer)
                  00021f26    00000032     lwiplib.obj (.text:tcp_update_rcv_ann_wnd)
                  00021f58    00000030     audio.obj (.text:AudioVolumeDown)
                  00021f88    00000030     audio.obj (.text:AudioVolumeUp)
                  00021fb8    0000002e     driverlib-cm3.lib : gpio.obj (.text:GPIODirModeSet)
                  00021fe6    0000002e     lwiplib.obj (.text:dequeue_packet)
                  00022014    0000002c     driverlib-cm3.lib : can.obj (.text:CANDataRegWrite)
                  00022040    0000002c     lwiplib.obj (.text:autoip_arp_announce)
                  0002206c    0000002c     lwiplib.obj (.text:etharp_request)
                  00022098    0000002c     httpd.obj (.text:http_sent)
                  000220c4    0000002c     lwiplib.obj (.text:lwIPEthernetIntHandler)
                  000220f0    0000002c     lwiplib.obj (.text:tcp_rexmit_rto)
                  0002211c    0000002c     lwiplib.obj (.text:tcp_write)
                  00022148    0000002c     lwiplib.obj (.text:udp_remove)
                  00022174    0000002a     driverlib-cm3.lib : ethernet.obj (.text:EthernetConfigSet)
                  0002219e    00000002     --HOLE-- [fill = 0]
                  000221a0    00000028                       : can.obj (.text:CANIntNumberGet)
                  000221c8    00000028     qs_ek-lm3s8962.obj (.text:Delay)
                  000221f0    00000028     driverlib-cm3.lib : pwm.obj (.text:PWMGenConfigure)
                  00022218    00000028     httpd.obj (.text:httpd_init)
                  00022240    00000028     lwiplib.obj (.text:tcp_seg_copy)
                  00022268    00000026     lwiplib.obj (.text:dhcp_check)
                  0002228e    00000026     rtsv7M3_T_le_eabi.lib : strncmp.obj (.text)
                  000222b4    00000024     rit128x96x4.obj (.text:RIT128x96x4DisplayOn)
                  000222d8    00000024     lwiplib.obj (.text:pbuf_cat)
                  000222fc    00000022     driverlib-cm3.lib : ethernet.obj (.text:EthernetEnable)
                  0002231e    00000022     httpd.obj (.text:conn_err)
                  00022340    00000022     lwiplib.obj (.text:dhcp_option_short)
                  00022362    00000022     lwiplib.obj (.text:etharp_ip_input)
                  00022384    00000022     rtsv7M3_T_le_eabi.lib : memcmp.obj (.text)
                  000223a6    00000002     --HOLE-- [fill = 0]
                  000223a8    00000020     locator.obj (.text:LocatorMACAddrSet)
                  000223c8    00000020     lwiplib.obj (.text:autoip_handle_arp_conflict)
                  000223e8    00000020     lwiplib.obj (.text:dhcp_free_reply)
                  00022408    00000020     lwiplib.obj (.text:dhcp_option)
                  00022428    00000020     lwiplib.obj (.text:netif_set_up)
                  00022448    00000020     lwiplib.obj (.text:tcp_eff_send_mss)
                  00022468    00000020     lwiplib.obj (.text:tcp_recv_null)
                  00022488    00000020     lwiplib.obj (.text:tcp_tmr)
                  000224a8    0000001e     driverlib-cm3.lib : ethernet.obj (.text:EthernetPHYRead)
                  000224c6    0000001e                       : pwm.obj (.text:PWMPulseWidthSet)
                  000224e4    0000001e     lwiplib.obj (.text:free_etharp_q)
                  00022502    0000001e     lwiplib.obj (.text:tcp_seg_free)
                  00022520    0000001c     audio.obj (.text:AudioOff)
                  0002253c    0000001c     driverlib-cm3.lib : can.obj (.text:CANRegWrite)
                  00022558    0000001c     random.obj (.text:RandomAddEntropy)
                  00022574    0000001c     random.obj (.text:RandomNumber)
                  00022590    0000001c     driverlib-cm3.lib : uart.obj (.text:UARTDisable)
                  000225ac    0000001c     lwiplib.obj (.text:dhcp_get_option_long)
                  000225c8    0000001c     lwiplib.obj (.text:lwIPTimer)
                  000225e4    0000001c     lwiplib.obj (.text:netif_set_addr)
                  00022600    0000001c     lwiplib.obj (.text:udp_new)
                  0002261c    0000001a     lwiplib.obj (.text:dhcp_arp_reply)
                  00022636    0000001a     lwiplib.obj (.text:htonl)
                  00022650    0000001a     lwiplib.obj (.text:tcp_segs_free)
                  0002266a    00000018     lwiplib.obj (.text:dhcp_delete_request)
                  00022682    00000002     --HOLE-- [fill = 0]
                  00022684    00000018     rtsv7M3_T_le_eabi.lib : args_main.obj (.text)
                  0002269c    00000018     lwiplib.obj (.text:tcp_next_iss)
                  000226b4    00000016     driverlib-cm3.lib : can.obj (.text:CANIntEnable)
                  000226ca    00000016                       : pwm.obj (.text:PWMOutputInvert)
                  000226e0    00000016                       : pwm.obj (.text:PWMOutputState)
                  000226f6    00000016     lwiplib.obj (.text:dhcp_t1_timeout)
                  0002270c    00000016     lwiplib.obj (.text:dhcp_t2_timeout)
                  00022722    00000016     lwiplib.obj (.text:pbuf_ref)
                  00022738    00000014     driverlib-cm3.lib : can.obj (.text:CANEnable)
                  0002274c    00000014                       : ethernet.obj (.text:EthernetInitExpClk)
                  00022760    00000014                       : pwm.obj (.text:PWMGenPeriodSet)
                  00022774    00000014                       : sysctl.obj (.text:SysCtlPWMClockSet)
                  00022788    00000014                       : systick.obj (.text:SysTickEnable)
                  0002279c    00000014                       : systick.obj (.text:SysTickIntEnable)
                  000227b0    00000014                       : uart.obj (.text:UARTEnable)
                  000227c4    00000014     rtsv7M3_T_le_eabi.lib : _lock.obj (.text)
                  000227d8    00000014     lwiplib.obj (.text:tcp_send_ctrl)
                  000227ec    00000012     driverlib-cm3.lib : gpio.obj (.text:GPIOPinTypeCAN)
                  000227fe    00000012                       : gpio.obj (.text:GPIOPinTypeEthernetLED)
                  00022810    00000012                       : gpio.obj (.text:GPIOPinTypeGPIOInput)
                  00022822    00000012                       : gpio.obj (.text:GPIOPinTypeGPIOOutput)
                  00022834    00000012                       : gpio.obj (.text:GPIOPinTypePWM)
                  00022846    00000012                       : gpio.obj (.text:GPIOPinTypeSSI)
                  00022858    00000012                       : gpio.obj (.text:GPIOPinTypeUART)
                  0002286a    00000012     rtsv7M3_T_le_eabi.lib : copy_zero_init.obj (.text:decompress:ZI)
                  0002287c    00000012     lwiplib.obj (.text:dhcp_option_byte)
                  0002288e    00000012     lwiplib.obj (.text:netif_set_down)
                  000228a0    00000012     lwiplib.obj (.text:pbuf_clen)
                  000228b2    00000002     --HOLE-- [fill = 0]
                  000228b4    00000010     enet.obj (.text:EnetTick)
                  000228c4    00000010     driverlib-cm3.lib : systick.obj (.text:SysTickPeriodSet)
                  000228d4    00000010     lwiplib.obj (.text:autoip_stop)
                  000228e4    0000000e     rtsv7M3_T_le_eabi.lib : copy_decompress_none.obj (.text:decompress:none)
                  000228f2    0000000e     lwiplib.obj (.text:dhcp_set_state)
                  00022900    0000000e     lwiplib.obj (.text:pbuf_chain)
                  0002290e    00000002     --HOLE-- [fill = 0]
                  00022910    0000000c     audio.obj (.text:AudioVolumeGet)
                  0002291c    0000000c     driverlib-cm3.lib : cpu.obj (.text:CPUcpsid)
                  00022928    0000000c                       : cpu.obj (.text:CPUcpsie)
                  00022934    0000000c                       : ethernet.obj (.text:EthernetIntStatus)
                  00022940    0000000c     rit128x96x4.obj (.text:RIT128x96x4DisplayOff)
                  0002294c    0000000c     driverlib-cm3.lib : sysctl.obj (.text:SysCtlLDOSet)
                  00022958    0000000c     lwiplib.obj (.text:htons)
                  00022964    0000000c     lwiplib.obj (.text:inet_chksum)
                  00022970    0000000c     lwiplib.obj (.text:lwIPLocalIPAddrGet)
                  0002297c    0000000c     lwiplib.obj (.text:lwip_init)
                  00022988    0000000c     lwiplib.obj (.text:netif_set_default)
                  00022994    0000000c     lwiplib.obj (.text:netif_set_gw)
                  000229a0    0000000c     lwiplib.obj (.text:netif_set_netmask)
                  000229ac    0000000a     driverlib-cm3.lib : ethernet.obj (.text:EthernetIntDisable)
                  000229b6    0000000a                       : interrupt.obj (.text:IntMasterDisable)
                  000229c0    0000000a                       : interrupt.obj (.text:IntMasterEnable)
                  000229ca    0000000a                       : pwm.obj (.text:PWMGenDisable)
                  000229d4    0000000a                       : pwm.obj (.text:PWMGenEnable)
                  000229de    0000000a                       : ssi.obj (.text:SSIDataPut)
                  000229e8    0000000a                       : ssi.obj (.text:SSIDisable)
                  000229f2    0000000a                       : ssi.obj (.text:SSIEnable)
                  000229fc    0000000a                       : uart.obj (.text:UARTCharPut)
                  00022a06    0000000a     lwiplib.obj (.text:netif_is_up)
                  00022a10    0000000a     lwiplib.obj (.text:sys_arch_unprotect)
                  00022a1a    0000000a     lwiplib.obj (.text:tcp_poll)
                  00022a24    00000008     driverlib-cm3.lib : ethernet.obj (.text:EthernetIntEnable)
                  00022a2c    00000008                       : ssi.obj (.text:SSIBusy)
                  00022a34    00000008     lwiplib.obj (.text:icmp_dest_unreach)
                  00022a3c    00000006     driverlib-cm3.lib : gpio.obj (.text:GPIOPinRead)
                  00022a42    00000006                       : gpio.obj (.text:GPIOPinWrite)
                  00022a48    00000006     startup_ccs.obj (.text:ResetISR)
                  00022a4e    00000006     driverlib-cm3.lib : sysctl.obj (.text:SysCtlDelay)
                  00022a54    00000006     rtsv7M3_T_le_eabi.lib : copy_decompress_rle.obj (.text:decompress:rle24)
                  00022a5a    00000006     lwiplib.obj (.text:tcp_accept_null)
                  00022a60    00000006     lwiplib.obj (.text:tcp_err)
                  00022a66    00000006     lwiplib.obj (.text:tcp_new)
                  00022a6c    00000006     lwiplib.obj (.text:tcp_recv)
                  00022a72    00000006     lwiplib.obj (.text:tcp_sent)
                  00022a78    00000006     lwiplib.obj (.text:udp_recv)
                  00022a7e    00000004     driverlib-cm3.lib : ethernet.obj (.text:EthernetIntClear)
                  00022a82    00000004                       : pwm.obj (.text:PWMSyncUpdate)
                  00022a86    00000004     lwiplib.obj (.text:dhcp_get_option_byte)
                  00022a8a    00000004     fs_qs.obj (.text:fs_close)
                  00022a8e    00000004     lwiplib.obj (.text:tcp_accept)
                  00022a92    00000004     lwiplib.obj (.text:tcp_arg)

.cinit     0    00022a98    00000058     
                  00022a98    0000002d     (.cinit..data.load) [load image, compression = rle]
                  00022ac5    00000003     --HOLE-- [fill = 0]
                  00022ac8    0000000c     (__TI_handler_table)
                  00022ad4    00000004     --HOLE-- [fill = 0]
                  00022ad8    00000008     (.cinit..bss.load) [load image, compression = zero_init]
                  00022ae0    00000010     (__TI_cinit_table)

.bss       0    20000000    0000898d     UNINITIALIZED
                  20000000    00002ea4     game.obj (.bss:g_ppcMaze)
                  20002ea4    00002a58     lwiplib.obj (.bss:memp_memory)
                  200058fc    00001800     qs_ek-lm3s8962.obj (.bss:g_pucFrame)
                  200070fc    00001014     lwiplib.obj (.bss:ram_heap)
                  20008110    00000190     fs_qs.obj (.bss:g_pucMonsters)
                  200082a0    000000ea     lwiplib.obj (.bss:lwip_stats)
                  2000838a    00000002     (.common:g_usMusicCount)
                  2000838c    000000c8     lwiplib.obj (.bss:arp_table)
                  20008454    000000c8     game.obj (.bss:g_pusMonsterX)
                  2000851c    000000c8     game.obj (.bss:g_pusMonsterY)
                  200085e4    00000064     game.obj (.bss:g_pucMonsterCount)
                  20008648    00000060     lwiplib.obj (.bss:stellarisif_data)
                  200086a8    00000054     locator.obj (.bss:g_pucLocatorData)
                  200086fc    00000040     random.obj (.bss:g_pulRandomEntropy)
                  2000873c    00000038     lwiplib.obj (.bss:g_sNetIF)
                  20008774    0000002c     game.obj (.bss:g_pcLeft)
                  200087a0    0000002c     game.obj (.bss:g_pcRight)
                  200087cc    00000020     (.common:g_pucScreenLinesX1)
                  200087ec    00000020     (.common:g_pucScreenLinesX2)
                  2000880c    00000020     (.common:g_pucScreenLinesY1)
                  2000882c    00000020     (.common:g_pucScreenLinesY2)
                  2000884c    00000020     (.common:memp_tab)
                  2000886c    00000014     (.common:g_MsgObjectButton)
                  20008880    00000014     (.common:g_MsgObjectLED)
                  20008894    00000014     (.common:g_MsgObjectRx)
                  200088a8    00000014     (.common:g_MsgObjectTx)
                  200088bc    00000014     (.common:inseg)
                  200088d0    00000008     (.common:g_pucBuffer)
                  200088d8    00000008     (.common:g_pusBulletX)
                  200088e0    00000008     (.common:g_pusBulletY)
                  200088e8    00000008     (.common:g_pusExplosionX)
                  200088f0    00000008     (.common:g_pusExplosionY)
                  200088f8    00000004     (.common:ackno)
                  200088fc    00000004     (.common:current_header)
                  20008900    00000004     (.common:current_netif)
                  20008904    00000004     (.common:g_pucBulletDir)
                  20008908    00000004     (.common:g_pucButtonMsg)
                  2000890c    00000004     (.common:g_pucExplosionCount)
                  20008910    00000004     (.common:g_pucPlayer)
                  20008914    00000004     (.common:g_ulFlags)
                  20008918    00000004     (.common:g_ulGWAddr)
                  2000891c    00000004     (.common:g_ulIPAddr)
                  20008920    00000004     (.common:g_ulNetMask)
                  20008924    00000004     (.common:g_ulSSIFlags)
                  20008928    00000004     (.common:g_ulScore)
                  2000892c    00000004     (.common:g_ulSystemClock)
                  20008930    00000004     (.common:iphdr)
                  20008934    00000004     (.common:lfree)
                  20008938    00000004     (.common:netif_default)
                  2000893c    00000004     (.common:netif_list)
                  20008940    00000004     (.common:ram)
                  20008944    00000004     (.common:ram_end)
                  20008948    00000004     (.common:raw_pcbs)
                  2000894c    00000004     (.common:recv_data)
                  20008950    00000004     (.common:seqno)
                  20008954    00000004     (.common:tcp_active_pcbs)
                  20008958    00000004     (.common:tcp_bound_pcbs)
                  2000895c    00000004     (.common:tcp_input_pcb)
                  20008960    00000004     (.common:tcp_listen_pcbs)
                  20008964    00000004     (.common:tcp_ticks)
                  20008968    00000004     (.common:tcp_tmp_pcb)
                  2000896c    00000004     (.common:tcp_tw_pcbs)
                  20008970    00000004     (.common:tcphdr)
                  20008974    00000004     (.common:udp_pcbs)
                  20008978    00000002     (.common:g_usMusicLength)
                  2000897a    00000002     (.common:g_usPlayerX)
                  2000897c    00000002     (.common:g_usPlayerY)
                  2000897e    00000002     (.common:g_usSoundCount)
                  20008980    00000002     (.common:g_usSoundLength)
                  20008982    00000002     (.common:tcplen)
                  20008984    00000001     (.common:etharp_cached_entry)
                  20008985    00000001     (.common:flags)
                  20008986    00000001     (.common:g_cScreenDeltaX1)
                  20008987    00000001     (.common:g_cScreenDeltaX2)
                  20008988    00000001     (.common:g_cScreenDeltaY1)
                  20008989    00000001     (.common:g_cScreenDeltaY2)
                  2000898a    00000001     (.common:mem_sem)
                  2000898b    00000001     (.common:recv_flags)
                  2000898c    00000001     (.common:tcp_timer)

.stack     0    20008990    00000400     UNINITIALIZED
                  20008990    00000400     --HOLE--

.data      0    20008d90    0000006c     UNINITIALIZED
                  20008d90    0000002e     lwiplib.obj (.data)
                  20008dbe    00000002     game.obj (.data)
                  20008dc0    0000000c     audio.obj (.data)
                  20008dcc    00000009     qs_ek-lm3s8962.obj (.data)
                  20008dd5    00000001     enet.obj (.data)
                  20008dd6    00000002     --HOLE--
                  20008dd8    00000008     random.obj (.data)
                  20008de0    00000008     rtsv7M3_T_le_eabi.lib : _lock.obj (.data)
                  20008de8    00000008                           : exit.obj (.data)
                  20008df0    00000006     can_net.obj (.data)
                  20008df6    00000002     --HOLE--
                  20008df8    00000004     rtsv7M3_T_le_eabi.lib : stkdepth_vars.obj (.data)


LINKER GENERATED COPY TABLES

__TI_cinit_table @ 00022ae0 records: 2, size/record: 8, table size: 16
	.data: load addr=00022a98, load size=0000002d bytes, run addr=20008d90, run size=0000006c bytes, compression=rle
	.bss: load addr=00022ad8, load size=00000008 bytes, run addr=20000000, run size=0000898d bytes, compression=zero_init


LINKER GENERATED HANDLER TABLE

__TI_handler_table @ 00022ac8 records: 3, size/record: 4, table size: 12
	index: 0, handler: __TI_decompress_rle24
	index: 1, handler: __TI_decompress_none
	index: 2, handler: __TI_zero_init


GLOBAL SYMBOLS: SORTED ALPHABETICALLY BY Name 

address    name
--------   ----
0001e4d5   AudioHandler
00022521   AudioOff
00021c85   AudioOn
00021cb9   AudioPlaySong
00021ced   AudioPlaySound
00021419   AudioVolume
00021f59   AudioVolumeDown
00022911   AudioVolumeGet
00021f89   AudioVolumeUp
00021695   C$$EXIT
0001fc31   CANBitRateSet
00020d41   CANConfigure
0001fedd   CANConfigureNetwork
00022739   CANEnable
0001ee4d   CANHandler
000200dd   CANInit
000216d9   CANIntClear
000226b5   CANIntEnable
00021d21   CANIntStatus
000219a1   CANMessageClear
0001cc21   CANMessageGet
0001c66d   CANMessageSet
000202c3   CANStatusGet
000218e5   CANUpdateTargetLED
0002291d   CPUcpsid
00022929   CPUcpsie
00022971   EnetGetIPAddr
0001efb5   EnetInit
000228b5   EnetTick
00022175   EthernetConfigSet
000222fd   EthernetEnable
0002274d   EthernetInitExpClk
00022a7f   EthernetIntClear
000229ad   EthernetIntDisable
00022a25   EthernetIntEnable
00022935   EthernetIntStatus
00021d55   EthernetMACAddrGet
00021a91   EthernetMACAddrSet
000224a9   EthernetPHYRead
00021ac9   FlashUserGet
00021fb9   GPIODirModeSet
0001eb55   GPIOPadConfigSet
00022a3d   GPIOPinRead
000227ed   GPIOPinTypeCAN
000227ff   GPIOPinTypeEthernetLED
00022811   GPIOPinTypeGPIOInput
00022823   GPIOPinTypeGPIOOutput
00022835   GPIOPinTypePWM
00022847   GPIOPinTypeSSI
00022859   GPIOPinTypeUART
00022a43   GPIOPinWrite
000207d9   IntDisable
0002083d   IntEnable
000229b7   IntMasterDisable
000229c1   IntMasterEnable
00021d89   LocatorAppTitleSet
00021109   LocatorInit
000223a9   LocatorMACAddrSet
0001b7d9   MainScreen
000221f1   PWMGenConfigure
000229cb   PWMGenDisable
000229d5   PWMGenEnable
00022761   PWMGenPeriodSet
000226cb   PWMOutputInvert
000226e1   PWMOutputState
000224c7   PWMPulseWidthSet
00022a83   PWMSyncUpdate
00019945   PlayGame
00021461   RIT128x96x4Clear
00022941   RIT128x96x4DisplayOff
000222b5   RIT128x96x4DisplayOn
00020bc1   RIT128x96x4Enable
000208a1   RIT128x96x4ImageDraw
0001f46d   RIT128x96x4Init
00022559   RandomAddEntropy
00022575   RandomNumber
0001b5b1   RandomSeed
00022a49   ResetISR
UNDEFED    SHT$$INIT_ARRAY$$Base
UNDEFED    SHT$$INIT_ARRAY$$Limit
00022a2d   SSIBusy
000215c7   SSIConfigSetExpClk
000229df   SSIDataPut
000229e9   SSIDisable
000229f3   SSIEnable
00019e5d   ScreenSaver
0001c341   SysCtlClockGet
0001ceb1   SysCtlClockSet
00022a4f   SysCtlDelay
0002294d   SysCtlLDOSet
00022775   SysCtlPWMClockSet
00020f0d   SysCtlPeripheralEnable
0001fcbd   SysCtlPeripheralReset
00022789   SysTickEnable
0002279d   SysTickIntEnable
0001d919   SysTickIntHandler
000228c5   SysTickPeriodSet
000229fd   UARTCharPut
0002171b   UARTConfigSetExpClk
00022591   UARTDisable
000227b1   UARTEnable
20008d90   __STACK_END
00000400   __STACK_SIZE
20008d90   __STACK_TOP
00022ae0   __TI_CINIT_Base
00022af0   __TI_CINIT_Limit
00022ac8   __TI_Handler_Table_Base
00022ad4   __TI_Handler_Table_Limit
00000001   __TI_args_main
0001f955   __TI_auto_init
20008de8   __TI_cleanup_ptr
000228e5   __TI_decompress_none
00022a55   __TI_decompress_rle24
20008dec   __TI_dtors_ptr
00000000   __TI_static_base__
0002286b   __TI_zero_init
000201d1   __aeabi_memclr
000201d1   __aeabi_memclr4
000201d1   __aeabi_memclr8
0001f655   __aeabi_memcpy
0001f655   __aeabi_memcpy4
0001f655   __aeabi_memcpy8
000201d3   __aeabi_memset
000201d3   __aeabi_memset4
000201d3   __aeabi_memset8
000217e1   __aeabi_uidivmod
ffffffff   __binit__
ffffffff   __c_args__
20008990   __stack
00022685   _args_main
00021ec1   _c_int00
20008de0   _lock
000227d3   _nop
000227cb   _register_lock
000227c5   _register_unlock
20008de4   _unlock
00021699   abort
0001f275   autoip_arp_reply
00020771   autoip_start
000228d5   autoip_stop
0001e751   autoip_tmr
ffffffff   binit
00021651   copy_in
200088fc   current_header
20008900   current_netif
0002261d   dhcp_arp_reply
000219dd   dhcp_coarse_tmr
00021b39   dhcp_fine_tmr
0001f065   dhcp_release
0001fdcd   dhcp_renew
0001f31d   dhcp_start
0002179f   dhcp_stop
0001c969   etharp_arp_input
00022363   etharp_ip_input
0001e821   etharp_output
0001d259   etharp_query
0001e091   etharp_raw
0002206d   etharp_request
0002160d   etharp_tmr
0001917c   ethbroadcast
00020639   ethernet_input
00019182   ethzero
000216a1   exit
000187c0   file_404_html
000187d0   file_block_html
000187e0   file_family_html
000187f0   file_footer_html
00018800   file_header_html
00018810   file_images_awards08_jpg
00018820   file_images_chips_jpg
00018830   file_images_favicon_ico
00018840   file_images_fury_block_gif
00018850   file_images_no16bit_jpg
00018860   file_images_no8bit_jpg
00018870   file_images_noasm_jpg
00018880   file_images_nopin_jpg
00018890   file_images_ti_logo_gif
000188a0   file_index_html
000188b0   file_lmimaze_class
000188c0   file_qs_game_html
000188d0   file_side_html
000188e0   file_styles_css
000188f0   file_ti_html
00022a8b   fs_close
0001c4d9   fs_open
0001f825   fs_read
2000886c   g_MsgObjectButton
20008880   g_MsgObjectLED
20008894   g_MsgObjectRx
200088a8   g_MsgObjectTx
00000000   g_pfnVectors
20000000   g_ppcMaze
0001827f   g_ppucDigits
000115d4   g_ppucSprites
000191b8   g_psDefaultFilenames
000177ad   g_pucAcquiring
00015966   g_pucCodeComposer
00018e7c   g_pucDot
00018ee0   g_pucExplosion
200058fc   g_pucFrame
00018487   g_pucGameOver
00018e06   g_pucIP
00018ed6   g_pucMonster
00016912   g_pucPlay
000191e0   g_pucPlayerDying
00018e96   g_pucPlayerStandingDown
00018ebe   g_pucPlayerStandingLeft
00018eca   g_pucPlayerStandingRight
00018eae   g_pucPlayerStandingUp
00018ea4   g_pucPlayerWalkingDown
00018ec4   g_pucPlayerWalkingLeft
00018ed0   g_pucPlayerWalkingRight
00018eb4   g_pucPlayerWalkingUp
00018a2c   g_pucScore
00013e36   g_pucTILogo
00019018   g_pusEndOfGame
0001911c   g_pusEndOfMaze
000190e0   g_pusFireEffect
00018cda   g_pusIntro
00018b4a   g_pusMonsterEffect
20008454   g_pusMonsterX
2000851c   g_pusMonsterY
00018900   g_pusPlayerEffect
00019188   g_pusStartOfGame
00018c12   g_pusWallEffect
20008df4   g_ucLEDLevel
20008dd2   g_ucSwitches
20008914   g_ulFlags
20008928   g_ulScore
2000892c   g_ulSystemClock
2000897a   g_usPlayerX
2000897c   g_usPlayerY
00022637   htonl
00022959   htons
00022219   httpd_init
00022a35   icmp_dest_unreach
0001bdf1   icmp_input
00022965   inet_chksum
000213cd   inet_chksum_pbuf
0001f8bd   inet_chksum_pseudo
00019174   ip_addr_any
00019178   ip_addr_broadcast
00021e8d   ip_addr_isbroadcast
0001b9fd   ip_input
000214a9   ip_output
0001e171   ip_output_if
000211a9   ip_route
000220c5   lwIPEthernetIntHandler
0002100d   lwIPInit
00022971   lwIPLocalIPAddrGet
000225c9   lwIPTimer
0002297d   lwip_init
200082a0   lwip_stats
0001bfc9   main
20008df8   main_func_sp
00020905   mem_free
00020c21   mem_init
0001db15   mem_malloc
0001dc0d   mem_realloc
00022385   memcmp
0001f655   memcpy
00021a19   memp_free
000206a1   memp_init
00020969   memp_malloc
000201d9   memset
000211f9   netif_add
20008938   netif_default
00022a07   netif_is_up
2000893c   netif_list
000225e5   netif_set_addr
00022989   netif_set_default
0002288f   netif_set_down
00022995   netif_set_gw
000209cd   netif_set_ipaddr
000229a1   netif_set_netmask
00022429   netif_set_up
00022637   ntohl
00022959   ntohs
0001d805   pbuf_alloc
000222d9   pbuf_cat
00022901   pbuf_chain
000228a1   pbuf_clen
0001fba1   pbuf_copy
00020565   pbuf_copy_partial
000210b5   pbuf_free
00020b5d   pbuf_header
00021335   pbuf_realloc
00022723   pbuf_ref
00020709   raw_input
00021a55   stellarisif_init
00020339   stellarisif_interrupt
0002228f   strncmp
000229b7   sys_arch_protect
00022a11   sys_arch_unprotect
0001f511   tcp_abandon
00022a8f   tcp_accept
20008954   tcp_active_pcbs
0001ea89   tcp_alloc
00022a93   tcp_arg
00018d7c   tcp_backoff
0001e67d   tcp_bind
20008958   tcp_bound_pcbs
0001f1c5   tcp_close
00022449   tcp_eff_send_mss
0001a991   tcp_enqueue
00022a61   tcp_err
00020e55   tcp_fasttmr
0001a5f5   tcp_input
2000895c   tcp_input_pcb
00020a95   tcp_keepalive
20008960   tcp_listen_pcbs
0001fa7d   tcp_listen_with_backlog
00022a67   tcp_new
0002269d   tcp_next_iss
0001c191   tcp_output
00021823   tcp_pcb_purge
00020c81   tcp_pcb_remove
00018d89   tcp_persist_backoff
00022a1b   tcp_poll
00022a6d   tcp_recv
00022469   tcp_recv_null
00021c17   tcp_recved
000214f1   tcp_rexmit
00021299   tcp_rexmit_fast
000220f1   tcp_rexmit_rto
0001ed95   tcp_rst
00022241   tcp_seg_copy
00022503   tcp_seg_free
00022651   tcp_segs_free
000227d9   tcp_send_ctrl
000205cf   tcp_send_empty_ack
00022a73   tcp_sent
0001b0ad   tcp_slowtmr
20008964   tcp_ticks
20008968   tcp_tmp_pcb
00022489   tcp_tmr
2000896c   tcp_tw_pcbs
00021f27   tcp_update_rcv_ann_wnd
0002211d   tcp_write
0001ef01   tcp_zero_window_probe
00020eb1   udp_bind
00021539   udp_connect
0001bc05   udp_input
00022601   udp_new
20008974   udp_pcbs
00022a79   udp_recv
00022149   udp_remove
00021ba9   udp_sendto
0001dde9   udp_sendto_if


GLOBAL SYMBOLS: SORTED BY Symbol Address 

address    name
--------   ----
00000000   __TI_static_base__
00000000   g_pfnVectors
00000001   __TI_args_main
00000400   __STACK_SIZE
000115d4   g_ppucSprites
00013e36   g_pucTILogo
00015966   g_pucCodeComposer
00016912   g_pucPlay
000177ad   g_pucAcquiring
0001827f   g_ppucDigits
00018487   g_pucGameOver
000187c0   file_404_html
000187d0   file_block_html
000187e0   file_family_html
000187f0   file_footer_html
00018800   file_header_html
00018810   file_images_awards08_jpg
00018820   file_images_chips_jpg
00018830   file_images_favicon_ico
00018840   file_images_fury_block_gif
00018850   file_images_no16bit_jpg
00018860   file_images_no8bit_jpg
00018870   file_images_noasm_jpg
00018880   file_images_nopin_jpg
00018890   file_images_ti_logo_gif
000188a0   file_index_html
000188b0   file_lmimaze_class
000188c0   file_qs_game_html
000188d0   file_side_html
000188e0   file_styles_css
000188f0   file_ti_html
00018900   g_pusPlayerEffect
00018a2c   g_pucScore
00018b4a   g_pusMonsterEffect
00018c12   g_pusWallEffect
00018cda   g_pusIntro
00018d7c   tcp_backoff
00018d89   tcp_persist_backoff
00018e06   g_pucIP
00018e7c   g_pucDot
00018e96   g_pucPlayerStandingDown
00018ea4   g_pucPlayerWalkingDown
00018eae   g_pucPlayerStandingUp
00018eb4   g_pucPlayerWalkingUp
00018ebe   g_pucPlayerStandingLeft
00018ec4   g_pucPlayerWalkingLeft
00018eca   g_pucPlayerStandingRight
00018ed0   g_pucPlayerWalkingRight
00018ed6   g_pucMonster
00018ee0   g_pucExplosion
00019018   g_pusEndOfGame
000190e0   g_pusFireEffect
0001911c   g_pusEndOfMaze
00019174   ip_addr_any
00019178   ip_addr_broadcast
0001917c   ethbroadcast
00019182   ethzero
00019188   g_pusStartOfGame
000191b8   g_psDefaultFilenames
000191e0   g_pucPlayerDying
00019945   PlayGame
00019e5d   ScreenSaver
0001a5f5   tcp_input
0001a991   tcp_enqueue
0001b0ad   tcp_slowtmr
0001b5b1   RandomSeed
0001b7d9   MainScreen
0001b9fd   ip_input
0001bc05   udp_input
0001bdf1   icmp_input
0001bfc9   main
0001c191   tcp_output
0001c341   SysCtlClockGet
0001c4d9   fs_open
0001c66d   CANMessageSet
0001c969   etharp_arp_input
0001cc21   CANMessageGet
0001ceb1   SysCtlClockSet
0001d259   etharp_query
0001d805   pbuf_alloc
0001d919   SysTickIntHandler
0001db15   mem_malloc
0001dc0d   mem_realloc
0001dde9   udp_sendto_if
0001e091   etharp_raw
0001e171   ip_output_if
0001e4d5   AudioHandler
0001e67d   tcp_bind
0001e751   autoip_tmr
0001e821   etharp_output
0001ea89   tcp_alloc
0001eb55   GPIOPadConfigSet
0001ed95   tcp_rst
0001ee4d   CANHandler
0001ef01   tcp_zero_window_probe
0001efb5   EnetInit
0001f065   dhcp_release
0001f1c5   tcp_close
0001f275   autoip_arp_reply
0001f31d   dhcp_start
0001f46d   RIT128x96x4Init
0001f511   tcp_abandon
0001f655   __aeabi_memcpy
0001f655   __aeabi_memcpy4
0001f655   __aeabi_memcpy8
0001f655   memcpy
0001f825   fs_read
0001f8bd   inet_chksum_pseudo
0001f955   __TI_auto_init
0001fa7d   tcp_listen_with_backlog
0001fba1   pbuf_copy
0001fc31   CANBitRateSet
0001fcbd   SysCtlPeripheralReset
0001fdcd   dhcp_renew
0001fedd   CANConfigureNetwork
000200dd   CANInit
000201d1   __aeabi_memclr
000201d1   __aeabi_memclr4
000201d1   __aeabi_memclr8
000201d3   __aeabi_memset
000201d3   __aeabi_memset4
000201d3   __aeabi_memset8
000201d9   memset
000202c3   CANStatusGet
00020339   stellarisif_interrupt
00020565   pbuf_copy_partial
000205cf   tcp_send_empty_ack
00020639   ethernet_input
000206a1   memp_init
00020709   raw_input
00020771   autoip_start
000207d9   IntDisable
0002083d   IntEnable
000208a1   RIT128x96x4ImageDraw
00020905   mem_free
00020969   memp_malloc
000209cd   netif_set_ipaddr
00020a95   tcp_keepalive
00020b5d   pbuf_header
00020bc1   RIT128x96x4Enable
00020c21   mem_init
00020c81   tcp_pcb_remove
00020d41   CANConfigure
00020e55   tcp_fasttmr
00020eb1   udp_bind
00020f0d   SysCtlPeripheralEnable
0002100d   lwIPInit
000210b5   pbuf_free
00021109   LocatorInit
000211a9   ip_route
000211f9   netif_add
00021299   tcp_rexmit_fast
00021335   pbuf_realloc
000213cd   inet_chksum_pbuf
00021419   AudioVolume
00021461   RIT128x96x4Clear
000214a9   ip_output
000214f1   tcp_rexmit
00021539   udp_connect
000215c7   SSIConfigSetExpClk
0002160d   etharp_tmr
00021651   copy_in
00021695   C$$EXIT
00021699   abort
000216a1   exit
000216d9   CANIntClear
0002171b   UARTConfigSetExpClk
0002179f   dhcp_stop
000217e1   __aeabi_uidivmod
00021823   tcp_pcb_purge
000218e5   CANUpdateTargetLED
000219a1   CANMessageClear
000219dd   dhcp_coarse_tmr
00021a19   memp_free
00021a55   stellarisif_init
00021a91   EthernetMACAddrSet
00021ac9   FlashUserGet
00021b39   dhcp_fine_tmr
00021ba9   udp_sendto
00021c17   tcp_recved
00021c85   AudioOn
00021cb9   AudioPlaySong
00021ced   AudioPlaySound
00021d21   CANIntStatus
00021d55   EthernetMACAddrGet
00021d89   LocatorAppTitleSet
00021e8d   ip_addr_isbroadcast
00021ec1   _c_int00
00021f27   tcp_update_rcv_ann_wnd
00021f59   AudioVolumeDown
00021f89   AudioVolumeUp
00021fb9   GPIODirModeSet
0002206d   etharp_request
000220c5   lwIPEthernetIntHandler
000220f1   tcp_rexmit_rto
0002211d   tcp_write
00022149   udp_remove
00022175   EthernetConfigSet
000221f1   PWMGenConfigure
00022219   httpd_init
00022241   tcp_seg_copy
0002228f   strncmp
000222b5   RIT128x96x4DisplayOn
000222d9   pbuf_cat
000222fd   EthernetEnable
00022363   etharp_ip_input
00022385   memcmp
000223a9   LocatorMACAddrSet
00022429   netif_set_up
00022449   tcp_eff_send_mss
00022469   tcp_recv_null
00022489   tcp_tmr
000224a9   EthernetPHYRead
000224c7   PWMPulseWidthSet
00022503   tcp_seg_free
00022521   AudioOff
00022559   RandomAddEntropy
00022575   RandomNumber
00022591   UARTDisable
000225c9   lwIPTimer
000225e5   netif_set_addr
00022601   udp_new
0002261d   dhcp_arp_reply
00022637   htonl
00022637   ntohl
00022651   tcp_segs_free
00022685   _args_main
0002269d   tcp_next_iss
000226b5   CANIntEnable
000226cb   PWMOutputInvert
000226e1   PWMOutputState
00022723   pbuf_ref
00022739   CANEnable
0002274d   EthernetInitExpClk
00022761   PWMGenPeriodSet
00022775   SysCtlPWMClockSet
00022789   SysTickEnable
0002279d   SysTickIntEnable
000227b1   UARTEnable
000227c5   _register_unlock
000227cb   _register_lock
000227d3   _nop
000227d9   tcp_send_ctrl
000227ed   GPIOPinTypeCAN
000227ff   GPIOPinTypeEthernetLED
00022811   GPIOPinTypeGPIOInput
00022823   GPIOPinTypeGPIOOutput
00022835   GPIOPinTypePWM
00022847   GPIOPinTypeSSI
00022859   GPIOPinTypeUART
0002286b   __TI_zero_init
0002288f   netif_set_down
000228a1   pbuf_clen
000228b5   EnetTick
000228c5   SysTickPeriodSet
000228d5   autoip_stop
000228e5   __TI_decompress_none
00022901   pbuf_chain
00022911   AudioVolumeGet
0002291d   CPUcpsid
00022929   CPUcpsie
00022935   EthernetIntStatus
00022941   RIT128x96x4DisplayOff
0002294d   SysCtlLDOSet
00022959   htons
00022959   ntohs
00022965   inet_chksum
00022971   EnetGetIPAddr
00022971   lwIPLocalIPAddrGet
0002297d   lwip_init
00022989   netif_set_default
00022995   netif_set_gw
000229a1   netif_set_netmask
000229ad   EthernetIntDisable
000229b7   IntMasterDisable
000229b7   sys_arch_protect
000229c1   IntMasterEnable
000229cb   PWMGenDisable
000229d5   PWMGenEnable
000229df   SSIDataPut
000229e9   SSIDisable
000229f3   SSIEnable
000229fd   UARTCharPut
00022a07   netif_is_up
00022a11   sys_arch_unprotect
00022a1b   tcp_poll
00022a25   EthernetIntEnable
00022a2d   SSIBusy
00022a35   icmp_dest_unreach
00022a3d   GPIOPinRead
00022a43   GPIOPinWrite
00022a49   ResetISR
00022a4f   SysCtlDelay
00022a55   __TI_decompress_rle24
00022a61   tcp_err
00022a67   tcp_new
00022a6d   tcp_recv
00022a73   tcp_sent
00022a79   udp_recv
00022a7f   EthernetIntClear
00022a83   PWMSyncUpdate
00022a8b   fs_close
00022a8f   tcp_accept
00022a93   tcp_arg
00022ac8   __TI_Handler_Table_Base
00022ad4   __TI_Handler_Table_Limit
00022ae0   __TI_CINIT_Base
00022af0   __TI_CINIT_Limit
20000000   g_ppcMaze
200058fc   g_pucFrame
200082a0   lwip_stats
20008454   g_pusMonsterX
2000851c   g_pusMonsterY
2000886c   g_MsgObjectButton
20008880   g_MsgObjectLED
20008894   g_MsgObjectRx
200088a8   g_MsgObjectTx
200088fc   current_header
20008900   current_netif
20008914   g_ulFlags
20008928   g_ulScore
2000892c   g_ulSystemClock
20008938   netif_default
2000893c   netif_list
20008954   tcp_active_pcbs
20008958   tcp_bound_pcbs
2000895c   tcp_input_pcb
20008960   tcp_listen_pcbs
20008964   tcp_ticks
20008968   tcp_tmp_pcb
2000896c   tcp_tw_pcbs
20008974   udp_pcbs
2000897a   g_usPlayerX
2000897c   g_usPlayerY
20008990   __stack
20008d90   __STACK_END
20008d90   __STACK_TOP
20008dd2   g_ucSwitches
20008de0   _lock
20008de4   _unlock
20008de8   __TI_cleanup_ptr
20008dec   __TI_dtors_ptr
20008df4   g_ucLEDLevel
20008df8   main_func_sp
ffffffff   __binit__
ffffffff   __c_args__
ffffffff   binit
UNDEFED    SHT$$INIT_ARRAY$$Base
UNDEFED    SHT$$INIT_ARRAY$$Limit

[349 symbols]
