******************************************************************************
                  TI ARM Linker PC v5.1.8                      
******************************************************************************
>> Linked Tue Dec 02 13:22:54 2014

OUTPUT FILE NAME:   <timers.out>
ENTRY POINT SYMBOL: "_c_int00"  address: 00000bf5


MEMORY CONFIGURATION

         name            origin    length      used     unused   attr    fill
----------------------  --------  ---------  --------  --------  ----  --------
  FLASH                 00000000   00040000  00001114  0003eeec  R  X
  SRAM                  20000000   00010000  00000124  0000fedc  RW X


SEGMENT ALLOCATION MAP

run origin  load origin   length   init length attrs members
----------  ----------- ---------- ----------- ----- -------
00000000    00000000    00001118   00001118    r-x
  00000000    00000000    000000f0   000000f0    r-- .intvecs
  000000f0    000000f0    00000c94   00000c94    r-x .text
  00000d84    00000d84    00000358   00000358    r-- .const
  000010e0    000010e0    00000038   00000038    r-- .cinit
20000000    20000000    00000124   00000000    rw-
  20000000    20000000    00000100   00000000    rw- .stack
  20000100    20000100    00000014   00000000    rw- .data
  20000114    20000114    00000010   00000000    rw- .bss


SECTION ALLOCATION MAP

 output                                  attributes/
section   page    origin      length       input sections
--------  ----  ----------  ----------   ----------------
.intvecs   0    00000000    000000f0     
                  00000000    000000f0     startup_ccs.obj (.intvecs)

.init_array 
*          0    00000000    00000000     UNINITIALIZED

.text      0    000000f0    00000c94     
                  000000f0    00000198     driverlib-cm3.lib : sysctl.obj (.text:SysCtlClockGet)
                  00000288    00000144                       : sysctl.obj (.text:SysCtlClockSet)
                  000003cc    000000d4     rit128x96x4.obj (.text:RIT128x96x4StringDraw)
                  000004a0    000000cc     timers.obj (.text:main)
                  0000056c    000000c8     driverlib-cm3.lib : gpio.obj (.text:GPIOPadConfigSet)
                  00000634    000000a4     rit128x96x4.obj (.text:RIT128x96x4Init)
                  000006d8    0000009c     rtsv7M3_T_le_eabi.lib : memcpy_t2.obj (.text)
                  00000774    00000094                           : auto_init.obj (.text)
                  00000808    00000064     driverlib-cm3.lib : interrupt.obj (.text:IntEnable)
                  0000086c    00000060     rit128x96x4.obj (.text:RIT128x96x4Enable)
                  000008cc    0000005e     rtsv7M3_T_le_eabi.lib : copy_decompress_rle.obj (.text)
                  0000092a    00000002     startup_ccs.obj (.text:FaultISR)
                  0000092c    0000005c     rit128x96x4.obj (.text:RITWriteCommand)
                  00000988    0000005c     rit128x96x4.obj (.text:RITWriteData)
                  000009e4    00000058     driverlib-cm3.lib : sysctl.obj (.text:SysCtlPeripheralEnable)
                  00000a3c    00000054     timers.obj (.text:Timer1IntHandler)
                  00000a90    00000050     timers.obj (.text:Timer0IntHandler)
                  00000ae0    00000048     rit128x96x4.obj (.text:RIT128x96x4Clear)
                  00000b28    00000044     driverlib-cm3.lib : ssi.obj (.text:SSIConfigSetExpClk)
                  00000b6c    00000044     rtsv7M3_T_le_eabi.lib : cpy_tbl.obj (.text)
                  00000bb0    00000044                           : exit.obj (.text)
                  00000bf4    00000034                           : boot.obj (.text)
                  00000c28    0000002e     driverlib-cm3.lib : gpio.obj (.text:GPIODirModeSet)
                  00000c56    00000002     startup_ccs.obj (.text:IntDefaultHandler)
                  00000c58    00000024     driverlib-cm3.lib : timer.obj (.text:TimerConfigure)
                  00000c7c    00000018     rtsv7M3_T_le_eabi.lib : args_main.obj (.text)
                  00000c94    00000014                           : _lock.obj (.text)
                  00000ca8    00000012     driverlib-cm3.lib : gpio.obj (.text:GPIOPinTypeGPIOOutput)
                  00000cba    00000012                       : gpio.obj (.text:GPIOPinTypeSSI)
                  00000ccc    00000012                       : timer.obj (.text:TimerLoadSet)
                  00000cde    00000012     rtsv7M3_T_le_eabi.lib : copy_zero_init.obj (.text:decompress:ZI)
                  00000cf0    0000000e     driverlib-cm3.lib : timer.obj (.text:TimerEnable)
                  00000cfe    0000000e     rtsv7M3_T_le_eabi.lib : copy_decompress_none.obj (.text:decompress:none)
                  00000d0c    0000000c     driverlib-cm3.lib : cpu.obj (.text:CPUcpsid)
                  00000d18    0000000c                       : cpu.obj (.text:CPUcpsie)
                  00000d24    0000000a                       : interrupt.obj (.text:IntMasterDisable)
                  00000d2e    0000000a                       : interrupt.obj (.text:IntMasterEnable)
                  00000d38    0000000a                       : ssi.obj (.text:SSIDataPut)
                  00000d42    0000000a                       : ssi.obj (.text:SSIDisable)
                  00000d4c    0000000a                       : ssi.obj (.text:SSIEnable)
                  00000d56    00000008                       : ssi.obj (.text:SSIBusy)
                  00000d5e    00000008                       : timer.obj (.text:TimerIntEnable)
                  00000d66    00000006                       : gpio.obj (.text:GPIOPinWrite)
                  00000d6c    00000006     startup_ccs.obj (.text:ResetISR)
                  00000d72    00000006     driverlib-cm3.lib : sysctl.obj (.text:SysCtlDelay)
                  00000d78    00000006     rtsv7M3_T_le_eabi.lib : copy_decompress_rle.obj (.text:decompress:rle24)
                  00000d7e    00000004     driverlib-cm3.lib : timer.obj (.text:TimerIntClear)
                  00000d82    00000002     startup_ccs.obj (.text:NmiSR)

.const     0    00000d84    00000358     
                  00000d84    000001e0     rit128x96x4.obj (.const:g_pucFont)
                  00000f64    00000070     driverlib-cm3.lib : interrupt.obj (.const)
                  00000fd4    0000006c                       : sysctl.obj (.const:g_pulXtals)
                  00001040    0000004f     rit128x96x4.obj (.const:.string:g_pucRIT128x96x4Init)
                  0000108f    00000001     --HOLE-- [fill = 0]
                  00001090    00000040     driverlib-cm3.lib : sysctl.obj (.const)
                  000010d0    0000000c     rit128x96x4.obj (.const:.string)

.cinit     0    000010e0    00000038     
                  000010e0    0000000f     (.cinit..data.load) [load image, compression = rle]
                  000010ef    00000001     --HOLE-- [fill = 0]
                  000010f0    0000000c     (__TI_handler_table)
                  000010fc    00000004     --HOLE-- [fill = 0]
                  00001100    00000008     (.cinit..bss.load) [load image, compression = zero_init]
                  00001108    00000010     (__TI_cinit_table)

.stack     0    20000000    00000100     UNINITIALIZED
                  20000000    00000100     --HOLE--

.data      0    20000100    00000014     UNINITIALIZED
                  20000100    00000008     rtsv7M3_T_le_eabi.lib : _lock.obj (.data)
                  20000108    00000008                           : exit.obj (.data)
                  20000110    00000004                           : stkdepth_vars.obj (.data)

.bss       0    20000114    00000010     UNINITIALIZED
                  20000114    00000008     (.common:g_pucBuffer)
                  2000011c    00000004     (.common:g_ulFlags)
                  20000120    00000004     (.common:g_ulSSIFlags)


LINKER GENERATED COPY TABLES

__TI_cinit_table @ 00001108 records: 2, size/record: 8, table size: 16
	.data: load addr=000010e0, load size=0000000f bytes, run addr=20000100, run size=00000014 bytes, compression=rle
	.bss: load addr=00001100, load size=00000008 bytes, run addr=20000114, run size=00000010 bytes, compression=zero_init


LINKER GENERATED HANDLER TABLE

__TI_handler_table @ 000010f0 records: 3, size/record: 4, table size: 12
	index: 0, handler: __TI_decompress_rle24
	index: 1, handler: __TI_decompress_none
	index: 2, handler: __TI_zero_init


GLOBAL SYMBOLS: SORTED ALPHABETICALLY BY Name 

address    name
--------   ----
00000bb1   C$$EXIT
00000d0d   CPUcpsid
00000d19   CPUcpsie
00000c29   GPIODirModeSet
0000056d   GPIOPadConfigSet
00000ca9   GPIOPinTypeGPIOOutput
00000cbb   GPIOPinTypeSSI
00000d67   GPIOPinWrite
00000809   IntEnable
00000d25   IntMasterDisable
00000d2f   IntMasterEnable
00000ae1   RIT128x96x4Clear
0000086d   RIT128x96x4Enable
00000635   RIT128x96x4Init
000003cd   RIT128x96x4StringDraw
00000d6d   ResetISR
UNDEFED    SHT$$INIT_ARRAY$$Base
UNDEFED    SHT$$INIT_ARRAY$$Limit
00000d57   SSIBusy
00000b29   SSIConfigSetExpClk
00000d39   SSIDataPut
00000d43   SSIDisable
00000d4d   SSIEnable
000000f1   SysCtlClockGet
00000289   SysCtlClockSet
00000d73   SysCtlDelay
000009e5   SysCtlPeripheralEnable
00000a91   Timer0IntHandler
00000a3d   Timer1IntHandler
00000c59   TimerConfigure
00000cf1   TimerEnable
00000d7f   TimerIntClear
00000d5f   TimerIntEnable
00000ccd   TimerLoadSet
20000100   __STACK_END
00000100   __STACK_SIZE
20000100   __STACK_TOP
00001108   __TI_CINIT_Base
00001118   __TI_CINIT_Limit
000010f0   __TI_Handler_Table_Base
000010fc   __TI_Handler_Table_Limit
00000001   __TI_args_main
00000775   __TI_auto_init
20000108   __TI_cleanup_ptr
00000cff   __TI_decompress_none
00000d79   __TI_decompress_rle24
2000010c   __TI_dtors_ptr
00000000   __TI_static_base__
00000cdf   __TI_zero_init
000006d9   __aeabi_memcpy
000006d9   __aeabi_memcpy4
000006d9   __aeabi_memcpy8
ffffffff   __binit__
ffffffff   __c_args__
20000000   __stack
00000c7d   _args_main
00000bf5   _c_int00
20000100   _lock
00000ca3   _nop
00000c9b   _register_lock
00000c95   _register_unlock
20000104   _unlock
00000bb5   abort
ffffffff   binit
00000b6d   copy_in
00000bbd   exit
00000000   g_pfnVectors
2000011c   g_ulFlags
000004a1   main
20000110   main_func_sp
000006d9   memcpy


GLOBAL SYMBOLS: SORTED BY Symbol Address 

address    name
--------   ----
00000000   __TI_static_base__
00000000   g_pfnVectors
00000001   __TI_args_main
000000f1   SysCtlClockGet
00000100   __STACK_SIZE
00000289   SysCtlClockSet
000003cd   RIT128x96x4StringDraw
000004a1   main
0000056d   GPIOPadConfigSet
00000635   RIT128x96x4Init
000006d9   __aeabi_memcpy
000006d9   __aeabi_memcpy4
000006d9   __aeabi_memcpy8
000006d9   memcpy
00000775   __TI_auto_init
00000809   IntEnable
0000086d   RIT128x96x4Enable
000009e5   SysCtlPeripheralEnable
00000a3d   Timer1IntHandler
00000a91   Timer0IntHandler
00000ae1   RIT128x96x4Clear
00000b29   SSIConfigSetExpClk
00000b6d   copy_in
00000bb1   C$$EXIT
00000bb5   abort
00000bbd   exit
00000bf5   _c_int00
00000c29   GPIODirModeSet
00000c59   TimerConfigure
00000c7d   _args_main
00000c95   _register_unlock
00000c9b   _register_lock
00000ca3   _nop
00000ca9   GPIOPinTypeGPIOOutput
00000cbb   GPIOPinTypeSSI
00000ccd   TimerLoadSet
00000cdf   __TI_zero_init
00000cf1   TimerEnable
00000cff   __TI_decompress_none
00000d0d   CPUcpsid
00000d19   CPUcpsie
00000d25   IntMasterDisable
00000d2f   IntMasterEnable
00000d39   SSIDataPut
00000d43   SSIDisable
00000d4d   SSIEnable
00000d57   SSIBusy
00000d5f   TimerIntEnable
00000d67   GPIOPinWrite
00000d6d   ResetISR
00000d73   SysCtlDelay
00000d79   __TI_decompress_rle24
00000d7f   TimerIntClear
000010f0   __TI_Handler_Table_Base
000010fc   __TI_Handler_Table_Limit
00001108   __TI_CINIT_Base
00001118   __TI_CINIT_Limit
20000000   __stack
20000100   __STACK_END
20000100   __STACK_TOP
20000100   _lock
20000104   _unlock
20000108   __TI_cleanup_ptr
2000010c   __TI_dtors_ptr
20000110   main_func_sp
2000011c   g_ulFlags
ffffffff   __binit__
ffffffff   __c_args__
ffffffff   binit
UNDEFED    SHT$$INIT_ARRAY$$Base
UNDEFED    SHT$$INIT_ARRAY$$Limit

[71 symbols]
