******************************************************************************
                  TI ARM Linker PC v5.1.8                      
******************************************************************************
>> Linked Tue Dec 16 15:29:15 2014

OUTPUT FILE NAME:   <ece3849b14_lab3_hfloreshuerta_ardymek.out>
ENTRY POINT SYMBOL: "_c_int00"  address: 00001325


MEMORY CONFIGURATION

         name            origin    length      used     unused   attr    fill
----------------------  --------  ---------  --------  --------  ----  --------
  FLASH                 00000000   00010000  0000178c  0000e874  R  X
  SRAM                  20000000   00004000  00000258  00003da8  RW X


SEGMENT ALLOCATION MAP

run origin  load origin   length   init length attrs members
----------  ----------- ---------- ----------- ----- -------
00000000    00000000    00001790   00001790    r-x
  00000000    00000000    000000f0   000000f0    r-- .intvecs
  000000f0    000000f0    0000148c   0000148c    r-x .text
  0000157c    0000157c    000001d8   000001d8    r-- .const
  00001758    00001758    00000038   00000038    r-- .cinit
20000000    20000000    00000258   00000000    rw-
  20000000    20000000    00000200   00000000    rw- .stack
  20000200    20000200    00000030   00000000    rw- .bss
  20000230    20000230    00000028   00000000    rw- .data


SECTION ALLOCATION MAP

 output                                  attributes/
section   page    origin      length       input sections
--------  ----  ----------  ----------   ----------------
.intvecs   0    00000000    000000f0     
                  00000000    000000f0     lm3s2110_startup_ccs.obj (.intvecs)

.init_array 
*          0    00000000    00000000     UNINITIALIZED

.text      0    000000f0    0000148c     
                  000000f0    00000258     main.obj (.text)
                  00000348    00000198     driverlib-cm3.lib : sysctl.obj (.text:SysCtlClockGet)
                  000004e0    00000190                       : can.obj (.text:CANMessageSet)
                  00000670    00000148                       : can.obj (.text:CANMessageGet)
                  000007b8    00000144                       : sysctl.obj (.text:SysCtlClockSet)
                  000008fc    00000136     rtsv7M3_T_le_eabi.lib : fd_div_t2.obj (.text)
                  00000a32    00000002     --HOLE-- [fill = 0]
                  00000a34    00000134     network.obj (.text)
                  00000b68    000000fc     rtsv7M3_T_le_eabi.lib : fd_mul_t2.obj (.text)
                  00000c64    000000c8     driverlib-cm3.lib : gpio.obj (.text:GPIOPadConfigSet)
                  00000d2c    0000009c     rtsv7M3_T_le_eabi.lib : memcpy_t2.obj (.text)
                  00000dc8    00000094                           : auto_init.obj (.text)
                  00000e5c    0000008c     driverlib-cm3.lib : can.obj (.text:CANBitRateSet)
                  00000ee8    0000007a                       : can.obj (.text:CANInit)
                  00000f62    00000076                       : can.obj (.text:CANStatusGet)
                  00000fd8    00000064                       : interrupt.obj (.text:IntDisable)
                  0000103c    00000064                       : interrupt.obj (.text:IntEnable)
                  000010a0    0000005e     rtsv7M3_T_le_eabi.lib : copy_decompress_rle.obj (.text)
                  000010fe    00000002     --HOLE-- [fill = 0]
                  00001100    00000058     driverlib-cm3.lib : sysctl.obj (.text:SysCtlPeripheralEnable)
                  00001158    0000004c                       : can.obj (.text:CANRegRead)
                  000011a4    00000044     rtsv7M3_T_le_eabi.lib : cpy_tbl.obj (.text)
                  000011e8    00000044                           : exit.obj (.text)
                  0000122c    00000044                           : fd_tou_t2.obj (.text)
                  00001270    00000042     driverlib-cm3.lib : can.obj (.text:CANIntClear)
                  000012b2    0000003c                       : can.obj (.text:CANDataRegRead)
                  000012ee    00000034                       : can.obj (.text:CANIntStatus)
                  00001322    00000002     --HOLE-- [fill = 0]
                  00001324    00000034     rtsv7M3_T_le_eabi.lib : boot.obj (.text)
                  00001358    0000002e     driverlib-cm3.lib : gpio.obj (.text:GPIODirModeSet)
                  00001386    0000002c                       : can.obj (.text:CANDataRegWrite)
                  000013b2    00000002     --HOLE-- [fill = 0]
                  000013b4    00000028                       : can.obj (.text:CANIntNumberGet)
                  000013dc    00000024                       : interrupt.obj (.text:IntPrioritySet)
                  00001400    00000024                       : timer.obj (.text:TimerConfigure)
                  00001424    00000020     rtsv7M3_T_le_eabi.lib : u_tofd_t2.obj (.text)
                  00001444    0000001c     driverlib-cm3.lib : can.obj (.text:CANRegWrite)
                  00001460    00000018     rtsv7M3_T_le_eabi.lib : args_main.obj (.text)
                  00001478    00000016     driverlib-cm3.lib : can.obj (.text:CANIntEnable)
                  0000148e    00000014                       : can.obj (.text:CANEnable)
                  000014a2    00000002     --HOLE-- [fill = 0]
                  000014a4    00000014                       : timer.obj (.text:TimerDisable)
                  000014b8    00000014     rtsv7M3_T_le_eabi.lib : _lock.obj (.text)
                  000014cc    00000012     driverlib-cm3.lib : gpio.obj (.text:GPIOPinTypeCAN)
                  000014de    00000012                       : timer.obj (.text:TimerControlEvent)
                  000014f0    00000012                       : timer.obj (.text:TimerLoadSet)
                  00001502    00000012                       : timer.obj (.text:TimerPrescaleSet)
                  00001514    00000012     rtsv7M3_T_le_eabi.lib : copy_zero_init.obj (.text:decompress:ZI)
                  00001526    0000000e     driverlib-cm3.lib : timer.obj (.text:TimerEnable)
                  00001534    0000000e     rtsv7M3_T_le_eabi.lib : copy_decompress_none.obj (.text:decompress:none)
                  00001542    00000002     --HOLE-- [fill = 0]
                  00001544    0000000c     driverlib-cm3.lib : sysctl.obj (.text:SysCtlLDOSet)
                  00001550    0000000c     lm3s2110_startup_ccs.obj (.text)
                  0000155c    00000008     driverlib-cm3.lib : comp.obj (.text:ComparatorConfigure)
                  00001564    00000008                       : timer.obj (.text:TimerIntEnable)
                  0000156c    00000006                       : sysctl.obj (.text:SysCtlDelay)
                  00001572    00000006     rtsv7M3_T_le_eabi.lib : copy_decompress_rle.obj (.text:decompress:rle24)
                  00001578    00000004     driverlib-cm3.lib : comp.obj (.text:ComparatorRefSet)

.const     0    0000157c    000001d8     
                  0000157c    0000009c     driverlib-cm3.lib : interrupt.obj (.const:g_pulRegs)
                  00001618    00000070                       : interrupt.obj (.const)
                  00001688    0000006c                       : sysctl.obj (.const:g_pulXtals)
                  000016f4    00000040                       : sysctl.obj (.const)
                  00001734    00000020                       : can.obj (.const)

.cinit     0    00001758    00000038     
                  00001758    00000012     (.cinit..data.load) [load image, compression = rle]
                  0000176a    00000002     --HOLE-- [fill = 0]
                  0000176c    0000000c     (__TI_handler_table)
                  00001778    00000008     (.cinit..bss.load) [load image, compression = zero_init]
                  00001780    00000010     (__TI_cinit_table)

.stack     0    20000000    00000200     UNINITIALIZED
                  20000000    00000200     --HOLE--

.bss       0    20000200    00000030     UNINITIALIZED
                  20000200    00000014     (.common:g_MsgRx)
                  20000214    00000014     (.common:g_MsgTx)
                  20000228    00000004     (.common:g_ulRxData)
                  2000022c    00000004     (.common:g_ulSystemClock)

.data      0    20000230    00000028     UNINITIALIZED
                  20000230    00000014     main.obj (.data)
                  20000244    00000008     rtsv7M3_T_le_eabi.lib : _lock.obj (.data)
                  2000024c    00000008                           : exit.obj (.data)
                  20000254    00000004                           : stkdepth_vars.obj (.data)


LINKER GENERATED COPY TABLES

__TI_cinit_table @ 00001780 records: 2, size/record: 8, table size: 16
	.data: load addr=00001758, load size=00000012 bytes, run addr=20000230, run size=00000028 bytes, compression=rle
	.bss: load addr=00001778, load size=00000008 bytes, run addr=20000200, run size=00000030 bytes, compression=zero_init


LINKER GENERATED HANDLER TABLE

__TI_handler_table @ 0000176c records: 3, size/record: 4, table size: 12
	index: 0, handler: __TI_decompress_rle24
	index: 1, handler: __TI_decompress_none
	index: 2, handler: __TI_zero_init


GLOBAL SYMBOLS: SORTED ALPHABETICALLY BY Name 

address    name
--------   ----
000011e9   C$$EXIT
00000e5d   CANBitRateSet
0000148f   CANEnable
00000ee9   CANInit
00001271   CANIntClear
00001479   CANIntEnable
000012ef   CANIntStatus
00000671   CANMessageGet
000004e1   CANMessageSet
00000f63   CANStatusGet
00000a35   CAN_ISR
0000155d   ComparatorConfigure
00001579   ComparatorRefSet
00001359   GPIODirModeSet
00000c65   GPIOPadConfigSet
000014cd   GPIOPinTypeCAN
00000fd9   IntDisable
0000103d   IntEnable
000013dd   IntPrioritySet
00000a75   NetworkInit
00000abd   NetworkMsgInit
00000b1b   NetworkRxCallback
00000b03   NetworkTx
00001551   ResetISR
UNDEFED    SHT$$INIT_ARRAY$$Base
UNDEFED    SHT$$INIT_ARRAY$$Limit
00000349   SysCtlClockGet
000007b9   SysCtlClockSet
0000156d   SysCtlDelay
00001545   SysCtlLDOSet
00001101   SysCtlPeripheralEnable
00000237   Timer0A_ISR
00000285   Timer0B_ISR
00001401   TimerConfigure
000014df   TimerControlEvent
000014a5   TimerDisable
00001527   TimerEnable
00001565   TimerIntEnable
000014f1   TimerLoadSet
00001503   TimerPrescaleSet
00000179   TimersConfig
20000200   __STACK_END
00000200   __STACK_SIZE
20000200   __STACK_TOP
00001780   __TI_CINIT_Base
00001790   __TI_CINIT_Limit
0000176c   __TI_Handler_Table_Base
00001778   __TI_Handler_Table_Limit
00000001   __TI_args_main
00000dc9   __TI_auto_init
2000024c   __TI_cleanup_ptr
00001535   __TI_decompress_none
00001573   __TI_decompress_rle24
20000250   __TI_dtors_ptr
00000000   __TI_static_base__
00001515   __TI_zero_init
0000122d   __aeabi_d2uiz
000008fd   __aeabi_ddiv
00000b69   __aeabi_dmul
00000d2d   __aeabi_memcpy
00000d2d   __aeabi_memcpy4
00000d2d   __aeabi_memcpy8
00001425   __aeabi_ui2d
ffffffff   __binit__
ffffffff   __c_args__
20000000   __stack
00001461   _args_main
00001325   _c_int00
20000244   _lock
000014c7   _nop
000014bf   _register_lock
000014b9   _register_unlock
20000248   _unlock
000011ed   abort
20000234   accum_period
ffffffff   binit
00000121   compConfig
000011a5   copy_in
20000230   count
000011f5   exit
00000000   g_pfnVectors
2000022c   g_ulSystemClock
000000f1   main
20000254   main_func_sp
00000d2d   memcpy
2000023c   period
20000238   resetValues


GLOBAL SYMBOLS: SORTED BY Symbol Address 

address    name
--------   ----
00000000   __TI_static_base__
00000000   g_pfnVectors
00000001   __TI_args_main
000000f1   main
00000121   compConfig
00000179   TimersConfig
00000200   __STACK_SIZE
00000237   Timer0A_ISR
00000285   Timer0B_ISR
00000349   SysCtlClockGet
000004e1   CANMessageSet
00000671   CANMessageGet
000007b9   SysCtlClockSet
000008fd   __aeabi_ddiv
00000a35   CAN_ISR
00000a75   NetworkInit
00000abd   NetworkMsgInit
00000b03   NetworkTx
00000b1b   NetworkRxCallback
00000b69   __aeabi_dmul
00000c65   GPIOPadConfigSet
00000d2d   __aeabi_memcpy
00000d2d   __aeabi_memcpy4
00000d2d   __aeabi_memcpy8
00000d2d   memcpy
00000dc9   __TI_auto_init
00000e5d   CANBitRateSet
00000ee9   CANInit
00000f63   CANStatusGet
00000fd9   IntDisable
0000103d   IntEnable
00001101   SysCtlPeripheralEnable
000011a5   copy_in
000011e9   C$$EXIT
000011ed   abort
000011f5   exit
0000122d   __aeabi_d2uiz
00001271   CANIntClear
000012ef   CANIntStatus
00001325   _c_int00
00001359   GPIODirModeSet
000013dd   IntPrioritySet
00001401   TimerConfigure
00001425   __aeabi_ui2d
00001461   _args_main
00001479   CANIntEnable
0000148f   CANEnable
000014a5   TimerDisable
000014b9   _register_unlock
000014bf   _register_lock
000014c7   _nop
000014cd   GPIOPinTypeCAN
000014df   TimerControlEvent
000014f1   TimerLoadSet
00001503   TimerPrescaleSet
00001515   __TI_zero_init
00001527   TimerEnable
00001535   __TI_decompress_none
00001545   SysCtlLDOSet
00001551   ResetISR
0000155d   ComparatorConfigure
00001565   TimerIntEnable
0000156d   SysCtlDelay
00001573   __TI_decompress_rle24
00001579   ComparatorRefSet
0000176c   __TI_Handler_Table_Base
00001778   __TI_Handler_Table_Limit
00001780   __TI_CINIT_Base
00001790   __TI_CINIT_Limit
20000000   __stack
20000200   __STACK_END
20000200   __STACK_TOP
2000022c   g_ulSystemClock
20000230   count
20000234   accum_period
20000238   resetValues
2000023c   period
20000244   _lock
20000248   _unlock
2000024c   __TI_cleanup_ptr
20000250   __TI_dtors_ptr
20000254   main_func_sp
ffffffff   __binit__
ffffffff   __c_args__
ffffffff   binit
UNDEFED    SHT$$INIT_ARRAY$$Base
UNDEFED    SHT$$INIT_ARRAY$$Limit

[87 symbols]
