******************************************************************************
                  TI ARM Linker PC v5.1.8                      
******************************************************************************
>> Linked Tue Dec 02 13:23:15 2014

OUTPUT FILE NAME:   <int_latency.out>
ENTRY POINT SYMBOL: "_c_int00"  address: 00000309


MEMORY CONFIGURATION

         name            origin    length      used     unused   attr    fill
----------------------  --------  ---------  --------  --------  ----  --------
  FLASH                 00000000   00040000  000003ac  0003fc54  R  X
  SRAM                  20000000   00010000  00000214  0000fdec  RW X


SEGMENT ALLOCATION MAP

run origin  load origin   length   init length attrs members
----------  ----------- ---------- ----------- ----- -------
00000000    00000000    000003b0   000003b0    r-x
  00000000    00000000    000000f0   000000f0    r-- .intvecs
  000000f0    000000f0    0000029c   0000029c    r-x .text
  00000390    00000390    00000020   00000020    r-- .cinit
20000000    20000000    00000214   00000000    rw-
  20000000    20000000    00000200   00000000    rw- .stack
  20000200    20000200    00000014   00000000    rw- .data


SECTION ALLOCATION MAP

 output                                  attributes/
section   page    origin      length       input sections
--------  ----  ----------  ----------   ----------------
.intvecs   0    00000000    000000f0     
                  00000000    000000f0     lm3s8962_startup_ccs.obj (.intvecs)

.init_array 
*          0    00000000    00000000     UNINITIALIZED

.text      0    000000f0    0000029c     
                  000000f0    0000009c     rtsv7M3_T_le_eabi.lib : memcpy_t2.obj (.text)
                  0000018c    00000094                           : auto_init.obj (.text)
                  00000220    0000005e                           : copy_decompress_rle.obj (.text)
                  0000027e    00000002     --HOLE-- [fill = 0]
                  00000280    00000044                           : cpy_tbl.obj (.text)
                  000002c4    00000044                           : exit.obj (.text)
                  00000308    00000034                           : boot.obj (.text)
                  0000033c    00000018                           : args_main.obj (.text)
                  00000354    00000014                           : _lock.obj (.text)
                  00000368    0000000e                           : copy_decompress_none.obj (.text:decompress:none)
                  00000376    0000000c     lm3s8962_startup_ccs.obj (.text)
                  00000382    00000006     rtsv7M3_T_le_eabi.lib : copy_decompress_rle.obj (.text:decompress:rle24)
                  00000388    00000004     main.obj (.text)

.cinit     0    00000390    00000020     
                  00000390    0000000f     (.cinit..data.load) [load image, compression = rle]
                  0000039f    00000001     --HOLE-- [fill = 0]
                  000003a0    00000008     (__TI_handler_table)
                  000003a8    00000008     (__TI_cinit_table)

.stack     0    20000000    00000200     UNINITIALIZED
                  20000000    00000200     --HOLE--

.data      0    20000200    00000014     UNINITIALIZED
                  20000200    00000008     rtsv7M3_T_le_eabi.lib : _lock.obj (.data)
                  20000208    00000008                           : exit.obj (.data)
                  20000210    00000004                           : stkdepth_vars.obj (.data)


LINKER GENERATED COPY TABLES

__TI_cinit_table @ 000003a8 records: 1, size/record: 8, table size: 8
	.data: load addr=00000390, load size=0000000f bytes, run addr=20000200, run size=00000014 bytes, compression=rle


LINKER GENERATED HANDLER TABLE

__TI_handler_table @ 000003a0 records: 2, size/record: 4, table size: 8
	index: 0, handler: __TI_decompress_rle24
	index: 1, handler: __TI_decompress_none


GLOBAL SYMBOLS: SORTED ALPHABETICALLY BY Name 

address    name
--------   ----
000002c5   C$$EXIT
00000377   ResetISR
UNDEFED    SHT$$INIT_ARRAY$$Base
UNDEFED    SHT$$INIT_ARRAY$$Limit
20000200   __STACK_END
00000200   __STACK_SIZE
20000200   __STACK_TOP
000003a8   __TI_CINIT_Base
000003b0   __TI_CINIT_Limit
000003a0   __TI_Handler_Table_Base
000003a8   __TI_Handler_Table_Limit
00000001   __TI_args_main
0000018d   __TI_auto_init
20000208   __TI_cleanup_ptr
00000369   __TI_decompress_none
00000383   __TI_decompress_rle24
2000020c   __TI_dtors_ptr
00000000   __TI_static_base__
000000f1   __aeabi_memcpy
000000f1   __aeabi_memcpy4
000000f1   __aeabi_memcpy8
ffffffff   __binit__
ffffffff   __c_args__
20000000   __stack
0000033d   _args_main
00000309   _c_int00
20000200   _lock
00000363   _nop
0000035b   _register_lock
00000355   _register_unlock
20000204   _unlock
000002c9   abort
ffffffff   binit
00000281   copy_in
000002d1   exit
00000000   g_pfnVectors
00000389   main
20000210   main_func_sp
000000f1   memcpy


GLOBAL SYMBOLS: SORTED BY Symbol Address 

address    name
--------   ----
00000000   __TI_static_base__
00000000   g_pfnVectors
00000001   __TI_args_main
000000f1   __aeabi_memcpy
000000f1   __aeabi_memcpy4
000000f1   __aeabi_memcpy8
000000f1   memcpy
0000018d   __TI_auto_init
00000200   __STACK_SIZE
00000281   copy_in
000002c5   C$$EXIT
000002c9   abort
000002d1   exit
00000309   _c_int00
0000033d   _args_main
00000355   _register_unlock
0000035b   _register_lock
00000363   _nop
00000369   __TI_decompress_none
00000377   ResetISR
00000383   __TI_decompress_rle24
00000389   main
000003a0   __TI_Handler_Table_Base
000003a8   __TI_CINIT_Base
000003a8   __TI_Handler_Table_Limit
000003b0   __TI_CINIT_Limit
20000000   __stack
20000200   __STACK_END
20000200   __STACK_TOP
20000200   _lock
20000204   _unlock
20000208   __TI_cleanup_ptr
2000020c   __TI_dtors_ptr
20000210   main_func_sp
ffffffff   __binit__
ffffffff   __c_args__
ffffffff   binit
UNDEFED    SHT$$INIT_ARRAY$$Base
UNDEFED    SHT$$INIT_ARRAY$$Limit

[39 symbols]
