******************************************************************************
                  TI ARM Linker PC v5.1.8                      
******************************************************************************
>> Linked Mon Nov 10 19:49:29 2014

OUTPUT FILE NAME:   <ece3849b14_lab0_hfloreshuerta_ardymek.out>
ENTRY POINT SYMBOL: "_c_int00"  address: 00002095


MEMORY CONFIGURATION

         name            origin    length      used     unused   attr    fill
----------------------  --------  ---------  --------  --------  ----  --------
  FLASH                 00000000   00040000  00002908  0003d6f8  R  X
  SRAM                  20000000   00010000  0000204c  0000dfb4  RW X


SEGMENT ALLOCATION MAP

run origin  load origin   length   init length attrs members
----------  ----------- ---------- ----------- ----- -------
00000000    00000000    00002910   00002910    r-x
  00000000    00000000    000000f0   000000f0    r-- .intvecs
  000000f0    000000f0    0000219a   0000219a    r-x .text
  0000228c    0000228c    0000063e   0000063e    r-- .const
  000028d0    000028d0    00000040   00000040    r-- .cinit
20000000    20000000    0000204c   00000000    rw-
  20000000    20000000    00001828   00000000    rw- .bss
  20001828    20001828    00000800   00000000    rw- .stack
  20002028    20002028    00000024   00000000    rw- .data


SECTION ALLOCATION MAP

 output                                  attributes/
section   page    origin      length       input sections
--------  ----  ----------  ----------   ----------------
.intvecs   0    00000000    000000f0     
                  00000000    000000f0     lm3s8962_startup_ccs.obj (.intvecs)

.init_array 
*          0    00000000    00000000     UNINITIALIZED

.text      0    000000f0    0000219a     
                  000000f0    00000a48     ustdlib.obj (.text)
                  00000b38    00000684     frame_graphics.obj (.text)
                  000011bc    00000510     rit128x96x4.obj (.text)
                  000016cc    00000234     main.obj (.text)
                  00001900    00000198     driverlib-cm3.lib : sysctl.obj (.text:SysCtlClockGet)
                  00001a98    00000144                       : sysctl.obj (.text:SysCtlClockSet)
                  00001bdc    000000c8                       : gpio.obj (.text:GPIOPadConfigSet)
                  00001ca4    0000009c     rtsv7M3_T_le_eabi.lib : memcpy_t2.obj (.text)
                  00001d40    00000094     buttons.obj (.text)
                  00001dd4    00000094     rtsv7M3_T_le_eabi.lib : auto_init.obj (.text)
                  00001e68    00000064     driverlib-cm3.lib : interrupt.obj (.text:IntEnable)
                  00001ecc    0000005e     rtsv7M3_T_le_eabi.lib : copy_decompress_rle.obj (.text)
                  00001f2a    00000002     --HOLE-- [fill = 0]
                  00001f2c    00000058     driverlib-cm3.lib : sysctl.obj (.text:SysCtlPeripheralEnable)
                  00001f84    00000044                       : ssi.obj (.text:SSIConfigSetExpClk)
                  00001fc8    00000044     rtsv7M3_T_le_eabi.lib : cpy_tbl.obj (.text)
                  0000200c    00000044                           : exit.obj (.text)
                  00002050    00000042                           : u_divt2.obj (.text)
                  00002092    00000002     --HOLE-- [fill = 0]
                  00002094    00000034                           : boot.obj (.text)
                  000020c8    0000002e     driverlib-cm3.lib : gpio.obj (.text:GPIODirModeSet)
                  000020f6    00000002     --HOLE-- [fill = 0]
                  000020f8    00000024                       : interrupt.obj (.text:IntPrioritySet)
                  0000211c    00000024                       : timer.obj (.text:TimerConfigure)
                  00002140    00000018     rtsv7M3_T_le_eabi.lib : args_main.obj (.text)
                  00002158    00000014     driverlib-cm3.lib : timer.obj (.text:TimerDisable)
                  0000216c    00000014     rtsv7M3_T_le_eabi.lib : _lock.obj (.text)
                  00002180    00000012     driverlib-cm3.lib : gpio.obj (.text:GPIOPinTypeGPIOInput)
                  00002192    00000012                       : gpio.obj (.text:GPIOPinTypeGPIOOutput)
                  000021a4    00000012                       : gpio.obj (.text:GPIOPinTypeSSI)
                  000021b6    00000012                       : ssi.obj (.text:SSIDataGetNonBlocking)
                  000021c8    00000012                       : timer.obj (.text:TimerLoadSet)
                  000021da    00000012                       : timer.obj (.text:TimerPrescaleSet)
                  000021ec    00000012     rtsv7M3_T_le_eabi.lib : copy_zero_init.obj (.text:decompress:ZI)
                  000021fe    0000000e     driverlib-cm3.lib : timer.obj (.text:TimerEnable)
                  0000220c    0000000e     rtsv7M3_T_le_eabi.lib : copy_decompress_none.obj (.text:decompress:none)
                  0000221a    0000000c     driverlib-cm3.lib : cpu.obj (.text:CPUcpsie)
                  00002226    00000002     --HOLE-- [fill = 0]
                  00002228    0000000c                       : sysctl.obj (.text:SysCtlLDOSet)
                  00002234    0000000c     lm3s8962_startup_ccs.obj (.text)
                  00002240    0000000a     driverlib-cm3.lib : interrupt.obj (.text:IntMasterEnable)
                  0000224a    0000000a                       : ssi.obj (.text:SSIDataPut)
                  00002254    0000000a                       : ssi.obj (.text:SSIDisable)
                  0000225e    0000000a                       : ssi.obj (.text:SSIEnable)
                  00002268    00000008                       : ssi.obj (.text:SSIBusy)
                  00002270    00000008                       : timer.obj (.text:TimerIntEnable)
                  00002278    00000006                       : gpio.obj (.text:GPIOPinWrite)
                  0000227e    00000006                       : sysctl.obj (.text:SysCtlDelay)
                  00002284    00000006     rtsv7M3_T_le_eabi.lib : copy_decompress_rle.obj (.text:decompress:rle24)

.const     0    0000228c    0000063e     
                  0000228c    000001e0     rit128x96x4.obj (.const:g_pucFont)
                  0000246c    000001db     frame_graphics.obj (.const:g_pucFont)
                  00002647    00000001     --HOLE-- [fill = 0]
                  00002648    0000009c     driverlib-cm3.lib : interrupt.obj (.const:g_pulRegs)
                  000026e4    00000070                       : interrupt.obj (.const)
                  00002754    0000006c                       : sysctl.obj (.const:g_pulXtals)
                  000027c0    0000004f     rit128x96x4.obj (.const:.string:g_pucRIT128x96x4Init)
                  0000280f    00000001     --HOLE-- [fill = 0]
                  00002810    00000040     driverlib-cm3.lib : sysctl.obj (.const)
                  00002850    00000040     frame_graphics.obj (.const)
                  00002890    0000001c     ustdlib.obj (.const)
                  000028ac    00000012     ustdlib.obj (.const:.string)
                  000028be    0000000c     rit128x96x4.obj (.const:.string)

.cinit     0    000028d0    00000040     
                  000028d0    0000001a     (.cinit..data.load) [load image, compression = rle]
                  000028ea    00000002     --HOLE-- [fill = 0]
                  000028ec    0000000c     (__TI_handler_table)
                  000028f8    00000008     (.cinit..bss.load) [load image, compression = zero_init]
                  00002900    00000010     (__TI_cinit_table)

.bss       0    20000000    00001828     UNINITIALIZED
                  20000000    00001800     frame_graphics.obj (.bss:g_pucFrame)
                  20001800    00000014     (.common:piState$1)
                  20001814    00000008     (.common:g_pucBuffer)
                  2000181c    00000004     (.common:g_ulButtons)
                  20001820    00000004     (.common:g_ulSSIFlags)
                  20001824    00000004     (.common:g_ulSystemClock)

.stack     0    20001828    00000800     UNINITIALIZED
                  20001828    00000800     --HOLE--

.data      0    20002028    00000024     UNINITIALIZED
                  20002028    0000000c     main.obj (.data)
                  20002034    00000008     rtsv7M3_T_le_eabi.lib : _lock.obj (.data)
                  2000203c    00000008                           : exit.obj (.data)
                  20002044    00000004                           : stkdepth_vars.obj (.data)
                  20002048    00000004     ustdlib.obj (.data)


LINKER GENERATED COPY TABLES

__TI_cinit_table @ 00002900 records: 2, size/record: 8, table size: 16
	.data: load addr=000028d0, load size=0000001a bytes, run addr=20002028, run size=00000024 bytes, compression=rle
	.bss: load addr=000028f8, load size=00000008 bytes, run addr=20000000, run size=00001828 bytes, compression=zero_init


LINKER GENERATED HANDLER TABLE

__TI_handler_table @ 000028ec records: 3, size/record: 4, table size: 12
	index: 0, handler: __TI_decompress_rle24
	index: 1, handler: __TI_decompress_none
	index: 2, handler: __TI_zero_init


GLOBAL SYMBOLS: SORTED ALPHABETICALLY BY Name 

address    name
--------   ----
00001d41   ButtonDebounce
0000200d   C$$EXIT
0000221b   CPUcpsie
00000d35   DrawChar
00000ef7   DrawCircle
00000f95   DrawFilledRectangle
00000c1b   DrawLine
00000bab   DrawPoint
00000e0d   DrawString
00000b39   FillFrame
000020c9   GPIODirModeSet
00001bdd   GPIOPadConfigSet
00002181   GPIOPinTypeGPIOInput
00002193   GPIOPinTypeGPIOOutput
000021a5   GPIOPinTypeSSI
00002279   GPIOPinWrite
00001e69   IntEnable
00002241   IntMasterEnable
000020f9   IntPrioritySet
000012c9   RIT128x96x4Clear
00001543   RIT128x96x4Disable
0000169d   RIT128x96x4DisplayOff
00001669   RIT128x96x4DisplayOn
000014e9   RIT128x96x4Enable
00001461   RIT128x96x4ImageDraw
000015bd   RIT128x96x4Init
00001325   RIT128x96x4StringDraw
00002235   ResetISR
UNDEFED    SHT$$INIT_ARRAY$$Base
UNDEFED    SHT$$INIT_ARRAY$$Limit
00002269   SSIBusy
00001f85   SSIConfigSetExpClk
000021b7   SSIDataGetNonBlocking
0000224b   SSIDataPut
00002255   SSIDisable
0000225f   SSIEnable
00001901   SysCtlClockGet
00001a99   SysCtlClockSet
0000227f   SysCtlDelay
00002229   SysCtlLDOSet
00001f2d   SysCtlPeripheralEnable
0000211d   TimerConfigure
00002159   TimerDisable
000021ff   TimerEnable
0000181d   TimerISR
00002271   TimerIntEnable
000021c9   TimerLoadSet
000021db   TimerPrescaleSet
20002028   __STACK_END
00000800   __STACK_SIZE
20001a28   __STACK_TOP
00002900   __TI_CINIT_Base
00002910   __TI_CINIT_Limit
000028ec   __TI_Handler_Table_Base
000028f8   __TI_Handler_Table_Limit
00000001   __TI_args_main
00001dd5   __TI_auto_init
2000203c   __TI_cleanup_ptr
0000220d   __TI_decompress_none
00002285   __TI_decompress_rle24
20002040   __TI_dtors_ptr
00000000   __TI_static_base__
000021ed   __TI_zero_init
00001ca5   __aeabi_memcpy
00001ca5   __aeabi_memcpy4
00001ca5   __aeabi_memcpy8
00002051   __aeabi_uidivmod
ffffffff   __binit__
ffffffff   __c_args__
20001828   __stack
00002141   _args_main
00002095   _c_int00
20002034   _lock
0000217b   _nop
00002173   _register_lock
0000216d   _register_unlock
20002038   _unlock
00002011   abort
ffffffff   binit
00001fc9   copy_in
00002019   exit
00000000   g_pfnVectors
0000246c   g_pucFont
20000000   g_pucFrame
2000181c   g_ulButtons
20001824   g_ulSystemClock
20002028   g_ulTime
000016cd   main
20002044   main_func_sp
00001ca5   memcpy
0000176d   switchesInit
000017a5   timersInit
000005d5   ulocaltime
000007d7   umktime
00000b15   urand
000005a5   usnprintf
00000573   usprintf
00000b05   usrand
00000a7d   ustrcasecmp
00000af1   ustrcmp
00000989   ustrlen
00000a91   ustrncmp
000000f1   ustrncpy
000009dd   ustrnicmp
000009ab   ustrstr
00000851   ustrtoul
00000149   uvsnprintf


GLOBAL SYMBOLS: SORTED BY Symbol Address 

address    name
--------   ----
00000000   __TI_static_base__
00000000   g_pfnVectors
00000001   __TI_args_main
000000f1   ustrncpy
00000149   uvsnprintf
00000573   usprintf
000005a5   usnprintf
000005d5   ulocaltime
000007d7   umktime
00000800   __STACK_SIZE
00000851   ustrtoul
00000989   ustrlen
000009ab   ustrstr
000009dd   ustrnicmp
00000a7d   ustrcasecmp
00000a91   ustrncmp
00000af1   ustrcmp
00000b05   usrand
00000b15   urand
00000b39   FillFrame
00000bab   DrawPoint
00000c1b   DrawLine
00000d35   DrawChar
00000e0d   DrawString
00000ef7   DrawCircle
00000f95   DrawFilledRectangle
000012c9   RIT128x96x4Clear
00001325   RIT128x96x4StringDraw
00001461   RIT128x96x4ImageDraw
000014e9   RIT128x96x4Enable
00001543   RIT128x96x4Disable
000015bd   RIT128x96x4Init
00001669   RIT128x96x4DisplayOn
0000169d   RIT128x96x4DisplayOff
000016cd   main
0000176d   switchesInit
000017a5   timersInit
0000181d   TimerISR
00001901   SysCtlClockGet
00001a99   SysCtlClockSet
00001bdd   GPIOPadConfigSet
00001ca5   __aeabi_memcpy
00001ca5   __aeabi_memcpy4
00001ca5   __aeabi_memcpy8
00001ca5   memcpy
00001d41   ButtonDebounce
00001dd5   __TI_auto_init
00001e69   IntEnable
00001f2d   SysCtlPeripheralEnable
00001f85   SSIConfigSetExpClk
00001fc9   copy_in
0000200d   C$$EXIT
00002011   abort
00002019   exit
00002051   __aeabi_uidivmod
00002095   _c_int00
000020c9   GPIODirModeSet
000020f9   IntPrioritySet
0000211d   TimerConfigure
00002141   _args_main
00002159   TimerDisable
0000216d   _register_unlock
00002173   _register_lock
0000217b   _nop
00002181   GPIOPinTypeGPIOInput
00002193   GPIOPinTypeGPIOOutput
000021a5   GPIOPinTypeSSI
000021b7   SSIDataGetNonBlocking
000021c9   TimerLoadSet
000021db   TimerPrescaleSet
000021ed   __TI_zero_init
000021ff   TimerEnable
0000220d   __TI_decompress_none
0000221b   CPUcpsie
00002229   SysCtlLDOSet
00002235   ResetISR
00002241   IntMasterEnable
0000224b   SSIDataPut
00002255   SSIDisable
0000225f   SSIEnable
00002269   SSIBusy
00002271   TimerIntEnable
00002279   GPIOPinWrite
0000227f   SysCtlDelay
00002285   __TI_decompress_rle24
0000246c   g_pucFont
000028ec   __TI_Handler_Table_Base
000028f8   __TI_Handler_Table_Limit
00002900   __TI_CINIT_Base
00002910   __TI_CINIT_Limit
20000000   g_pucFrame
2000181c   g_ulButtons
20001824   g_ulSystemClock
20001828   __stack
20001a28   __STACK_TOP
20002028   __STACK_END
20002028   g_ulTime
20002034   _lock
20002038   _unlock
2000203c   __TI_cleanup_ptr
20002040   __TI_dtors_ptr
20002044   main_func_sp
ffffffff   __binit__
ffffffff   __c_args__
ffffffff   binit
UNDEFED    SHT$$INIT_ARRAY$$Base
UNDEFED    SHT$$INIT_ARRAY$$Limit

[107 symbols]
