******************************************************************************
                  TI ARM Linker PC v5.1.8                      
******************************************************************************
>> Linked Tue Dec 02 13:31:46 2014

OUTPUT FILE NAME:   <ece3849b14_lab2_hfloreshuerta_ardymek.out>
ENTRY POINT SYMBOL: "_c_int00"  address: 00004b45


MEMORY CONFIGURATION

         name            origin    length      used     unused   attr    fill
----------------------  --------  ---------  --------  --------  ----  --------
  FLASH                 00000000   00040000  00008360  00037ca0  R  X
  SRAM                  20000000   00010000  000041b4  0000be4c  RW X


SEGMENT ALLOCATION MAP

run origin  load origin   length   init length attrs members
----------  ----------- ---------- ----------- ----- -------
00000000    00000000    00008360   00008360    r-x
  00000000    00000000    0000003c   0000003c    r-- .resetVecs
  0000003c    0000003c    00005dec   00005dec    r-x .text
  00005e28    00005e28    00001fa8   00001fa8    r-- .const
  00007dd0    00007dd0    00000590   00000590    r-- .cinit
20000000    20000000    000041b4   00000000    rw-
  20000000    20000000    00000140   00000000    rw- .vecs
  20000140    20000140    00003720   00000000    rw- .bss
  20003860    20003860    00000554   00000000    rw- .data
  20003db4    20003db4    00000400   00000000    rw- .stack


SECTION ALLOCATION MAP

 output                                  attributes/
section   page    origin      length       input sections
--------  ----  ----------  ----------   ----------------
.bootVecs 
*          0    00000000    00000008     DSECT
                  00000000    00000008     boot.aem3 : boot.oem3 (.bootVecs)

.resetVecs 
*          0    00000000    0000003c     
                  00000000    0000003c     app_pem3.oem3 (.resetVecs)

xdc.meta   0    00000000    000000f5     COPY SECTION
                  00000000    000000f5     app_pem3.oem3 (xdc.meta)

.init_array 
*          0    00000000    00000000     UNINITIALIZED

.text      0    0000003c    00005dec     
                  0000003c    00000684     frame_graphics.obj (.text)
                  000006c0    00000424     sysbios.aem3 : BIOS.obj (.text:ti_sysbios_family_arm_m3_Hwi_excDumpRegs__I)
                  00000ae4    00000334     ti.targets.arm.rtsarm.aem3 : System.oem3 (.text:xdc_runtime_System_doPrint__I)
                  00000e18    00000320     sysbios.aem3 : BIOS.obj (.text:ti_sysbios_knl_Semaphore_pend__E)
                  00001138    000002d4     rtsv7M3_T_le_eabi.lib : trgdrv.obj (.text)
                  0000140c    00000248     sysbios.aem3 : BIOS.obj (.text:ti_sysbios_heaps_HeapMem_free__E)
                  00001654    00000234                  : BIOS.obj (.text:ti_sysbios_heaps_HeapMem_alloc__E)
                  00001888    000001f8     main.obj (.text)
                  00001a80    000001f8     sysbios.aem3 : BIOS.obj (.text:ti_sysbios_family_arm_m3_Hwi_excHandlerMax__I)
                  00001c78    00000168                  : BIOS.obj (.text:ti_sysbios_family_arm_m3_Hwi_excBusFault__I)
                  00001de0    00000158                  : BIOS.obj (.text:ti_sysbios_knl_Event_post__E)
                  00001f38    00000154                  : BIOS.obj (.text:ti_sysbios_family_arm_m3_Hwi_excUsageFault__I)
                  0000208c    0000014c                  : BIOS.obj (.text:ti_sysbios_knl_Semaphore_post__E)
                  000021d8    00000140                  : BIOS.obj (.text:ti_sysbios_family_arm_m3_Hwi_excMemFault__I)
                  00002318    00000138                  : BIOS.obj (.text:ti_sysbios_family_arm_m3_Hwi_dispatchC__I)
                  00002450    00000138                  : BIOS.obj (.text:ti_sysbios_heaps_HeapMem_Instance_init__E)
                  00002588    00000130                  : BIOS.obj (.text:ti_sysbios_knl_Clock_workFunc__E)
                  000026b8    00000130     ti.targets.arm.rtsarm.aem3 : LoggerBuf.oem3 (.text:xdc_runtime_LoggerBuf_write8__E)
                  000027e8    00000120     sysbios.aem3 : BIOS.obj (.text:ti_sysbios_knl_Swi_run__I)
                  00002908    00000120     ti.targets.arm.rtsarm.aem3 : Error.oem3 (.text:xdc_runtime_Error_policyDefault__E)
                  00002a28    0000011c     Boot.aem3 : Boot.oem3 (.text:.bootCodeSection:ti_catalog_arm_cortexm3_lm3init_Boot_sysCtlClockSet)
                  00002b44    00000104     ti.targets.arm.rtsarm.aem3 : Core-mem.oem3 (.text:xdc_runtime_Core_createObject__I)
                  00002c48    000000fc                                : Startup.oem3 (.text:xdc_runtime_Startup_startMods__I)
                  00002d44    000000f8     sysbios.aem3 : BIOS.obj (.text:ti_sysbios_knl_Task_Module_startup__E)
                  00002e3c    000000f8     app_pem3.oem3 (.text:xdc_runtime_System_printfExtend__I)
                  00002f34    000000d0     sysbios.aem3 : m3_Hwi_asm.obj (.text:ti_sysbios_family_arm_m3_Hwi_dispatch__I)
                  00003004    000000d0     ti.targets.arm.rtsarm.aem3 : LoggerBuf.oem3 (.text:xdc_runtime_LoggerBuf_write4__E)
                  000030d4    000000cc                                : Core-smem.oem3 (.text:xdc_runtime_Core_constructObject__I)
                  000031a0    000000c8     sysbios.aem3 : BIOS.obj (.text:ti_sysbios_knl_Task_schedule__I)
                  00003268    000000c4                  : BIOS.obj (.text:ti_sysbios_family_arm_m3_Hwi_Module_startup__E)
                  0000332c    000000c0                  : BIOS.obj (.text:ti_sysbios_family_arm_lm3_Timer_startup__E)
                  000033ec    000000bc                  : BIOS.obj (.text:ti_sysbios_knl_Task_startCore__E)
                  000034a8    000000b4                  : BIOS.obj (.text:ti_sysbios_family_arm_m3_Hwi_excHardFault__I)
                  0000355c    000000b4                  : BIOS.obj (.text:ti_sysbios_gates_GateMutex_enter__E)
                  00003610    000000b4                  : BIOS.obj (.text:ti_sysbios_knl_Task_checkStacks__E)
                  000036c4    000000b0                  : BIOS.obj (.text:ti_sysbios_family_arm_m3_Hwi_excDebugMon__I)
                  00003774    000000a8                  : BIOS.obj (.text:ti_sysbios_knl_Swi_post__E)
                  0000381c    000000a8                  : BIOS.obj (.text:ti_sysbios_knl_Task_blockI__E)
                  000038c4    000000a8                  : BIOS.obj (.text:ti_sysbios_knl_Task_postInit__I)
                  0000396c    000000a4                  : BIOS.obj (.text:ti_sysbios_family_arm_lm3_TimestampProvider_get64__E)
                  00003a10    000000a0     auto_init.aem3 : auto_init.oem3 (.text)
                  00003ab0    0000009c     rtsv7M3_T_le_eabi.lib : memcpy_t2.obj (.text)
                  00003b4c    0000009a     ti.targets.arm.rtsarm.aem3 : Text.oem3 (.text:xdc_runtime_Text_putSite__E)
                  00003be6    00000002     app_pem3.oem3 (.text:ti_sysbios_BIOS_nullFunc__I)
                  00003be8    00000094     buttons.obj (.text)
                  00003c7c    00000094     sysbios.aem3 : BIOS.obj (.text:ti_sysbios_knl_Mailbox_post__E)
                  00003d10    00000094                  : BIOS.obj (.text:ti_sysbios_knl_Task_exit__E)
                  00003da4    00000094                  : BIOS.obj (.text:ti_sysbios_knl_Task_unblockI__E)
                  00003e38    00000094     ti.targets.arm.rtsarm.aem3 : Text.oem3 (.text:xdc_runtime_Text_putMod__E)
                  00003ecc    0000008c     sysbios.aem3 : BIOS.obj (.text:ti_sysbios_family_arm_lm3_Timer_enableTimers__I)
                  00003f58    00000088                  : BIOS.obj (.text:ti_sysbios_family_arm_m3_Hwi_initNVIC__E)
                  00003fe0    00000088                  : BIOS.obj (.text:ti_sysbios_knl_Mailbox_Module_startup__E)
                  00004068    00000080     ti.targets.arm.rtsarm.aem3 : LoggerBuf.oem3 (.text:xdc_runtime_LoggerBuf_setFilterLevel__E)
                  000040e8    0000007c     sysbios.aem3 : BIOS.obj (.text:ti_sysbios_family_arm_lm3_Timer_start__E)
                  00004164    0000007a     rtsv7M3_T_le_eabi.lib : memset_t2.obj (.text)
                  000041de    00000002     sysbios.aem3 : BIOS.obj (.text:ti_sysbios_gates_GateHwi_Instance_init__E)
                  000041e0    00000074                  : BIOS.obj (.text:ti_sysbios_family_arm_lm3_Timer_Module_startup__E)
                  00004254    00000070     ti.targets.arm.rtsarm.aem3 : Memory.oem3 (.text:xdc_runtime_Memory_alloc__E)
                  000042c4    0000006c     sysbios.aem3 : BIOS.obj (.text:ti_sysbios_knl_Semaphore_Instance_init__E)
                  00004330    0000006c     ti.targets.arm.rtsarm.aem3 : Error.oem3 (.text:xdc_runtime_Error_print__E)
                  0000439c    0000006c                                : LoggerBuf.oem3 (.text:xdc_runtime_LoggerBuf_getFilterLevel__E)
                  00004408    00000066                                : Core-mem.oem3 (.text:xdc_runtime_Core_deleteObject__I)
                  0000446e    00000002     --HOLE-- [fill = 0]
                  00004470    00000064                                : System.oem3 (.text:xdc_runtime_System_formatNum__I)
                  000044d4    00000060     rtsv7M3_T_le_eabi.lib : trgmsg.obj (.text)
                  00004534    00000060     sysbios.aem3 : BIOS.obj (.text:ti_sysbios_knl_Clock_logTick__E)
                  00004594    0000005e     rtsv7M3_T_le_eabi.lib : copy_decompress_rle.obj (.text)
                  000045f2    00000002     --HOLE-- [fill = 0]
                  000045f4    0000005c     sysbios.aem3 : BIOS.obj (.text:ti_sysbios_family_arm_lm3_Timer_enableStellaris__I)
                  00004650    0000005c     app_pem3.oem3 (.text:xdc_runtime_LoggerBuf_Object__create__S)
                  000046ac    0000005b     ti.targets.arm.rtsarm.aem3 : Text.oem3 (.text:xdc_runtime_Text_putLab__E)
                  00004707    00000001     --HOLE-- [fill = 0]
                  00004708    00000058     sysbios.aem3 : BIOS.obj (.text:ti_sysbios_knl_Swi_restoreHwi__E)
                  00004760    00000058                  : BIOS.obj (.text:ti_sysbios_knl_Swi_schedule__I)
                  000047b8    00000054                  : BIOS.obj (.text:ti_sysbios_family_arm_m3_Timer_setPeriod__E)
                  0000480c    00000054                  : BIOS.obj (.text:ti_sysbios_family_arm_m3_Timer_start__E)
                  00004860    00000050     ti.targets.arm.rtsarm.aem3 : Startup.oem3 (.text:xdc_runtime_Startup_exec__E)
                  000048b0    0000004c     sysbios.aem3 : m3_TaskSupport_asm.obj (.text:ti_sysbios_family_arm_m3_TaskSupport_buildTaskStack)
                  000048fc    0000004c                  : BIOS.obj (.text:ti_sysbios_knl_Swi_runLoop__I)
                  00004948    0000004c     ti.targets.arm.rtsarm.aem3 : Text.oem3 (.text:xdc_runtime_Text_visitRope2__I)
                  00004994    00000048     sysbios.aem3 : BIOS.obj (.text:ti_sysbios_family_arm_m3_Hwi_excReserved__I)
                  000049dc    00000048                  : m3_Hwi_asm_switch.obj (.text:ti_sysbios_family_arm_m3_Hwi_initStacks__E)
                  00004a24    00000048                  : BIOS.obj (.text:ti_sysbios_family_arm_m3_Timer_initDevice__I)
                  00004a6c    00000048                  : BIOS.obj (.text:ti_sysbios_heaps_HeapMem_getStats__E)
                  00004ab4    00000048     ti.targets.arm.rtsarm.aem3 : Assert.oem3 (.text:xdc_runtime_Assert_raise__I)
                  00004afc    00000046                                : Core-params.oem3 (.text:xdc_runtime_Core_assignParams__I)
                  00004b42    00000002     --HOLE-- [fill = 0]
                  00004b44    00000044     boot.aem3 : boot.oem3 (.text)
                  00004b88    00000044     rtsv7M3_T_le_eabi.lib : cpy_tbl.obj (.text)
                  00004bcc    00000044                           : exit.obj (.text)
                  00004c10    00000044     sysbios.aem3 : BIOS.obj (.text:ti_sysbios_family_arm_m3_Hwi_disableInterrupt__E)
                  00004c54    00000044                  : BIOS.obj (.text:ti_sysbios_family_arm_m3_Hwi_enableInterrupt__E)
                  00004c98    00000044                  : BIOS.obj (.text:ti_sysbios_knl_Task_allBlockedFunction__I)
                  00004cdc    00000044     ti.targets.arm.rtsarm.aem3 : Error.oem3 (.text:xdc_runtime_Error_setX__E)
                  00004d20    00000044                                : LoggerBuf.oem3 (.text:xdc_runtime_LoggerBuf_filterOutEvent__I)
                  00004d64    00000044                                : SysMin.oem3 (.text:xdc_runtime_SysMin_flush__E)
                  00004da8    00000042     rtsv7M3_T_le_eabi.lib : u_divt2.obj (.text)
                  00004dea    00000002     --HOLE-- [fill = 0]
                  00004dec    00000040     sysbios.aem3 : BIOS.obj (.text:ti_sysbios_family_arm_m3_Timer_Module_startup__E)
                  00004e2c    0000003c                  : BIOS.obj (.text:ti_sysbios_family_arm_m3_Hwi_excSvCall__I)
                  00004e68    0000003c                  : BIOS.obj (.text:ti_sysbios_heaps_HeapMem_init__I)
                  00004ea4    0000003c                  : BIOS.obj (.text:ti_sysbios_knl_Swi_startup__E)
                  00004ee0    0000003c     ti.targets.arm.rtsarm.aem3 : Text.oem3 (.text:xdc_runtime_Text_xprintf__I)
                  00004f1c    0000003a                                : LoggerBuf.oem3 (.text:xdc_runtime_LoggerBuf_Instance_init__E)
                  00004f56    00000002     --HOLE-- [fill = 0]
                  00004f58    00000038     sysbios.aem3 : BIOS.obj (.text:ti_sysbios_family_arm_m3_Hwi_excNoIsr__I)
                  00004f90    00000038                  : BIOS.obj (.text:ti_sysbios_family_arm_m3_Hwi_getStackInfo__E)
                  00004fc8    00000038                  : BIOS.obj (.text:ti_sysbios_family_arm_m3_TaskSupport_start__E)
                  00005000    00000038                  : BIOS.obj (.text:ti_sysbios_knl_Task_processVitalTaskFlag__I)
                  00005038    00000038     ti.targets.arm.rtsarm.aem3 : SysMin.oem3 (.text:xdc_runtime_SysMin_putch__E)
                  00005070    00000038                                : System.oem3 (.text:xdc_runtime_System_atexit__E)
                  000050a8    00000034     sysbios.aem3 : BIOS.obj (.text:ti_sysbios_family_arm_m3_Hwi_excNmi__I)
                  000050dc    00000034                  : BIOS.obj (.text:ti_sysbios_family_arm_m3_Timer_periodicStub__I)
                  00005110    00000034                  : BIOS.obj (.text:ti_sysbios_hal_Hwi_checkStack)
                  00005144    00000034     ti.targets.arm.rtsarm.aem3 : Core-label.oem3 (.text:xdc_runtime_Core_assignLabel__I)
                  00005178    00000033                                : Text.oem3 (.text:xdc_runtime_Text_printVisFxn__I)
                  000051ab    00000001     --HOLE-- [fill = 0]
                  000051ac    00000032     sysbios.aem3 : BIOS.obj (.text:ti_sysbios_knl_Semaphore_pendTimeout__I)
                  000051de    00000002     --HOLE-- [fill = 0]
                  000051e0    00000030     app_pem3.oem3 (.text:ti_sysbios_BIOS_atExitFunc__I)
                  00005210    00000030     app_pem3.oem3 (.text:ti_sysbios_gates_GateHwi_Object__create__S)
                  00005240    00000030     app_pem3.oem3 (.text:ti_sysbios_gates_GateMutex_Object__create__S)
                  00005270    00000030     app_pem3.oem3 (.text:ti_sysbios_heaps_HeapMem_Object__create__S)
                  000052a0    00000030     app_pem3.oem3 (.text:ti_sysbios_knl_Semaphore_construct)
                  000052d0    00000030     ti.targets.arm.rtsarm.aem3 : SysMin.oem3 (.text:xdc_runtime_SysMin_abort__E)
                  00005300    00000030                                : System.oem3 (.text:xdc_runtime_System_processAtExit__E)
                  00005330    0000002c     sysbios.aem3 : BIOS.obj (.text:ti_sysbios_hal_Hwi_initStack)
                  0000535c    0000002c     app_pem3.oem3 (.text:ti_sysbios_knl_Clock_doTick__I)
                  00005388    0000002c     app_pem3.oem3 (.text:ti_sysbios_knl_Queue_construct)
                  000053b4    0000002c     sysbios.aem3 : BIOS.obj (.text:ti_sysbios_knl_Task_restore__E)
                  000053e0    0000002c     ti.targets.arm.rtsarm.aem3 : Text.oem3 (.text:xdc_runtime_Text_cordText__E)
                  0000540c    0000002a                                : System.oem3 (.text:xdc_runtime_System_putchar__I)
                  00005436    00000002     --HOLE-- [fill = 0]
                  00005438    00000028     app_pem3.oem3 (.text:ti_sysbios_BIOS_startFunc__I)
                  00005460    00000028     sysbios.aem3 : BIOS.obj (.text:ti_sysbios_knl_Semaphore_Instance_finalize__E)
                  00005488    00000028     ti.targets.arm.rtsarm.aem3 : LoggerBuf.oem3 (.text:xdc_runtime_LoggerBuf_Module_startup__E)
                  000054b0    00000026                                : System.oem3 (.text:xdc_runtime_System_avprintf__E)
                  000054d6    00000002     --HOLE-- [fill = 0]
                  000054d8    00000024     app_pem3.oem3 (.text:ti_sysbios_BIOS_errorRaiseHook__I)
                  000054fc    00000024     app_pem3.oem3 (.text:ti_sysbios_BIOS_registerRTSLock__I)
                  00005520    00000024     app_pem3.oem3 (.text:ti_sysbios_BIOS_removeRTSLock__I)
                  00005544    00000024     sysbios.aem3 : BIOS.obj (.text:ti_sysbios_family_arm_lm3_Timer_isrStub__E)
                  00005568    00000024                  : BIOS.obj (.text:ti_sysbios_family_arm_lm3_Timer_stop__E)
                  0000558c    00000024                  : BIOS.obj (.text:ti_sysbios_family_arm_m3_Hwi_doTaskRestore__I)
                  000055b0    00000024                  : BIOS.obj (.text:ti_sysbios_family_arm_m3_Timer_startup__E)
                  000055d4    00000024     app_pem3.oem3 (.text:ti_sysbios_gates_GateMutex_Object__delete__S)
                  000055f8    00000024     sysbios.aem3 : BIOS.obj (.text:ti_sysbios_knl_Clock_Module_startup__E)
                  0000561c    00000024                  : BIOS.obj (.text:ti_sysbios_knl_Swi_Module_startup__E)
                  00005640    00000024     ti.targets.arm.rtsarm.aem3 : System.oem3 (.text:xdc_runtime_System_vprintf__E)
                  00005664    00000022     app_pem3.oem3 (.text:xdc_runtime_SysMin_output__I)
                  00005686    00000002     --HOLE-- [fill = 0]
                  00005688    00000020     sysbios.aem3 : m3_Hwi_asm.obj (.text:ti_sysbios_family_arm_m3_Hwi_excHandlerAsm__I)
                  000056a8    00000020                  : BIOS.obj (.text:ti_sysbios_family_arm_m3_Hwi_excHandler__I)
                  000056c8    00000020     app_pem3.oem3 (.text:ti_sysbios_gates_GateHwi_Object__delete__S)
                  000056e8    00000020     app_pem3.oem3 (.text:ti_sysbios_heaps_HeapMem_Object__delete__S)
                  00005708    00000020     sysbios.aem3 : BIOS.obj (.text:ti_sysbios_knl_Idle_run__E)
                  00005728    00000020     app_pem3.oem3 (.text:ti_sysbios_knl_Semaphore_Object__destruct__S)
                  00005748    00000020     sysbios.aem3 : BIOS.obj (.text:ti_sysbios_knl_Task_enter__I)
                  00005768    00000020     app_pem3.oem3 (.text:xdc_runtime_LoggerBuf_Object__delete__S)
                  00005788    00000020     ti.targets.arm.rtsarm.aem3 : LoggerBuf.oem3 (.text:xdc_runtime_LoggerBuf_reset__E)
                  000057a8    00000020                                : Registry.oem3 (.text:xdc_runtime_Registry_findById__E)
                  000057c8    00000020                                : SysMin.oem3 (.text:xdc_runtime_SysMin_Module_startup__E)
                  000057e8    0000001e     sysbios.aem3 : m3_Hwi_asm_switch.obj (.text:ti_sysbios_family_xxx_Hwi_switchAndRunFunc)
                  00005806    00000002     --HOLE-- [fill = 0]
                  00005808    0000001c     app_pem3.oem3 (.text:ti_sysbios_BIOS_rtsLock__I)
                  00005824    0000001c     sysbios.aem3 : BIOS.obj (.text:ti_sysbios_gates_GateMutex_Instance_init__E)
                  00005840    0000001c     app_pem3.oem3 (.text:ti_sysbios_knl_Queue_Object__destruct__S)
                  0000585c    0000001c     ti.targets.arm.rtsarm.aem3 : Error.oem3 (.text:xdc_runtime_Error_raiseX__E)
                  00005878    0000001c                                : Memory.oem3 (.text:xdc_runtime_Memory_valloc__E)
                  00005894    0000001c                                : SysMin.oem3 (.text:xdc_runtime_SysMin_exit__E)
                  000058b0    0000001c                                : System.oem3 (.text:xdc_runtime_System_abort__E)
                  000058cc    0000001a     app_pem3.oem3 (.text:ti_sysbios_family_arm_m3_Hwi_Handle__label__S)
                  000058e6    0000001a     sysbios.aem3 : m3_Hwi_asm.obj (.text:ti_sysbios_family_arm_m3_Hwi_pendSV__I)
                  00005900    0000001a     app_pem3.oem3 (.text:ti_sysbios_gates_GateHwi_Handle__label__S)
                  0000591a    0000001a     app_pem3.oem3 (.text:ti_sysbios_gates_GateMutex_Handle__label__S)
                  00005934    0000001a     app_pem3.oem3 (.text:ti_sysbios_heaps_HeapMem_Handle__label__S)
                  0000594e    0000001a     app_pem3.oem3 (.text:ti_sysbios_knl_Swi_Handle__label__S)
                  00005968    0000001a     app_pem3.oem3 (.text:ti_sysbios_knl_Task_Handle__label__S)
                  00005982    0000001a     app_pem3.oem3 (.text:xdc_runtime_LoggerBuf_Handle__label__S)
                  0000599c    0000001a     app_pem3.oem3 (.text:xdc_runtime_System_aprintf__E)
                  000059b6    0000001a     app_pem3.oem3 (.text:xdc_runtime_System_printf__E)
                  000059d0    00000018     rtsv7M3_T_le_eabi.lib : args_main.obj (.text)
                  000059e8    00000018     app_pem3.oem3 (.text:ti_sysbios_BIOS_rtsUnlock__I)
                  00005a00    00000018     app_pem3.oem3 (.text:ti_sysbios_family_arm_m3_Hwi_Module__startupDone__F)
                  00005a18    00000018     app_pem3.oem3 (.text:ti_sysbios_family_arm_m3_Timer_Module__startupDone__F)
                  00005a30    00000018     sysbios.aem3 : BIOS.obj (.text:ti_sysbios_gates_GateMutex_leave__E)
                  00005a48    00000018     ti.targets.arm.rtsarm.aem3 : Error.oem3 (.text:xdc_runtime_Error_check__E)
                  00005a60    00000018                                : System.oem3 (.text:xdc_runtime_System_exit__E)
                  00005a78    00000018                                : Text.oem3 (.text:xdc_runtime_Text_ropeText__E)
                  00005a90    00000016     app_pem3.oem3 (.text:ti_sysbios_BIOS_exitFunc__I)
                  00005aa6    00000002     --HOLE-- [fill = 0]
                  00005aa8    00000014     rtsv7M3_T_le_eabi.lib : _lock.obj (.text)
                  00005abc    00000014                           : strlen.obj (.text)
                  00005ad0    00000014     app_pem3.oem3 (.text:ti_sysbios_family_arm_m3_Hwi_Object__get__S)
                  00005ae4    00000014     sysbios.aem3 : BIOS.obj (.text:ti_sysbios_family_arm_m3_Hwi_switchFromBootStack__E)
                  00005af8    00000014     app_pem3.oem3 (.text:ti_sysbios_heaps_HeapMem_Object__get__S)
                  00005b0c    00000014     app_pem3.oem3 (.text:ti_sysbios_knl_Mailbox_Object__get__S)
                  00005b20    00000014     app_pem3.oem3 (.text:ti_sysbios_knl_Swi_Object__get__S)
                  00005b34    00000014     app_pem3.oem3 (.text:xdc_runtime_LoggerBuf_Object__get__S)
                  00005b48    00000012     rtsv7M3_T_le_eabi.lib : copy_zero_init.obj (.text:decompress:ZI)
                  00005b5a    00000012                           : strcpy.obj (.text)
                  00005b6c    00000012     sysbios.aem3 : BIOS.obj (.text:ti_sysbios_hal_Hwi_Module_startup__E)
                  00005b7e    00000012                  : BIOS.obj (.text:ti_sysbios_knl_Event_sync__E)
                  00005b90    00000012     ti.targets.arm.rtsarm.aem3 : LoggerBuf.oem3 (.text:xdc_runtime_LoggerBuf_Instance_finalize__E)
                  00005ba2    00000012                                : LoggerBuf.oem3 (.text:xdc_runtime_LoggerBuf_write1__E)
                  00005bb4    00000012                                : LoggerBuf.oem3 (.text:xdc_runtime_LoggerBuf_write2__E)
                  00005bc6    00000012     app_pem3.oem3 (.text:xdc_runtime_Startup_exec__I)
                  00005bd8    00000010     sysbios.aem3 : BIOS.obj (.text:ti_sysbios_BIOS_setThreadType__E)
                  00005be8    00000010                  : BIOS.obj (.text:ti_sysbios_BIOS_start__E)
                  00005bf8    00000010                  : BIOS.obj (.text:ti_sysbios_family_arm_lm3_TimestampProvider_rolloverFunc__E)
                  00005c08    00000010                  : m3_TaskSupport_asm.obj (.text:ti_sysbios_family_arm_m3_TaskSupport_glue)
                  00005c18    00000010                  : m3_TaskSupport_asm.obj (.text:ti_sysbios_family_arm_m3_TaskSupport_swap__E)
                  00005c28    00000010                  : BIOS.obj (.text:ti_sysbios_gates_GateMutex_Instance_finalize__E)
                  00005c38    00000010                  : BIOS.obj (.text:ti_sysbios_knl_Swi_disable__E)
                  00005c48    00000010     app_pem3.oem3 (.text:ti_sysbios_knl_Task_Object__get__S)
                  00005c58    00000010     sysbios.aem3 : BIOS.obj (.text:ti_sysbios_knl_Task_disable__E)
                  00005c68    00000010     ti.targets.arm.rtsarm.aem3 : Gate.oem3 (.text:xdc_runtime_Gate_leaveSystem__E)
                  00005c78    00000010                                : LoggerBuf.oem3 (.text:xdc_runtime_LoggerBuf_write0__E)
                  00005c88    00000010                                : Memory.oem3 (.text:xdc_runtime_Memory_free__E)
                  00005c98    00000010                                : SysMin.oem3 (.text:xdc_runtime_SysMin_ready__E)
                  00005ca8    00000010                                : System.oem3 (.text:xdc_runtime_System_vsnprintf__E)
                  00005cb8    00000010     app_pem3.oem3 (.text:xdc_runtime_Text_visitRope__I)
                  00005cc8    0000000e     rtsv7M3_T_le_eabi.lib : copy_decompress_none.obj (.text:decompress:none)
                  00005cd6    0000000e     sysbios.aem3 : BIOS.obj (.text:ti_sysbios_knl_Queue_empty__E)
                  00005ce4    0000000c     app_pem3.oem3 (.text:.bootCodeSection:ti_catalog_arm_cortexm3_lm3init_Boot_init)
                  00005cf0    0000000c     sysbios.aem3 : BIOS.obj (.text:ti_sysbios_family_arm_lm3_TimestampProvider_startTimer__E)
                  00005cfc    0000000c                  : BIOS.obj (.text:ti_sysbios_family_arm_m3_TaskSupport_checkStack__E)
                  00005d08    0000000c                  : BIOS.obj (.text:ti_sysbios_gates_GateHwi_enter__E)
                  00005d14    0000000c     app_pem3.oem3 (.text:ti_sysbios_knl_Queue_Object__get__S)
                  00005d20    0000000c     ti.targets.arm.rtsarm.aem3 : Error.oem3 (.text:xdc_runtime_Error_init__E)
                  00005d2c    0000000c                                : Gate.oem3 (.text:xdc_runtime_Gate_enterSystem__E)
                  00005d38    0000000c                                : Memory.oem3 (.text:xdc_runtime_Memory_calloc__E)
                  00005d44    0000000c                                : Memory.oem3 (.text:xdc_runtime_Memory_getMaxDefaultTypeAlign__E)
                  00005d50    0000000a     app_pem3.oem3 (.text:xdc_runtime_IHeap_alloc)
                  00005d5a    0000000a     app_pem3.oem3 (.text:xdc_runtime_IHeap_free)
                  00005d64    0000000a     ti.targets.arm.rtsarm.aem3 : LoggerBuf.oem3 (.text:xdc_runtime_LoggerBuf_disable__E)
                  00005d6e    0000000a                                : LoggerBuf.oem3 (.text:xdc_runtime_LoggerBuf_enable__E)
                  00005d78    00000008     sysbios.aem3 : BIOS.obj (.text:ti_sysbios_family_arm_m3_Hwi_doSwiRestore__I)
                  00005d80    00000008                  : BIOS.obj (.text:ti_sysbios_family_arm_m3_Hwi_startup__E)
                  00005d88    00000008                  : BIOS.obj (.text:ti_sysbios_knl_Idle_loop__E)
                  00005d90    00000006     Boot.aem3 : Boot.oem3 (.text)
                  00005d96    00000006     ti.targets.arm.rtsarm.aem3 : xdc_noinit.oem3 (.text:__xdc__init)
                  00005d9c    00000006     rtsv7M3_T_le_eabi.lib : copy_decompress_rle.obj (.text:decompress:rle24)
                  00005da2    00000006     sysbios.aem3 : BIOS.obj (.text:ti_sysbios_family_arm_lm3_TimestampProvider_Module_startup__E)
                  00005da8    00000006                  : BIOS.obj (.text:ti_sysbios_gates_GateHwi_leave__E)
                  00005dae    00000006                  : BIOS.obj (.text:ti_sysbios_heaps_HeapMem_isBlocking__E)
                  00005db4    00000006                  : BIOS.obj (.text:ti_sysbios_knl_Queue_Instance_init__E)
                  00005dba    00000006     ti.targets.arm.rtsarm.aem3 : System.oem3 (.text:xdc_runtime_System_Module_startup__E)
                  00005dc0    00000004                                : LoggerBuf.oem3 (.text:LoggerBuf_instanceStartup)
                  00005dc4    00000004     app_pem3.oem3 (.text:ti_sysbios_BIOS_RtsGateProxy_enter__E)
                  00005dc8    00000004     app_pem3.oem3 (.text:ti_sysbios_BIOS_RtsGateProxy_leave__E)
                  00005dcc    00000004     app_pem3.oem3 (.text:ti_sysbios_family_arm_m3_TaskSupport_Module__startupDone__S)
                  00005dd0    00000004     sysbios.aem3 : BIOS.obj (.text:ti_sysbios_family_arm_m3_Timer_getMaxTicks__E)
                  00005dd4    00000004                  : BIOS.obj (.text:ti_sysbios_gates_GateHwi_query__E)
                  00005dd8    00000004                  : BIOS.obj (.text:ti_sysbios_gates_GateMutex_query__E)
                  00005ddc    00000004     app_pem3.oem3 (.text:ti_sysbios_hal_Hwi_HwiProxy_Module__startupDone__S)
                  00005de0    00000004     app_pem3.oem3 (.text:ti_sysbios_heaps_HeapMem_Module_GateProxy_enter__E)
                  00005de4    00000004     app_pem3.oem3 (.text:ti_sysbios_heaps_HeapMem_Module_GateProxy_leave__E)
                  00005de8    00000004     app_pem3.oem3 (.text:ti_sysbios_knl_Clock_TimerProxy_Module__startupDone__S)
                  00005dec    00000004     app_pem3.oem3 (.text:ti_sysbios_knl_Clock_TimerProxy_getMaxTicks__E)
                  00005df0    00000004     app_pem3.oem3 (.text:ti_sysbios_knl_Queue_destruct)
                  00005df4    00000004     app_pem3.oem3 (.text:ti_sysbios_knl_Semaphore_destruct)
                  00005df8    00000004     app_pem3.oem3 (.text:ti_sysbios_knl_Task_SupportProxy_Module__startupDone__S)
                  00005dfc    00000004     sysbios.aem3 : BIOS.obj (.text:ti_sysbios_knl_Task_startup__E)
                  00005e00    00000004     ti.targets.arm.rtsarm.aem3 : Error.oem3 (.text:xdc_runtime_Error_getSite__E)
                  00005e04    00000004     app_pem3.oem3 (.text:xdc_runtime_LoggerBuf_Module_GateProxy_enter__E)
                  00005e08    00000004     app_pem3.oem3 (.text:xdc_runtime_LoggerBuf_Module_GateProxy_leave__E)
                  00005e0c    00000004     app_pem3.oem3 (.text:xdc_runtime_Memory_HeapProxy_alloc__E)
                  00005e10    00000004     app_pem3.oem3 (.text:xdc_runtime_Memory_HeapProxy_free__E)
                  00005e14    00000004     app_pem3.oem3 (.text:xdc_runtime_Startup_reset__I)
                  00005e18    00000004     app_pem3.oem3 (.text:xdc_runtime_System_Module_GateProxy_enter__E)
                  00005e1c    00000004     app_pem3.oem3 (.text:xdc_runtime_System_Module_GateProxy_leave__E)
                  00005e20    00000004     ti.targets.arm.rtsarm.aem3 : System.oem3 (.text:xdc_runtime_System_aprintf_va__F)
                  00005e24    00000004                                : System.oem3 (.text:xdc_runtime_System_printf_va__F)

.const     0    00005e28    00001fa8     
                  00005e28    0000172d     app_pem3.oem3 (.const:xdc_runtime_Text_charTab__A)
                  00007555    000001db     frame_graphics.obj (.const:g_pucFont)
                  00007730    000000b8     app_pem3.oem3 (.const:xdc_runtime_Text_nodeTab__A)
                  000077e8    00000048     app_pem3.oem3 (.const:.string)
                  00007830    00000040     frame_graphics.obj (.const)
                  00007870    0000003c     app_pem3.oem3 (.const:xdc_runtime_LoggerBuf_Module__FXNS__C)
                  000078ac    00000030     app_pem3.oem3 (.const:xdc_runtime_Startup_sfxnTab__A)
                  000078dc    00000028     app_pem3.oem3 (.const:ti_sysbios_heaps_HeapMem_Module__FXNS__C)
                  00007904    00000024     app_pem3.oem3 (.const:ti_sysbios_gates_GateHwi_Module__FXNS__C)
                  00007928    00000024     app_pem3.oem3 (.const:ti_sysbios_gates_GateMutex_Module__FXNS__C)
                  0000794c    00000024     app_pem3.oem3 (.const:ti_sysbios_heaps_HeapMem_Object__PARAMS__C)
                  00007970    00000024     app_pem3.oem3 (.const:ti_sysbios_knl_Semaphore_Object__PARAMS__C)
                  00007994    00000024     app_pem3.oem3 (.const:xdc_runtime_LoggerBuf_Object__PARAMS__C)
                  000079b8    00000020     app_pem3.oem3 (.const:ti_sysbios_gates_GateHwi_Object__DESC__C)
                  000079d8    00000020     app_pem3.oem3 (.const:ti_sysbios_gates_GateMutex_Object__DESC__C)
                  000079f8    00000020     app_pem3.oem3 (.const:ti_sysbios_heaps_HeapMem_Object__DESC__C)
                  00007a18    00000020     app_pem3.oem3 (.const:ti_sysbios_knl_Queue_Object__DESC__C)
                  00007a38    00000020     app_pem3.oem3 (.const:ti_sysbios_knl_Semaphore_Object__DESC__C)
                  00007a58    00000020     app_pem3.oem3 (.const:xdc_runtime_LoggerBuf_Object__DESC__C)
                  00007a78    00000018     app_pem3.oem3 (.const:ti_sysbios_gates_GateHwi_Object__PARAMS__C)
                  00007a90    00000018     app_pem3.oem3 (.const:ti_sysbios_gates_GateMutex_Object__PARAMS__C)
                  00007aa8    00000018     app_pem3.oem3 (.const:ti_sysbios_knl_Queue_Object__PARAMS__C)
                  00007ac0    00000018     app_pem3.oem3 (.const:xdc_runtime_Startup_sfxnRts__A)
                  00007ad8    00000014     app_pem3.oem3 (.const)
                  00007aec    00000011     ti.targets.arm.rtsarm.aem3 : System.oem3 (.const:.string)
                  00007afd    00000001     app_pem3.oem3 (.const:xdc_runtime_Error_policy__C)
                  00007afe    00000002     app_pem3.oem3 (.const:ti_sysbios_family_arm_lm3_TimestampProvider_useClockTimer__C)
                  00007b00    00000010     app_pem3.oem3 (.const:xdc_runtime_Startup_firstFxns__A)
                  00007b10    00000008     app_pem3.oem3 (.const:ti_sysbios_family_arm_m3_Hwi_excHookFuncs__A)
                  00007b18    00000008     app_pem3.oem3 (.const:ti_sysbios_knl_Idle_funcList__C)
                  00007b20    00000008     app_pem3.oem3 (.const:xdc_runtime_Startup_firstFxns__C)
                  00007b28    00000008     app_pem3.oem3 (.const:xdc_runtime_Startup_lastFxns__C)
                  00007b30    00000004     app_pem3.oem3 (.const:ti_sysbios_family_arm_lm3_Timer_WRALLOW__C)
                  00007b34    00000004     app_pem3.oem3 (.const:ti_sysbios_family_arm_lm3_Timer_enableFunc__C)
                  00007b38    00000004     app_pem3.oem3 (.const:ti_sysbios_family_arm_lm3_Timer_numTimerDevices__C)
                  00007b3c    00000004     app_pem3.oem3 (.const:ti_sysbios_family_arm_lm3_Timer_startupNeeded__C)
                  00007b40    00000004     app_pem3.oem3 (.const:ti_sysbios_family_arm_m3_Hwi_E_NMI__C)
                  00007b44    00000004     app_pem3.oem3 (.const:ti_sysbios_family_arm_m3_Hwi_E_busFault__C)
                  00007b48    00000004     app_pem3.oem3 (.const:ti_sysbios_family_arm_m3_Hwi_E_debugMon__C)
                  00007b4c    00000004     app_pem3.oem3 (.const:ti_sysbios_family_arm_m3_Hwi_E_hardFault__C)
                  00007b50    00000004     app_pem3.oem3 (.const:ti_sysbios_family_arm_m3_Hwi_E_memFault__C)
                  00007b54    00000004     app_pem3.oem3 (.const:ti_sysbios_family_arm_m3_Hwi_E_noIsr__C)
                  00007b58    00000004     app_pem3.oem3 (.const:ti_sysbios_family_arm_m3_Hwi_E_reserved__C)
                  00007b5c    00000004     app_pem3.oem3 (.const:ti_sysbios_family_arm_m3_Hwi_E_svCall__C)
                  00007b60    00000004     app_pem3.oem3 (.const:ti_sysbios_family_arm_m3_Hwi_E_usageFault__C)
                  00007b64    00000004     app_pem3.oem3 (.const:ti_sysbios_family_arm_m3_Hwi_LD_end__C)
                  00007b68    00000004     app_pem3.oem3 (.const:ti_sysbios_family_arm_m3_Hwi_LM_begin__C)
                  00007b6c    00000004     app_pem3.oem3 (.const:ti_sysbios_family_arm_m3_Hwi_Module__diagsEnabled__C)
                  00007b70    00000004     app_pem3.oem3 (.const:ti_sysbios_family_arm_m3_Hwi_Module__diagsIncluded__C)
                  00007b74    00000004     app_pem3.oem3 (.const:ti_sysbios_family_arm_m3_Hwi_Module__diagsMask__C)
                  00007b78    00000004     app_pem3.oem3 (.const:ti_sysbios_family_arm_m3_Hwi_Module__loggerFxn1__C)
                  00007b7c    00000004     app_pem3.oem3 (.const:ti_sysbios_family_arm_m3_Hwi_Module__loggerFxn8__C)
                  00007b80    00000004     app_pem3.oem3 (.const:ti_sysbios_family_arm_m3_Hwi_Module__loggerObj__C)
                  00007b84    00000004     app_pem3.oem3 (.const:ti_sysbios_family_arm_m3_Hwi_NUM_INTERRUPTS__C)
                  00007b88    00000004     app_pem3.oem3 (.const:ti_sysbios_family_arm_m3_Hwi_Object__count__C)
                  00007b8c    00000004     app_pem3.oem3 (.const:ti_sysbios_family_arm_m3_Hwi_ccr__C)
                  00007b90    00000004     app_pem3.oem3 (.const:ti_sysbios_family_arm_m3_Hwi_excHandlerFunc__C)
                  00007b94    00000004     app_pem3.oem3 (.const:ti_sysbios_family_arm_m3_Hwi_excHookFuncs__C)
                  00007b98    00000004     app_pem3.oem3 (.const:ti_sysbios_family_arm_m3_Hwi_nullIsrFunc__C)
                  00007b9c    00000004     app_pem3.oem3 (.const:ti_sysbios_family_arm_m3_Hwi_priGroup__C)
                  00007ba0    00000004     app_pem3.oem3 (.const:ti_sysbios_family_arm_m3_Timer_E_cannotSupport__C)
                  00007ba4    00000004     app_pem3.oem3 (.const:ti_sysbios_family_arm_m3_Timer_startupNeeded__C)
                  00007ba8    00000004     app_pem3.oem3 (.const:ti_sysbios_gates_GateMutex_A_badContext__C)
                  00007bac    00000004     app_pem3.oem3 (.const:ti_sysbios_gates_GateMutex_Instance_State_sem__O)
                  00007bb0    00000004     app_pem3.oem3 (.const:ti_sysbios_gates_GateMutex_Module__diagsEnabled__C)
                  00007bb4    00000004     app_pem3.oem3 (.const:ti_sysbios_gates_GateMutex_Module__diagsIncluded__C)
                  00007bb8    00000004     app_pem3.oem3 (.const:ti_sysbios_gates_GateMutex_Module__diagsMask__C)
                  00007bbc    00000004     app_pem3.oem3 (.const:ti_sysbios_hal_Hwi_E_stackOverflow__C)
                  00007bc0    00000004     app_pem3.oem3 (.const:ti_sysbios_heaps_HeapMem_A_align__C)
                  00007bc4    00000004     app_pem3.oem3 (.const:ti_sysbios_heaps_HeapMem_A_heapSize__C)
                  00007bc8    00000004     app_pem3.oem3 (.const:ti_sysbios_heaps_HeapMem_A_invalidFree__C)
                  00007bcc    00000004     app_pem3.oem3 (.const:ti_sysbios_heaps_HeapMem_A_zeroBlock__C)
                  00007bd0    00000004     app_pem3.oem3 (.const:ti_sysbios_heaps_HeapMem_E_memory__C)
                  00007bd4    00000004     app_pem3.oem3 (.const:ti_sysbios_heaps_HeapMem_Module__diagsEnabled__C)
                  00007bd8    00000004     app_pem3.oem3 (.const:ti_sysbios_heaps_HeapMem_Module__diagsIncluded__C)
                  00007bdc    00000004     app_pem3.oem3 (.const:ti_sysbios_heaps_HeapMem_Module__diagsMask__C)
                  00007be0    00000004     app_pem3.oem3 (.const:ti_sysbios_heaps_HeapMem_Module__gateObj__C)
                  00007be4    00000004     app_pem3.oem3 (.const:ti_sysbios_heaps_HeapMem_Object__count__C)
                  00007be8    00000004     app_pem3.oem3 (.const:ti_sysbios_heaps_HeapMem_reqAlign__C)
                  00007bec    00000004     app_pem3.oem3 (.const:ti_sysbios_knl_Clock_LM_begin__C)
                  00007bf0    00000004     app_pem3.oem3 (.const:ti_sysbios_knl_Clock_LM_tick__C)
                  00007bf4    00000004     app_pem3.oem3 (.const:ti_sysbios_knl_Clock_LW_delayed__C)
                  00007bf8    00000004     app_pem3.oem3 (.const:ti_sysbios_knl_Clock_Module_State_clockQ__O)
                  00007bfc    00000004     app_pem3.oem3 (.const:ti_sysbios_knl_Clock_Module__diagsEnabled__C)
                  00007c00    00000004     app_pem3.oem3 (.const:ti_sysbios_knl_Clock_Module__diagsIncluded__C)
                  00007c04    00000004     app_pem3.oem3 (.const:ti_sysbios_knl_Clock_Module__diagsMask__C)
                  00007c08    00000004     app_pem3.oem3 (.const:ti_sysbios_knl_Clock_Module__loggerFxn1__C)
                  00007c0c    00000004     app_pem3.oem3 (.const:ti_sysbios_knl_Clock_Module__loggerFxn2__C)
                  00007c10    00000004     app_pem3.oem3 (.const:ti_sysbios_knl_Clock_Module__loggerObj__C)
                  00007c14    00000004     app_pem3.oem3 (.const:ti_sysbios_knl_Event_A_nullEventId__C)
                  00007c18    00000004     app_pem3.oem3 (.const:ti_sysbios_knl_Event_Instance_State_pendQ__O)
                  00007c1c    00000004     app_pem3.oem3 (.const:ti_sysbios_knl_Event_LM_post__C)
                  00007c20    00000004     app_pem3.oem3 (.const:ti_sysbios_knl_Event_Module__diagsEnabled__C)
                  00007c24    00000004     app_pem3.oem3 (.const:ti_sysbios_knl_Event_Module__diagsIncluded__C)
                  00007c28    00000004     app_pem3.oem3 (.const:ti_sysbios_knl_Event_Module__diagsMask__C)
                  00007c2c    00000004     app_pem3.oem3 (.const:ti_sysbios_knl_Event_Module__loggerFxn4__C)
                  00007c30    00000004     app_pem3.oem3 (.const:ti_sysbios_knl_Event_Module__loggerObj__C)
                  00007c34    00000004     app_pem3.oem3 (.const:ti_sysbios_knl_Idle_funcList__A)
                  00007c38    00000004     app_pem3.oem3 (.const:ti_sysbios_knl_Mailbox_Instance_State_dataQue__O)
                  00007c3c    00000004     app_pem3.oem3 (.const:ti_sysbios_knl_Mailbox_Instance_State_dataSem__O)
                  00007c40    00000004     app_pem3.oem3 (.const:ti_sysbios_knl_Mailbox_Instance_State_freeQue__O)
                  00007c44    00000004     app_pem3.oem3 (.const:ti_sysbios_knl_Mailbox_Instance_State_freeSem__O)
                  00007c48    00000004     app_pem3.oem3 (.const:ti_sysbios_knl_Mailbox_Object__count__C)
                  00007c4c    00000004     app_pem3.oem3 (.const:ti_sysbios_knl_Mailbox_maxTypeAlign__C)
                  00007c50    00000004     app_pem3.oem3 (.const:ti_sysbios_knl_Semaphore_A_badContext__C)
                  00007c54    00000004     app_pem3.oem3 (.const:ti_sysbios_knl_Semaphore_A_overflow__C)
                  00007c58    00000004     app_pem3.oem3 (.const:ti_sysbios_knl_Semaphore_A_pendTaskDisabled__C)
                  00007c5c    00000004     app_pem3.oem3 (.const:ti_sysbios_knl_Semaphore_Instance_State_pendQ__O)
                  00007c60    00000004     app_pem3.oem3 (.const:ti_sysbios_knl_Semaphore_LM_pend__C)
                  00007c64    00000004     app_pem3.oem3 (.const:ti_sysbios_knl_Semaphore_LM_post__C)
                  00007c68    00000004     app_pem3.oem3 (.const:ti_sysbios_knl_Semaphore_Module__diagsEnabled__C)
                  00007c6c    00000004     app_pem3.oem3 (.const:ti_sysbios_knl_Semaphore_Module__diagsIncluded__C)
                  00007c70    00000004     app_pem3.oem3 (.const:ti_sysbios_knl_Semaphore_Module__diagsMask__C)
                  00007c74    00000004     app_pem3.oem3 (.const:ti_sysbios_knl_Semaphore_Module__loggerFxn2__C)
                  00007c78    00000004     app_pem3.oem3 (.const:ti_sysbios_knl_Semaphore_Module__loggerFxn4__C)
                  00007c7c    00000004     app_pem3.oem3 (.const:ti_sysbios_knl_Semaphore_Module__loggerObj__C)
                  00007c80    00000004     app_pem3.oem3 (.const:ti_sysbios_knl_Semaphore_eventPost__C)
                  00007c84    00000004     app_pem3.oem3 (.const:ti_sysbios_knl_Semaphore_eventSync__C)
                  00007c88    00000004     app_pem3.oem3 (.const:ti_sysbios_knl_Swi_LD_end__C)
                  00007c8c    00000004     app_pem3.oem3 (.const:ti_sysbios_knl_Swi_LM_begin__C)
                  00007c90    00000004     app_pem3.oem3 (.const:ti_sysbios_knl_Swi_LM_post__C)
                  00007c94    00000004     app_pem3.oem3 (.const:ti_sysbios_knl_Swi_Module__diagsEnabled__C)
                  00007c98    00000004     app_pem3.oem3 (.const:ti_sysbios_knl_Swi_Module__diagsIncluded__C)
                  00007c9c    00000004     app_pem3.oem3 (.const:ti_sysbios_knl_Swi_Module__diagsMask__C)
                  00007ca0    00000004     app_pem3.oem3 (.const:ti_sysbios_knl_Swi_Module__loggerFxn1__C)
                  00007ca4    00000004     app_pem3.oem3 (.const:ti_sysbios_knl_Swi_Module__loggerFxn4__C)
                  00007ca8    00000004     app_pem3.oem3 (.const:ti_sysbios_knl_Swi_Module__loggerObj__C)
                  00007cac    00000004     app_pem3.oem3 (.const:ti_sysbios_knl_Swi_Object__count__C)
                  00007cb0    00000004     app_pem3.oem3 (.const:ti_sysbios_knl_Task_E_spOutOfBounds__C)
                  00007cb4    00000004     app_pem3.oem3 (.const:ti_sysbios_knl_Task_E_stackOverflow__C)
                  00007cb8    00000004     app_pem3.oem3 (.const:ti_sysbios_knl_Task_LD_block__C)
                  00007cbc    00000004     app_pem3.oem3 (.const:ti_sysbios_knl_Task_LD_exit__C)
                  00007cc0    00000004     app_pem3.oem3 (.const:ti_sysbios_knl_Task_LD_ready__C)
                  00007cc4    00000004     app_pem3.oem3 (.const:ti_sysbios_knl_Task_LM_switch__C)
                  00007cc8    00000004     app_pem3.oem3 (.const:ti_sysbios_knl_Task_Module_State_inactiveQ__O)
                  00007ccc    00000004     app_pem3.oem3 (.const:ti_sysbios_knl_Task_Module__diagsEnabled__C)
                  00007cd0    00000004     app_pem3.oem3 (.const:ti_sysbios_knl_Task_Module__diagsIncluded__C)
                  00007cd4    00000004     app_pem3.oem3 (.const:ti_sysbios_knl_Task_Module__diagsMask__C)
                  00007cd8    00000004     app_pem3.oem3 (.const:ti_sysbios_knl_Task_Module__loggerFxn2__C)
                  00007cdc    00000004     app_pem3.oem3 (.const:ti_sysbios_knl_Task_Module__loggerFxn4__C)
                  00007ce0    00000004     app_pem3.oem3 (.const:ti_sysbios_knl_Task_Module__loggerObj__C)
                  00007ce4    00000004     app_pem3.oem3 (.const:ti_sysbios_knl_Task_Object__count__C)
                  00007ce8    00000004     app_pem3.oem3 (.const:ti_sysbios_knl_Task_allBlockedFunc__C)
                  00007cec    00000004     app_pem3.oem3 (.const:ti_sysbios_knl_Task_numConstructedTasks__C)
                  00007cf0    00000004     app_pem3.oem3 (.const:xdc_runtime_Assert_E_assertFailed__C)
                  00007cf4    00000004     app_pem3.oem3 (.const:xdc_runtime_Core_A_initializedParams__C)
                  00007cf8    00000004     app_pem3.oem3 (.const:xdc_runtime_Core_Module__diagsEnabled__C)
                  00007cfc    00000004     app_pem3.oem3 (.const:xdc_runtime_Core_Module__diagsIncluded__C)
                  00007d00    00000004     app_pem3.oem3 (.const:xdc_runtime_Core_Module__diagsMask__C)
                  00007d04    00000004     app_pem3.oem3 (.const:xdc_runtime_Error_E_memory__C)
                  00007d08    00000004     app_pem3.oem3 (.const:xdc_runtime_Error_Module__diagsEnabled__C)
                  00007d0c    00000004     app_pem3.oem3 (.const:xdc_runtime_Error_Module__diagsIncluded__C)
                  00007d10    00000004     app_pem3.oem3 (.const:xdc_runtime_Error_Module__diagsMask__C)
                  00007d14    00000004     app_pem3.oem3 (.const:xdc_runtime_Error_Module__loggerFxn8__C)
                  00007d18    00000004     app_pem3.oem3 (.const:xdc_runtime_Error_Module__loggerObj__C)
                  00007d1c    00000004     app_pem3.oem3 (.const:xdc_runtime_Error_policyFxn__C)
                  00007d20    00000004     app_pem3.oem3 (.const:xdc_runtime_Error_raiseHook__C)
                  00007d24    00000004     app_pem3.oem3 (.const:xdc_runtime_IFilterLogger_Interface__BASE__C)
                  00007d28    00000004     app_pem3.oem3 (.const:xdc_runtime_IGateProvider_Interface__BASE__C)
                  00007d2c    00000004     app_pem3.oem3 (.const:xdc_runtime_IHeap_Interface__BASE__C)
                  00007d30    00000004     app_pem3.oem3 (.const:xdc_runtime_ILogger_Interface__BASE__C)
                  00007d34    00000004     app_pem3.oem3 (.const:xdc_runtime_IModule_Interface__BASE__C)
                  00007d38    00000004     app_pem3.oem3 (.const:xdc_runtime_Log_L_error__C)
                  00007d3c    00000004     app_pem3.oem3 (.const:xdc_runtime_LoggerBuf_E_badLevel__C)
                  00007d40    00000004     app_pem3.oem3 (.const:xdc_runtime_LoggerBuf_Module__gateObj__C)
                  00007d44    00000004     app_pem3.oem3 (.const:xdc_runtime_LoggerBuf_Object__count__C)
                  00007d48    00000004     app_pem3.oem3 (.const:xdc_runtime_LoggerBuf_statusLogger__C)
                  00007d4c    00000004     app_pem3.oem3 (.const:xdc_runtime_Memory_defaultHeapInstance__C)
                  00007d50    00000004     app_pem3.oem3 (.const:xdc_runtime_Startup_execImpl__C)
                  00007d54    00000004     app_pem3.oem3 (.const:xdc_runtime_Startup_lastFxns__A)
                  00007d58    00000004     app_pem3.oem3 (.const:xdc_runtime_Startup_maxPasses__C)
                  00007d5c    00000004     app_pem3.oem3 (.const:xdc_runtime_Startup_sfxnRts__C)
                  00007d60    00000004     app_pem3.oem3 (.const:xdc_runtime_Startup_sfxnTab__C)
                  00007d64    00000004     app_pem3.oem3 (.const:xdc_runtime_SysMin_bufSize__C)
                  00007d68    00000004     app_pem3.oem3 (.const:xdc_runtime_SysMin_outputFunc__C)
                  00007d6c    00000004     app_pem3.oem3 (.const:xdc_runtime_System_Module__gateObj__C)
                  00007d70    00000004     app_pem3.oem3 (.const:xdc_runtime_System_abortFxn__C)
                  00007d74    00000004     app_pem3.oem3 (.const:xdc_runtime_System_exitFxn__C)
                  00007d78    00000004     app_pem3.oem3 (.const:xdc_runtime_System_extendFxn__C)
                  00007d7c    00000004     app_pem3.oem3 (.const:xdc_runtime_System_maxAtexitHandlers__C)
                  00007d80    00000004     app_pem3.oem3 (.const:xdc_runtime_Text_charTab__C)
                  00007d84    00000004     app_pem3.oem3 (.const:xdc_runtime_Text_nameEmpty__C)
                  00007d88    00000004     app_pem3.oem3 (.const:xdc_runtime_Text_nameStatic__C)
                  00007d8c    00000004     app_pem3.oem3 (.const:xdc_runtime_Text_nameUnknown__C)
                  00007d90    00000004     app_pem3.oem3 (.const:xdc_runtime_Text_nodeTab__C)
                  00007d94    00000004     app_pem3.oem3 (.const:xdc_runtime_Text_visitRopeFxn__C)
                  00007d98    00000002     app_pem3.oem3 (.const:ti_sysbios_family_arm_m3_Hwi_Module__id__C)
                  00007d9a    00000002     app_pem3.oem3 (.const:ti_sysbios_family_arm_m3_Hwi_Module__loggerDefined__C)
                  00007d9c    00000002     app_pem3.oem3 (.const:ti_sysbios_family_arm_m3_Timer_Module__id__C)
                  00007d9e    00000002     app_pem3.oem3 (.const:ti_sysbios_gates_GateMutex_Module__id__C)
                  00007da0    00000002     app_pem3.oem3 (.const:ti_sysbios_hal_Hwi_Module__id__C)
                  00007da2    00000002     app_pem3.oem3 (.const:ti_sysbios_heaps_HeapMem_Module__id__C)
                  00007da4    00000002     app_pem3.oem3 (.const:ti_sysbios_knl_Clock_Module__id__C)
                  00007da6    00000002     app_pem3.oem3 (.const:ti_sysbios_knl_Clock_Module__loggerDefined__C)
                  00007da8    00000002     app_pem3.oem3 (.const:ti_sysbios_knl_Event_Module__id__C)
                  00007daa    00000002     app_pem3.oem3 (.const:ti_sysbios_knl_Event_Module__loggerDefined__C)
                  00007dac    00000002     app_pem3.oem3 (.const:ti_sysbios_knl_Semaphore_Module__id__C)
                  00007dae    00000002     app_pem3.oem3 (.const:ti_sysbios_knl_Semaphore_Module__loggerDefined__C)
                  00007db0    00000002     app_pem3.oem3 (.const:ti_sysbios_knl_Swi_Module__id__C)
                  00007db2    00000002     app_pem3.oem3 (.const:ti_sysbios_knl_Swi_Module__loggerDefined__C)
                  00007db4    00000002     app_pem3.oem3 (.const:ti_sysbios_knl_Task_Module__id__C)
                  00007db6    00000002     app_pem3.oem3 (.const:ti_sysbios_knl_Task_Module__loggerDefined__C)
                  00007db8    00000002     app_pem3.oem3 (.const:ti_sysbios_knl_Task_initStackFlag__C)
                  00007dba    00000002     app_pem3.oem3 (.const:xdc_runtime_Core_Module__id__C)
                  00007dbc    00000002     app_pem3.oem3 (.const:xdc_runtime_Error_Module__loggerDefined__C)
                  00007dbe    00000002     app_pem3.oem3 (.const:xdc_runtime_Error_maxDepth__C)
                  00007dc0    00000002     app_pem3.oem3 (.const:xdc_runtime_LoggerBuf_Module__id__C)
                  00007dc2    00000002     app_pem3.oem3 (.const:xdc_runtime_LoggerBuf_filterByLevel__C)
                  00007dc4    00000002     app_pem3.oem3 (.const:xdc_runtime_Memory_Module__id__C)
                  00007dc6    00000002     app_pem3.oem3 (.const:xdc_runtime_SysMin_flushAtExit__C)
                  00007dc8    00000002     app_pem3.oem3 (.const:xdc_runtime_Text_charCnt__C)
                  00007dca    00000002     app_pem3.oem3 (.const:xdc_runtime_Text_isLoaded__C)
                  00007dcc    00000002     app_pem3.oem3 (.const:xdc_runtime_Text_registryModsLastId__C)
                  00007dce    00000002     app_pem3.oem3 (.const:xdc_runtime_Text_unnamedModsLastId__C)

.cinit     0    00007dd0    00000590     
                  00007dd0    0000055c     (.cinit..data.load) [load image]
                  0000832c    0000000c     (__TI_handler_table)
                  00008338    00000008     (.cinit..bss.load) [load image, compression = zero_init]
                  00008340    00000008     (.cinit..vecs.load) [load image, compression = zero_init]
                  00008348    00000018     (__TI_cinit_table)

.vecs      0    20000000    00000140     UNINITIALIZED
                  20000000    00000140     app_pem3.oem3 (.vecs)

.bss       0    20000140    00003720     UNINITIALIZED
                  20000140    00001800     frame_graphics.obj (.bss:g_pucFrame)
                  20001940    00001000     app_pem3.oem3 (.bss:ti_sysbios_heaps_HeapMem_Instance_State_0_buf__A)
                  20002940    00000800     app_pem3.oem3 (.bss:taskStackSection)
                  20003140    00000200     app_pem3.oem3 (.bss:xdc_runtime_LoggerBuf_Instance_State_0_entryArr__A)
                  20003340    00000200     app_pem3.oem3 (.bss:xdc_runtime_SysMin_Module_State_0_outbuf__A)
                  20003540    00000140     app_pem3.oem3 (.bss:ti_sysbios_family_arm_m3_Hwi_dispatchTable)
                  20003680    00000120     rtsv7M3_T_le_eabi.lib : trgmsg.obj (.bss:__CIOBUF_)
                  200037a0    000000a0     app_pem3.oem3 (.bss:ti_sysbios_knl_Mailbox_Instance_State_0_allocBuf__A)
                  20003840    00000014     (.common:piState$1)
                  20003854    00000008     (.common:parmbuf)
                  2000385c    00000004     (.common:g_ulButtons)

.data      0    20003860    00000554     UNINITIALIZED
                  20003860    00000180     app_pem3.oem3 (.data)
                  200039e0    00000080     app_pem3.oem3 (.data:ti_sysbios_knl_Swi_Module_State_0_readyQ__A)
                  20003a60    00000080     app_pem3.oem3 (.data:ti_sysbios_knl_Task_Module_State_0_readyQ__A)
                  20003ae0    00000050     app_pem3.oem3 (.data:ti_sysbios_knl_Mailbox_Object__table__V)
                  20003b30    0000004c     app_pem3.oem3 (.data:ti_sysbios_knl_Task_Object__table__V)
                  20003b7c    00000048     app_pem3.oem3 (.data:ti_sysbios_family_arm_m3_Hwi_Object__table__V)
                  20003bc4    00000044     app_pem3.oem3 (.data:ti_sysbios_knl_Task_Module__state__V)
                  20003c08    00000038     app_pem3.oem3 (.data:ti_sysbios_gates_GateMutex_Object__table__V)
                  20003c40    00000034     app_pem3.oem3 (.data:ti_sysbios_family_arm_m3_Hwi_Module__state__V)
                  20003c74    00000030     app_pem3.oem3 (.data:ti_sysbios_family_arm_lm3_Timer_Object__table__V)
                  20003ca4    00000030     app_pem3.oem3 (.data:ti_sysbios_family_arm_m3_Timer_Object__table__V)
                  20003cd4    00000030     app_pem3.oem3 (.data:ti_sysbios_knl_Swi_Object__table__V)
                  20003d04    0000002c     app_pem3.oem3 (.data:ti_sysbios_knl_Clock_Module__state__V)
                  20003d30    00000028     app_pem3.oem3 (.data:ti_sysbios_knl_Semaphore_Object__table__V)
                  20003d58    00000024     app_pem3.oem3 (.data:ti_sysbios_BIOS_Module__state__V)
                  20003d7c    00000024     app_pem3.oem3 (.data:xdc_runtime_LoggerBuf_Object__table__V)
                  20003da0    00000008     rtsv7M3_T_le_eabi.lib : _lock.obj (.data)
                  20003da8    00000008                           : exit.obj (.data)
                  20003db0    00000004                           : stkdepth_vars.obj (.data)

.stack     0    20003db4    00000400     UNINITIALIZED
                  20003db4    00000400     --HOLE--


LINKER GENERATED COPY TABLES

__TI_cinit_table @ 00008348 records: 3, size/record: 8, table size: 24
	.data: load addr=00007dd0, load size=0000055c bytes, run addr=20003860, run size=00000554 bytes, compression=copy
	.bss: load addr=00008338, load size=00000008 bytes, run addr=20000140, run size=00003720 bytes, compression=zero_init
	.vecs: load addr=00008340, load size=00000008 bytes, run addr=20000000, run size=00000140 bytes, compression=zero_init


LINKER GENERATED HANDLER TABLE

__TI_handler_table @ 0000832c records: 3, size/record: 4, table size: 12
	index: 0, handler: __TI_zero_init
	index: 1, handler: __TI_decompress_rle24
	index: 2, handler: __TI_decompress_none


GLOBAL SYMBOLS: SORTED ALPHABETICALLY BY Name 

address    name
--------   ----
00007ae8   ADCHwi
UNDEFED    ADC_Hwi
00003be9   ButtonDebounce
00004bcd   C$$EXIT
000044ff   C$$IO$$
00000239   DrawChar
000003fb   DrawCircle
00000499   DrawFilledRectangle
0000011f   DrawLine
000000af   DrawPoint
00000311   DrawString
0000003d   FillFrame
000013c5   HOSTclock
0000138d   HOSTclose
0000134f   HOSTgetenv
000012f3   HOSTlseek
000012a1   HOSTopen
00001255   HOSTread
000011f7   HOSTrename
000011bd   HOSTtime
00001185   HOSTunlink
00001139   HOSTwrite
00005dc1   LoggerBuf_instanceStartup
UNDEFED    SHT$$INIT_ARRAY$$Base
UNDEFED    SHT$$INIT_ARRAY$$Limit
20003b30   TSK_idle
00000000   __ASM__
20003680   __CIOBUF_
00000070   __ISA__
00000082   __PLAT__
200041b4   __STACK_END
00000400   __STACK_SIZE
20003fb4   __STACK_TOP
000000a8   __TARG__
00008348   __TI_CINIT_Base
00008360   __TI_CINIT_Limit
0000832c   __TI_Handler_Table_Base
00008338   __TI_Handler_Table_Limit
00000001   __TI_args_main
00003a11   __TI_auto_init
20003da8   __TI_cleanup_ptr
00005cc9   __TI_decompress_none
00005d9d   __TI_decompress_rle24
20003dac   __TI_dtors_ptr
00004503   __TI_readmsg
00000000   __TI_static_base__
000044d5   __TI_writemsg
00005b49   __TI_zero_init
000000cd   __TRDR__
00004165   __aeabi_memclr
00004165   __aeabi_memclr4
00004165   __aeabi_memclr8
00003ab1   __aeabi_memcpy
00003ab1   __aeabi_memcpy4
00003ab1   __aeabi_memcpy8
00004167   __aeabi_memset
00004167   __aeabi_memset4
00004167   __aeabi_memset8
00004da9   __aeabi_uidivmod
ffffffff   __binit__
ffffffff   __c_args__
20003db4   __stack
00005d97   __xdc__init
200039dc   __xdc__init__addr
000059d1   _args_main
00004b45   _c_int00
20003da0   _lock
00005ab7   _nop
00005aaf   _register_lock
00005aa9   _register_unlock
20003da4   _unlock
00004bd1   abort
ffffffff   binit
00007ad8   buttonClock
00007adc   buttonMailbox
00001893   buttonScanning
00004b89   copy_in
00007ae0   displaySemaphore
000018d1   drawGrid
00001a05   drawSlope
00004bd9   exit
00007555   g_pucFont
20000140   g_pucFrame
2000385c   g_ulButtons
00001889   main
20003db0   main_func_sp
00003ab1   memcpy
0000416d   memset
00005b5b   strcpy
00005abd   strlen
00005ce5   ti_catalog_arm_cortexm3_lm3init_Boot_init
00002a29   ti_catalog_arm_cortexm3_lm3init_Boot_sysCtlClockSet
00005d91   ti_catalog_arm_cortexm3_lm3init_Boot_sysCtlDelay
20003d58   ti_sysbios_BIOS_Module__state__V
00005dc5   ti_sysbios_BIOS_RtsGateProxy_enter__E
00005dc9   ti_sysbios_BIOS_RtsGateProxy_leave__E
00005dd9   ti_sysbios_BIOS_RtsGateProxy_query__E
000051e1   ti_sysbios_BIOS_atExitFunc__I
000054d9   ti_sysbios_BIOS_errorRaiseHook__I
00005a91   ti_sysbios_BIOS_exitFunc__I
00003be7   ti_sysbios_BIOS_nullFunc__I
000054fd   ti_sysbios_BIOS_registerRTSLock__I
00005521   ti_sysbios_BIOS_removeRTSLock__I
00005809   ti_sysbios_BIOS_rtsLock__I
000059e9   ti_sysbios_BIOS_rtsUnlock__I
00005bd9   ti_sysbios_BIOS_setThreadType__E
00005439   ti_sysbios_BIOS_startFunc__I
00005be9   ti_sysbios_BIOS_start__E
20003868   ti_sysbios_family_arm_lm3_Timer_Module_State_0_device__A
20003888   ti_sysbios_family_arm_lm3_Timer_Module_State_0_handles__A
20003860   ti_sysbios_family_arm_lm3_Timer_Module__root__V
20003898   ti_sysbios_family_arm_lm3_Timer_Module__state__V
000041e1   ti_sysbios_family_arm_lm3_Timer_Module_startup__E
20003c74   ti_sysbios_family_arm_lm3_Timer_Object__table__V
00007b30   ti_sysbios_family_arm_lm3_Timer_WRALLOW__C
00007b34   ti_sysbios_family_arm_lm3_Timer_enableFunc__C
000045f5   ti_sysbios_family_arm_lm3_Timer_enableStellaris__I
00003ecd   ti_sysbios_family_arm_lm3_Timer_enableTimers__I
00005545   ti_sysbios_family_arm_lm3_Timer_isrStub__E
00007b38   ti_sysbios_family_arm_lm3_Timer_numTimerDevices__C
000040e9   ti_sysbios_family_arm_lm3_Timer_start__E
00007b3c   ti_sysbios_family_arm_lm3_Timer_startupNeeded__C
0000332d   ti_sysbios_family_arm_lm3_Timer_startup__E
00005569   ti_sysbios_family_arm_lm3_Timer_stop__E
200038a4   ti_sysbios_family_arm_lm3_TimestampProvider_Module__state__V
00005da3   ti_sysbios_family_arm_lm3_TimestampProvider_Module_startup__E
0000396d   ti_sysbios_family_arm_lm3_TimestampProvider_get64__E
00005bf9   ti_sysbios_family_arm_lm3_TimestampProvider_rolloverFunc__E
00005cf1   ti_sysbios_family_arm_lm3_TimestampProvider_startTimer__E
00007afe   ti_sysbios_family_arm_lm3_TimestampProvider_useClockTimer__C
00007b40   ti_sysbios_family_arm_m3_Hwi_E_NMI__C
00007b44   ti_sysbios_family_arm_m3_Hwi_E_busFault__C
00007b48   ti_sysbios_family_arm_m3_Hwi_E_debugMon__C
00007b4c   ti_sysbios_family_arm_m3_Hwi_E_hardFault__C
00007b50   ti_sysbios_family_arm_m3_Hwi_E_memFault__C
00007b54   ti_sysbios_family_arm_m3_Hwi_E_noIsr__C
00007b58   ti_sysbios_family_arm_m3_Hwi_E_reserved__C
00007b5c   ti_sysbios_family_arm_m3_Hwi_E_svCall__C
00007b60   ti_sysbios_family_arm_m3_Hwi_E_usageFault__C
000058cd   ti_sysbios_family_arm_m3_Hwi_Handle__label__S
00007b64   ti_sysbios_family_arm_m3_Hwi_LD_end__C
00007b68   ti_sysbios_family_arm_m3_Hwi_LM_begin__C
200038b4   ti_sysbios_family_arm_m3_Hwi_Module_State_0_excActive__A
200038b8   ti_sysbios_family_arm_m3_Hwi_Module_State_0_excContext__A
200038bc   ti_sysbios_family_arm_m3_Hwi_Module_State_0_excStack__A
00007b6c   ti_sysbios_family_arm_m3_Hwi_Module__diagsEnabled__C
00007b70   ti_sysbios_family_arm_m3_Hwi_Module__diagsIncluded__C
00007b74   ti_sysbios_family_arm_m3_Hwi_Module__diagsMask__C
00007d98   ti_sysbios_family_arm_m3_Hwi_Module__id__C
00007d9a   ti_sysbios_family_arm_m3_Hwi_Module__loggerDefined__C
00007b78   ti_sysbios_family_arm_m3_Hwi_Module__loggerFxn1__C
00007b7c   ti_sysbios_family_arm_m3_Hwi_Module__loggerFxn8__C
00007b80   ti_sysbios_family_arm_m3_Hwi_Module__loggerObj__C
200038ac   ti_sysbios_family_arm_m3_Hwi_Module__root__V
00005a01   ti_sysbios_family_arm_m3_Hwi_Module__startupDone__F
00005a01   ti_sysbios_family_arm_m3_Hwi_Module__startupDone__S
20003c40   ti_sysbios_family_arm_m3_Hwi_Module__state__V
00003269   ti_sysbios_family_arm_m3_Hwi_Module_startup__E
00007b84   ti_sysbios_family_arm_m3_Hwi_NUM_INTERRUPTS__C
00007b88   ti_sysbios_family_arm_m3_Hwi_Object__count__C
00005ad1   ti_sysbios_family_arm_m3_Hwi_Object__get__S
20003b7c   ti_sysbios_family_arm_m3_Hwi_Object__table__V
00007b8c   ti_sysbios_family_arm_m3_Hwi_ccr__C
00004c11   ti_sysbios_family_arm_m3_Hwi_disableInterrupt__E
00002319   ti_sysbios_family_arm_m3_Hwi_dispatchC__I
20003540   ti_sysbios_family_arm_m3_Hwi_dispatchTable
00002f35   ti_sysbios_family_arm_m3_Hwi_dispatch__I
00005d79   ti_sysbios_family_arm_m3_Hwi_doSwiRestore__I
0000558d   ti_sysbios_family_arm_m3_Hwi_doTaskRestore__I
00004c55   ti_sysbios_family_arm_m3_Hwi_enableInterrupt__E
00001c79   ti_sysbios_family_arm_m3_Hwi_excBusFault__I
000036c5   ti_sysbios_family_arm_m3_Hwi_excDebugMon__I
000006c1   ti_sysbios_family_arm_m3_Hwi_excDumpRegs__I
00005689   ti_sysbios_family_arm_m3_Hwi_excHandlerAsm__I
00007b90   ti_sysbios_family_arm_m3_Hwi_excHandlerFunc__C
00001a81   ti_sysbios_family_arm_m3_Hwi_excHandlerMax__I
000056a9   ti_sysbios_family_arm_m3_Hwi_excHandler__I
000034a9   ti_sysbios_family_arm_m3_Hwi_excHardFault__I
00007b10   ti_sysbios_family_arm_m3_Hwi_excHookFuncs__A
00007b94   ti_sysbios_family_arm_m3_Hwi_excHookFuncs__C
000021d9   ti_sysbios_family_arm_m3_Hwi_excMemFault__I
000050a9   ti_sysbios_family_arm_m3_Hwi_excNmi__I
00004f59   ti_sysbios_family_arm_m3_Hwi_excNoIsr__I
00004995   ti_sysbios_family_arm_m3_Hwi_excReserved__I
00004e2d   ti_sysbios_family_arm_m3_Hwi_excSvCall__I
00001f39   ti_sysbios_family_arm_m3_Hwi_excUsageFault__I
00004f91   ti_sysbios_family_arm_m3_Hwi_getStackInfo__E
00003f59   ti_sysbios_family_arm_m3_Hwi_initNVIC__E
000049dd   ti_sysbios_family_arm_m3_Hwi_initStacks__E
00007b98   ti_sysbios_family_arm_m3_Hwi_nullIsrFunc__C
e000e000   ti_sysbios_family_arm_m3_Hwi_nvic
000058e7   ti_sysbios_family_arm_m3_Hwi_pendSV__I
00007b9c   ti_sysbios_family_arm_m3_Hwi_priGroup__C
20000000   ti_sysbios_family_arm_m3_Hwi_ramVectors
00000000   ti_sysbios_family_arm_m3_Hwi_resetVectors
000058ff   ti_sysbios_family_arm_m3_Hwi_return
00005d81   ti_sysbios_family_arm_m3_Hwi_startup__E
00005ae5   ti_sysbios_family_arm_m3_Hwi_switchFromBootStack__E
00005dcd   ti_sysbios_family_arm_m3_TaskSupport_Module__startupDone__S
000048b1   ti_sysbios_family_arm_m3_TaskSupport_buildTaskStack
00005cfd   ti_sysbios_family_arm_m3_TaskSupport_checkStack__E
00005c09   ti_sysbios_family_arm_m3_TaskSupport_glue
00004fc9   ti_sysbios_family_arm_m3_TaskSupport_start__E
00005c19   ti_sysbios_family_arm_m3_TaskSupport_swap__E
00007ba0   ti_sysbios_family_arm_m3_Timer_E_cannotSupport__C
00007d9c   ti_sysbios_family_arm_m3_Timer_Module__id__C
200038c0   ti_sysbios_family_arm_m3_Timer_Module__root__V
00005a19   ti_sysbios_family_arm_m3_Timer_Module__startupDone__F
00005a19   ti_sysbios_family_arm_m3_Timer_Module__startupDone__S
200038c8   ti_sysbios_family_arm_m3_Timer_Module__state__V
00004ded   ti_sysbios_family_arm_m3_Timer_Module_startup__E
20003ca4   ti_sysbios_family_arm_m3_Timer_Object__table__V
00005dd1   ti_sysbios_family_arm_m3_Timer_getMaxTicks__E
00004a25   ti_sysbios_family_arm_m3_Timer_initDevice__I
000050dd   ti_sysbios_family_arm_m3_Timer_periodicStub__I
000047b9   ti_sysbios_family_arm_m3_Timer_setPeriod__E
0000480d   ti_sysbios_family_arm_m3_Timer_start__E
00007ba4   ti_sysbios_family_arm_m3_Timer_startupNeeded__C
000055b1   ti_sysbios_family_arm_m3_Timer_startup__E
000057e9   ti_sysbios_family_xxx_Hwi_switchAndRunFunc
00005901   ti_sysbios_gates_GateHwi_Handle__label__S
000041df   ti_sysbios_gates_GateHwi_Instance_init__E
00007904   ti_sysbios_gates_GateHwi_Module__FXNS__C
200038d4   ti_sysbios_gates_GateHwi_Module__root__V
000079b8   ti_sysbios_gates_GateHwi_Object__DESC__C
00007a78   ti_sysbios_gates_GateHwi_Object__PARAMS__C
00005211   ti_sysbios_gates_GateHwi_Object__create__S
000056c9   ti_sysbios_gates_GateHwi_Object__delete__S
200038dc   ti_sysbios_gates_GateHwi_Object__table__V
00005d09   ti_sysbios_gates_GateHwi_enter__E
00005da9   ti_sysbios_gates_GateHwi_leave__E
00005dd5   ti_sysbios_gates_GateHwi_query__E
00007ba8   ti_sysbios_gates_GateMutex_A_badContext__C
0000591b   ti_sysbios_gates_GateMutex_Handle__label__S
00007bac   ti_sysbios_gates_GateMutex_Instance_State_sem__O
00005c29   ti_sysbios_gates_GateMutex_Instance_finalize__E
00005825   ti_sysbios_gates_GateMutex_Instance_init__E
00007928   ti_sysbios_gates_GateMutex_Module__FXNS__C
00007bb0   ti_sysbios_gates_GateMutex_Module__diagsEnabled__C
00007bb4   ti_sysbios_gates_GateMutex_Module__diagsIncluded__C
00007bb8   ti_sysbios_gates_GateMutex_Module__diagsMask__C
00007d9e   ti_sysbios_gates_GateMutex_Module__id__C
200038e0   ti_sysbios_gates_GateMutex_Module__root__V
000079d8   ti_sysbios_gates_GateMutex_Object__DESC__C
00007a90   ti_sysbios_gates_GateMutex_Object__PARAMS__C
00005241   ti_sysbios_gates_GateMutex_Object__create__S
000055d5   ti_sysbios_gates_GateMutex_Object__delete__S
20003c08   ti_sysbios_gates_GateMutex_Object__table__V
0000355d   ti_sysbios_gates_GateMutex_enter__E
00005a31   ti_sysbios_gates_GateMutex_leave__E
00005dd9   ti_sysbios_gates_GateMutex_query__E
00007bbc   ti_sysbios_hal_Hwi_E_stackOverflow__C
00005ddd   ti_sysbios_hal_Hwi_HwiProxy_Module__startupDone__S
00004c11   ti_sysbios_hal_Hwi_HwiProxy_disableInterrupt__E
00004c55   ti_sysbios_hal_Hwi_HwiProxy_enableInterrupt__E
00004f91   ti_sysbios_hal_Hwi_HwiProxy_getStackInfo__E
00005d81   ti_sysbios_hal_Hwi_HwiProxy_startup__E
00005ae5   ti_sysbios_hal_Hwi_HwiProxy_switchFromBootStack__E
00007da0   ti_sysbios_hal_Hwi_Module__id__C
200038e8   ti_sysbios_hal_Hwi_Module__root__V
00005b6d   ti_sysbios_hal_Hwi_Module_startup__E
00005111   ti_sysbios_hal_Hwi_checkStack
00004c11   ti_sysbios_hal_Hwi_disableInterrupt__E
00004c55   ti_sysbios_hal_Hwi_enableInterrupt__E
00004f91   ti_sysbios_hal_Hwi_getStackInfo__E
00005331   ti_sysbios_hal_Hwi_initStack
00005d81   ti_sysbios_hal_Hwi_startup__E
00007bc0   ti_sysbios_heaps_HeapMem_A_align__C
00007bc4   ti_sysbios_heaps_HeapMem_A_heapSize__C
00007bc8   ti_sysbios_heaps_HeapMem_A_invalidFree__C
00007bcc   ti_sysbios_heaps_HeapMem_A_zeroBlock__C
00007bd0   ti_sysbios_heaps_HeapMem_E_memory__C
00005935   ti_sysbios_heaps_HeapMem_Handle__label__S
20001940   ti_sysbios_heaps_HeapMem_Instance_State_0_buf__A
00002451   ti_sysbios_heaps_HeapMem_Instance_init__E
00005de1   ti_sysbios_heaps_HeapMem_Module_GateProxy_enter__E
00005de5   ti_sysbios_heaps_HeapMem_Module_GateProxy_leave__E
00005dd9   ti_sysbios_heaps_HeapMem_Module_GateProxy_query__E
000078dc   ti_sysbios_heaps_HeapMem_Module__FXNS__C
00007bd4   ti_sysbios_heaps_HeapMem_Module__diagsEnabled__C
00007bd8   ti_sysbios_heaps_HeapMem_Module__diagsIncluded__C
00007bdc   ti_sysbios_heaps_HeapMem_Module__diagsMask__C
00007be0   ti_sysbios_heaps_HeapMem_Module__gateObj__C
00007da2   ti_sysbios_heaps_HeapMem_Module__id__C
200038f0   ti_sysbios_heaps_HeapMem_Module__root__V
000079f8   ti_sysbios_heaps_HeapMem_Object__DESC__C
0000794c   ti_sysbios_heaps_HeapMem_Object__PARAMS__C
00007be4   ti_sysbios_heaps_HeapMem_Object__count__C
00005271   ti_sysbios_heaps_HeapMem_Object__create__S
000056e9   ti_sysbios_heaps_HeapMem_Object__delete__S
00005af9   ti_sysbios_heaps_HeapMem_Object__get__S
200038f8   ti_sysbios_heaps_HeapMem_Object__table__V
00001655   ti_sysbios_heaps_HeapMem_alloc__E
0000140d   ti_sysbios_heaps_HeapMem_free__E
00004a6d   ti_sysbios_heaps_HeapMem_getStats__E
00004e69   ti_sysbios_heaps_HeapMem_init__I
00005daf   ti_sysbios_heaps_HeapMem_isBlocking__E
00007be8   ti_sysbios_heaps_HeapMem_reqAlign__C
00007bec   ti_sysbios_knl_Clock_LM_begin__C
00007bf0   ti_sysbios_knl_Clock_LM_tick__C
00007bf4   ti_sysbios_knl_Clock_LW_delayed__C
00007bf8   ti_sysbios_knl_Clock_Module_State_clockQ__O
00007bfc   ti_sysbios_knl_Clock_Module__diagsEnabled__C
00007c00   ti_sysbios_knl_Clock_Module__diagsIncluded__C
00007c04   ti_sysbios_knl_Clock_Module__diagsMask__C
00007da4   ti_sysbios_knl_Clock_Module__id__C
00007da6   ti_sysbios_knl_Clock_Module__loggerDefined__C
00007c08   ti_sysbios_knl_Clock_Module__loggerFxn1__C
00007c0c   ti_sysbios_knl_Clock_Module__loggerFxn2__C
00007c10   ti_sysbios_knl_Clock_Module__loggerObj__C
20003910   ti_sysbios_knl_Clock_Module__root__V
20003d04   ti_sysbios_knl_Clock_Module__state__V
000055f9   ti_sysbios_knl_Clock_Module_startup__E
20003918   ti_sysbios_knl_Clock_Object__table__V
00005de9   ti_sysbios_knl_Clock_TimerProxy_Module__startupDone__S
00005ded   ti_sysbios_knl_Clock_TimerProxy_getMaxTicks__E
000055b1   ti_sysbios_knl_Clock_TimerProxy_startup__E
0000535d   ti_sysbios_knl_Clock_doTick__I
00004535   ti_sysbios_knl_Clock_logTick__E
00002589   ti_sysbios_knl_Clock_workFunc__E
00007c14   ti_sysbios_knl_Event_A_nullEventId__C
00007c18   ti_sysbios_knl_Event_Instance_State_pendQ__O
00007c1c   ti_sysbios_knl_Event_LM_post__C
00007c20   ti_sysbios_knl_Event_Module__diagsEnabled__C
00007c24   ti_sysbios_knl_Event_Module__diagsIncluded__C
00007c28   ti_sysbios_knl_Event_Module__diagsMask__C
00007da8   ti_sysbios_knl_Event_Module__id__C
00007daa   ti_sysbios_knl_Event_Module__loggerDefined__C
00007c2c   ti_sysbios_knl_Event_Module__loggerFxn4__C
00007c30   ti_sysbios_knl_Event_Module__loggerObj__C
20003938   ti_sysbios_knl_Event_Module__root__V
00001de1   ti_sysbios_knl_Event_post__E
00005b7f   ti_sysbios_knl_Event_sync__E
00007c34   ti_sysbios_knl_Idle_funcList__A
00007b18   ti_sysbios_knl_Idle_funcList__C
00005d89   ti_sysbios_knl_Idle_loop__E
00005709   ti_sysbios_knl_Idle_run__E
200037a0   ti_sysbios_knl_Mailbox_Instance_State_0_allocBuf__A
00007c38   ti_sysbios_knl_Mailbox_Instance_State_dataQue__O
00007c3c   ti_sysbios_knl_Mailbox_Instance_State_dataSem__O
00007c40   ti_sysbios_knl_Mailbox_Instance_State_freeQue__O
00007c44   ti_sysbios_knl_Mailbox_Instance_State_freeSem__O
20003940   ti_sysbios_knl_Mailbox_Module__root__V
00003fe1   ti_sysbios_knl_Mailbox_Module_startup__E
00007c48   ti_sysbios_knl_Mailbox_Object__count__C
00005b0d   ti_sysbios_knl_Mailbox_Object__get__S
20003ae0   ti_sysbios_knl_Mailbox_Object__table__V
00007c4c   ti_sysbios_knl_Mailbox_maxTypeAlign__C
00003c7d   ti_sysbios_knl_Mailbox_post__E
00005db5   ti_sysbios_knl_Queue_Instance_init__E
20003948   ti_sysbios_knl_Queue_Module__root__V
00007a18   ti_sysbios_knl_Queue_Object__DESC__C
00007aa8   ti_sysbios_knl_Queue_Object__PARAMS__C
00005841   ti_sysbios_knl_Queue_Object__destruct__S
00005d15   ti_sysbios_knl_Queue_Object__get__S
00005389   ti_sysbios_knl_Queue_construct
00005df1   ti_sysbios_knl_Queue_destruct
00005cd7   ti_sysbios_knl_Queue_empty__E
00007c50   ti_sysbios_knl_Semaphore_A_badContext__C
00007c54   ti_sysbios_knl_Semaphore_A_overflow__C
00007c58   ti_sysbios_knl_Semaphore_A_pendTaskDisabled__C
00007c5c   ti_sysbios_knl_Semaphore_Instance_State_pendQ__O
00005461   ti_sysbios_knl_Semaphore_Instance_finalize__E
000042c5   ti_sysbios_knl_Semaphore_Instance_init__E
00007c60   ti_sysbios_knl_Semaphore_LM_pend__C
00007c64   ti_sysbios_knl_Semaphore_LM_post__C
00007c68   ti_sysbios_knl_Semaphore_Module__diagsEnabled__C
00007c6c   ti_sysbios_knl_Semaphore_Module__diagsIncluded__C
00007c70   ti_sysbios_knl_Semaphore_Module__diagsMask__C
00007dac   ti_sysbios_knl_Semaphore_Module__id__C
00007dae   ti_sysbios_knl_Semaphore_Module__loggerDefined__C
00007c74   ti_sysbios_knl_Semaphore_Module__loggerFxn2__C
00007c78   ti_sysbios_knl_Semaphore_Module__loggerFxn4__C
00007c7c   ti_sysbios_knl_Semaphore_Module__loggerObj__C
20003950   ti_sysbios_knl_Semaphore_Module__root__V
00007a38   ti_sysbios_knl_Semaphore_Object__DESC__C
00007970   ti_sysbios_knl_Semaphore_Object__PARAMS__C
00005729   ti_sysbios_knl_Semaphore_Object__destruct__S
20003d30   ti_sysbios_knl_Semaphore_Object__table__V
000052a1   ti_sysbios_knl_Semaphore_construct
00005df5   ti_sysbios_knl_Semaphore_destruct
00007c80   ti_sysbios_knl_Semaphore_eventPost__C
00007c84   ti_sysbios_knl_Semaphore_eventSync__C
000051ad   ti_sysbios_knl_Semaphore_pendTimeout__I
00000e19   ti_sysbios_knl_Semaphore_pend__E
0000208d   ti_sysbios_knl_Semaphore_post__E
0000594f   ti_sysbios_knl_Swi_Handle__label__S
00007c88   ti_sysbios_knl_Swi_LD_end__C
00007c8c   ti_sysbios_knl_Swi_LM_begin__C
00007c90   ti_sysbios_knl_Swi_LM_post__C
200039e0   ti_sysbios_knl_Swi_Module_State_0_readyQ__A
00007c94   ti_sysbios_knl_Swi_Module__diagsEnabled__C
00007c98   ti_sysbios_knl_Swi_Module__diagsIncluded__C
00007c9c   ti_sysbios_knl_Swi_Module__diagsMask__C
00007db0   ti_sysbios_knl_Swi_Module__id__C
00007db2   ti_sysbios_knl_Swi_Module__loggerDefined__C
00007ca0   ti_sysbios_knl_Swi_Module__loggerFxn1__C
00007ca4   ti_sysbios_knl_Swi_Module__loggerFxn4__C
00007ca8   ti_sysbios_knl_Swi_Module__loggerObj__C
20003958   ti_sysbios_knl_Swi_Module__root__V
20003960   ti_sysbios_knl_Swi_Module__state__V
0000561d   ti_sysbios_knl_Swi_Module_startup__E
00007cac   ti_sysbios_knl_Swi_Object__count__C
00005b21   ti_sysbios_knl_Swi_Object__get__S
20003cd4   ti_sysbios_knl_Swi_Object__table__V
00005c39   ti_sysbios_knl_Swi_disable__E
00003775   ti_sysbios_knl_Swi_post__E
00004709   ti_sysbios_knl_Swi_restoreHwi__E
000048fd   ti_sysbios_knl_Swi_runLoop__I
000027e9   ti_sysbios_knl_Swi_run__I
00004761   ti_sysbios_knl_Swi_schedule__I
00004ea5   ti_sysbios_knl_Swi_startup__E
00007cb0   ti_sysbios_knl_Task_E_spOutOfBounds__C
00007cb4   ti_sysbios_knl_Task_E_stackOverflow__C
00005969   ti_sysbios_knl_Task_Handle__label__S
20002940   ti_sysbios_knl_Task_Instance_State_0_stack__A
00007cb8   ti_sysbios_knl_Task_LD_block__C
00007cbc   ti_sysbios_knl_Task_LD_exit__C
00007cc0   ti_sysbios_knl_Task_LD_ready__C
00007cc4   ti_sysbios_knl_Task_LM_switch__C
20003984   ti_sysbios_knl_Task_Module_State_0_idleTask__A
20003a60   ti_sysbios_knl_Task_Module_State_0_readyQ__A
00007cc8   ti_sysbios_knl_Task_Module_State_inactiveQ__O
00007ccc   ti_sysbios_knl_Task_Module__diagsEnabled__C
00007cd0   ti_sysbios_knl_Task_Module__diagsIncluded__C
00007cd4   ti_sysbios_knl_Task_Module__diagsMask__C
00007db4   ti_sysbios_knl_Task_Module__id__C
00007db6   ti_sysbios_knl_Task_Module__loggerDefined__C
00007cd8   ti_sysbios_knl_Task_Module__loggerFxn2__C
00007cdc   ti_sysbios_knl_Task_Module__loggerFxn4__C
00007ce0   ti_sysbios_knl_Task_Module__loggerObj__C
2000397c   ti_sysbios_knl_Task_Module__root__V
20003bc4   ti_sysbios_knl_Task_Module__state__V
00002d45   ti_sysbios_knl_Task_Module_startup__E
00007ce4   ti_sysbios_knl_Task_Object__count__C
00005c49   ti_sysbios_knl_Task_Object__get__S
20003b30   ti_sysbios_knl_Task_Object__table__V
00005df9   ti_sysbios_knl_Task_SupportProxy_Module__startupDone__S
00005cfd   ti_sysbios_knl_Task_SupportProxy_checkStack__E
00004fc9   ti_sysbios_knl_Task_SupportProxy_start__E
[...]
00005935   ti_sysbios_heaps_HeapMem_Handle__label__S
0000594f   ti_sysbios_knl_Swi_Handle__label__S
00005969   ti_sysbios_knl_Task_Handle__label__S
00005983   xdc_runtime_LoggerBuf_Handle__label__S
0000599d   xdc_runtime_System_aprintf__E
000059b7   xdc_runtime_System_printf__E
000059d1   _args_main
000059e9   ti_sysbios_BIOS_rtsUnlock__I
00005a01   ti_sysbios_family_arm_m3_Hwi_Module__startupDone__F
00005a01   ti_sysbios_family_arm_m3_Hwi_Module__startupDone__S
00005a19   ti_sysbios_family_arm_m3_Timer_Module__startupDone__F
00005a19   ti_sysbios_family_arm_m3_Timer_Module__startupDone__S
00005a31   ti_sysbios_gates_GateMutex_leave__E
00005a49   xdc_runtime_Error_check__E
00005a61   xdc_runtime_System_exit__E
00005a79   xdc_runtime_Text_ropeText__E
00005a91   ti_sysbios_BIOS_exitFunc__I
00005aa9   _register_unlock
00005aaf   _register_lock
00005ab7   _nop
00005abd   strlen
00005ad1   ti_sysbios_family_arm_m3_Hwi_Object__get__S
00005ae5   ti_sysbios_family_arm_m3_Hwi_switchFromBootStack__E
00005ae5   ti_sysbios_hal_Hwi_HwiProxy_switchFromBootStack__E
00005af9   ti_sysbios_heaps_HeapMem_Object__get__S
00005b0d   ti_sysbios_knl_Mailbox_Object__get__S
00005b21   ti_sysbios_knl_Swi_Object__get__S
00005b35   xdc_runtime_LoggerBuf_Object__get__S
00005b49   __TI_zero_init
00005b5b   strcpy
00005b6d   ti_sysbios_hal_Hwi_Module_startup__E
00005b7f   ti_sysbios_knl_Event_sync__E
00005b91   xdc_runtime_LoggerBuf_Instance_finalize__E
00005ba3   xdc_runtime_LoggerBuf_write1__E
00005bb5   xdc_runtime_LoggerBuf_write2__E
00005bc7   xdc_runtime_Startup_exec__I
00005bd9   ti_sysbios_BIOS_setThreadType__E
00005be9   ti_sysbios_BIOS_start__E
00005bf9   ti_sysbios_family_arm_lm3_TimestampProvider_rolloverFunc__E
00005c09   ti_sysbios_family_arm_m3_TaskSupport_glue
00005c19   ti_sysbios_family_arm_m3_TaskSupport_swap__E
00005c19   ti_sysbios_knl_Task_SupportProxy_swap__E
00005c21   ti_sysbios_knl_Task_swapReturn
00005c29   ti_sysbios_gates_GateMutex_Instance_finalize__E
00005c39   ti_sysbios_knl_Swi_disable__E
00005c49   ti_sysbios_knl_Task_Object__get__S
00005c59   ti_sysbios_knl_Task_disable__E
00005c69   xdc_runtime_Gate_leaveSystem__E
00005c79   xdc_runtime_LoggerBuf_write0__E
00005c89   xdc_runtime_Memory_free__E
00005c99   xdc_runtime_SysMin_ready__E
00005c99   xdc_runtime_System_SupportProxy_ready__E
00005ca9   xdc_runtime_System_vsnprintf__E
00005cb9   xdc_runtime_Text_visitRope__I
00005cc9   __TI_decompress_none
00005cd7   ti_sysbios_knl_Queue_empty__E
00005ce5   ti_catalog_arm_cortexm3_lm3init_Boot_init
00005cf1   ti_sysbios_family_arm_lm3_TimestampProvider_startTimer__E
00005cfd   ti_sysbios_family_arm_m3_TaskSupport_checkStack__E
00005cfd   ti_sysbios_knl_Task_SupportProxy_checkStack__E
00005d09   ti_sysbios_gates_GateHwi_enter__E
00005d15   ti_sysbios_knl_Queue_Object__get__S
00005d21   xdc_runtime_Error_init__E
00005d2d   xdc_runtime_Gate_enterSystem__E
00005d39   xdc_runtime_Memory_calloc__E
00005d45   xdc_runtime_Memory_getMaxDefaultTypeAlign__E
00005d65   xdc_runtime_LoggerBuf_disable__E
00005d6f   xdc_runtime_LoggerBuf_enable__E
00005d79   ti_sysbios_family_arm_m3_Hwi_doSwiRestore__I
00005d81   ti_sysbios_family_arm_m3_Hwi_startup__E
00005d81   ti_sysbios_hal_Hwi_HwiProxy_startup__E
00005d81   ti_sysbios_hal_Hwi_startup__E
00005d89   ti_sysbios_knl_Idle_loop__E
00005d91   ti_catalog_arm_cortexm3_lm3init_Boot_sysCtlDelay
00005d97   __xdc__init
00005d9d   __TI_decompress_rle24
00005da3   ti_sysbios_family_arm_lm3_TimestampProvider_Module_startup__E
00005da9   ti_sysbios_gates_GateHwi_leave__E
00005daf   ti_sysbios_heaps_HeapMem_isBlocking__E
00005db5   ti_sysbios_knl_Queue_Instance_init__E
00005dbb   xdc_runtime_System_Module_startup__E
00005dc1   LoggerBuf_instanceStartup
00005dc5   ti_sysbios_BIOS_RtsGateProxy_enter__E
00005dc9   ti_sysbios_BIOS_RtsGateProxy_leave__E
00005dcd   ti_sysbios_family_arm_m3_TaskSupport_Module__startupDone__S
00005dd1   ti_sysbios_family_arm_m3_Timer_getMaxTicks__E
00005dd5   ti_sysbios_gates_GateHwi_query__E
00005dd5   xdc_runtime_LoggerBuf_Module_GateProxy_query__E
00005dd5   xdc_runtime_Main_Module_GateProxy_query__E
00005dd5   xdc_runtime_System_Module_GateProxy_query__E
00005dd9   ti_sysbios_BIOS_RtsGateProxy_query__E
00005dd9   ti_sysbios_gates_GateMutex_query__E
00005dd9   ti_sysbios_heaps_HeapMem_Module_GateProxy_query__E
00005ddd   ti_sysbios_hal_Hwi_HwiProxy_Module__startupDone__S
00005de1   ti_sysbios_heaps_HeapMem_Module_GateProxy_enter__E
00005de5   ti_sysbios_heaps_HeapMem_Module_GateProxy_leave__E
00005de9   ti_sysbios_knl_Clock_TimerProxy_Module__startupDone__S
00005ded   ti_sysbios_knl_Clock_TimerProxy_getMaxTicks__E
00005df1   ti_sysbios_knl_Queue_destruct
00005df5   ti_sysbios_knl_Semaphore_destruct
00005df9   ti_sysbios_knl_Task_SupportProxy_Module__startupDone__S
00005dfd   ti_sysbios_knl_Task_startup__E
00005e01   xdc_runtime_Error_getSite__E
00005e05   xdc_runtime_LoggerBuf_Module_GateProxy_enter__E
00005e09   xdc_runtime_LoggerBuf_Module_GateProxy_leave__E
00005e0d   xdc_runtime_Memory_HeapProxy_alloc__E
00005e11   xdc_runtime_Memory_HeapProxy_free__E
00005e15   xdc_runtime_Startup_reset__I
00005e19   xdc_runtime_System_Module_GateProxy_enter__E
00005e1d   xdc_runtime_System_Module_GateProxy_leave__E
00005e21   xdc_runtime_System_aprintf_va__F
00005e25   xdc_runtime_System_printf_va__F
00005e28   xdc_runtime_Text_charTab__A
00007555   g_pucFont
00007730   xdc_runtime_Text_nodeTab__A
00007870   xdc_runtime_LoggerBuf_Module__FXNS__C
000078ac   xdc_runtime_Startup_sfxnTab__A
000078dc   ti_sysbios_heaps_HeapMem_Module__FXNS__C
00007904   ti_sysbios_gates_GateHwi_Module__FXNS__C
00007928   ti_sysbios_gates_GateMutex_Module__FXNS__C
0000794c   ti_sysbios_heaps_HeapMem_Object__PARAMS__C
00007970   ti_sysbios_knl_Semaphore_Object__PARAMS__C
00007994   xdc_runtime_LoggerBuf_Object__PARAMS__C
000079b8   ti_sysbios_gates_GateHwi_Object__DESC__C
000079d8   ti_sysbios_gates_GateMutex_Object__DESC__C
000079f8   ti_sysbios_heaps_HeapMem_Object__DESC__C
00007a18   ti_sysbios_knl_Queue_Object__DESC__C
00007a38   ti_sysbios_knl_Semaphore_Object__DESC__C
00007a58   xdc_runtime_LoggerBuf_Object__DESC__C
00007a78   ti_sysbios_gates_GateHwi_Object__PARAMS__C
00007a90   ti_sysbios_gates_GateMutex_Object__PARAMS__C
00007aa8   ti_sysbios_knl_Queue_Object__PARAMS__C
00007ac0   xdc_runtime_Startup_sfxnRts__A
00007ad8   buttonClock
00007adc   buttonMailbox
00007ae0   displaySemaphore
00007ae4   triggerSemaphore
00007ae8   ADCHwi
00007afd   xdc_runtime_Error_policy__C
00007afe   ti_sysbios_family_arm_lm3_TimestampProvider_useClockTimer__C
00007b00   xdc_runtime_Startup_firstFxns__A
00007b10   ti_sysbios_family_arm_m3_Hwi_excHookFuncs__A
00007b18   ti_sysbios_knl_Idle_funcList__C
00007b20   xdc_runtime_Startup_firstFxns__C
00007b28   xdc_runtime_Startup_lastFxns__C
00007b30   ti_sysbios_family_arm_lm3_Timer_WRALLOW__C
00007b34   ti_sysbios_family_arm_lm3_Timer_enableFunc__C
00007b38   ti_sysbios_family_arm_lm3_Timer_numTimerDevices__C
00007b3c   ti_sysbios_family_arm_lm3_Timer_startupNeeded__C
00007b40   ti_sysbios_family_arm_m3_Hwi_E_NMI__C
00007b44   ti_sysbios_family_arm_m3_Hwi_E_busFault__C
00007b48   ti_sysbios_family_arm_m3_Hwi_E_debugMon__C
00007b4c   ti_sysbios_family_arm_m3_Hwi_E_hardFault__C
00007b50   ti_sysbios_family_arm_m3_Hwi_E_memFault__C
00007b54   ti_sysbios_family_arm_m3_Hwi_E_noIsr__C
00007b58   ti_sysbios_family_arm_m3_Hwi_E_reserved__C
00007b5c   ti_sysbios_family_arm_m3_Hwi_E_svCall__C
00007b60   ti_sysbios_family_arm_m3_Hwi_E_usageFault__C
00007b64   ti_sysbios_family_arm_m3_Hwi_LD_end__C
00007b68   ti_sysbios_family_arm_m3_Hwi_LM_begin__C
00007b6c   ti_sysbios_family_arm_m3_Hwi_Module__diagsEnabled__C
00007b70   ti_sysbios_family_arm_m3_Hwi_Module__diagsIncluded__C
00007b74   ti_sysbios_family_arm_m3_Hwi_Module__diagsMask__C
00007b78   ti_sysbios_family_arm_m3_Hwi_Module__loggerFxn1__C
00007b7c   ti_sysbios_family_arm_m3_Hwi_Module__loggerFxn8__C
00007b80   ti_sysbios_family_arm_m3_Hwi_Module__loggerObj__C
00007b84   ti_sysbios_family_arm_m3_Hwi_NUM_INTERRUPTS__C
00007b88   ti_sysbios_family_arm_m3_Hwi_Object__count__C
00007b8c   ti_sysbios_family_arm_m3_Hwi_ccr__C
00007b90   ti_sysbios_family_arm_m3_Hwi_excHandlerFunc__C
00007b94   ti_sysbios_family_arm_m3_Hwi_excHookFuncs__C
00007b98   ti_sysbios_family_arm_m3_Hwi_nullIsrFunc__C
00007b9c   ti_sysbios_family_arm_m3_Hwi_priGroup__C
00007ba0   ti_sysbios_family_arm_m3_Timer_E_cannotSupport__C
00007ba4   ti_sysbios_family_arm_m3_Timer_startupNeeded__C
00007ba8   ti_sysbios_gates_GateMutex_A_badContext__C
00007bac   ti_sysbios_gates_GateMutex_Instance_State_sem__O
00007bb0   ti_sysbios_gates_GateMutex_Module__diagsEnabled__C
00007bb4   ti_sysbios_gates_GateMutex_Module__diagsIncluded__C
00007bb8   ti_sysbios_gates_GateMutex_Module__diagsMask__C
00007bbc   ti_sysbios_hal_Hwi_E_stackOverflow__C
00007bc0   ti_sysbios_heaps_HeapMem_A_align__C
00007bc4   ti_sysbios_heaps_HeapMem_A_heapSize__C
00007bc8   ti_sysbios_heaps_HeapMem_A_invalidFree__C
00007bcc   ti_sysbios_heaps_HeapMem_A_zeroBlock__C
00007bd0   ti_sysbios_heaps_HeapMem_E_memory__C
00007bd4   ti_sysbios_heaps_HeapMem_Module__diagsEnabled__C
00007bd8   ti_sysbios_heaps_HeapMem_Module__diagsIncluded__C
00007bdc   ti_sysbios_heaps_HeapMem_Module__diagsMask__C
00007be0   ti_sysbios_heaps_HeapMem_Module__gateObj__C
00007be4   ti_sysbios_heaps_HeapMem_Object__count__C
00007be8   ti_sysbios_heaps_HeapMem_reqAlign__C
00007bec   ti_sysbios_knl_Clock_LM_begin__C
00007bf0   ti_sysbios_knl_Clock_LM_tick__C
00007bf4   ti_sysbios_knl_Clock_LW_delayed__C
00007bf8   ti_sysbios_knl_Clock_Module_State_clockQ__O
00007bfc   ti_sysbios_knl_Clock_Module__diagsEnabled__C
00007c00   ti_sysbios_knl_Clock_Module__diagsIncluded__C
00007c04   ti_sysbios_knl_Clock_Module__diagsMask__C
00007c08   ti_sysbios_knl_Clock_Module__loggerFxn1__C
00007c0c   ti_sysbios_knl_Clock_Module__loggerFxn2__C
00007c10   ti_sysbios_knl_Clock_Module__loggerObj__C
00007c14   ti_sysbios_knl_Event_A_nullEventId__C
00007c18   ti_sysbios_knl_Event_Instance_State_pendQ__O
00007c1c   ti_sysbios_knl_Event_LM_post__C
00007c20   ti_sysbios_knl_Event_Module__diagsEnabled__C
00007c24   ti_sysbios_knl_Event_Module__diagsIncluded__C
00007c28   ti_sysbios_knl_Event_Module__diagsMask__C
00007c2c   ti_sysbios_knl_Event_Module__loggerFxn4__C
00007c30   ti_sysbios_knl_Event_Module__loggerObj__C
00007c34   ti_sysbios_knl_Idle_funcList__A
00007c38   ti_sysbios_knl_Mailbox_Instance_State_dataQue__O
00007c3c   ti_sysbios_knl_Mailbox_Instance_State_dataSem__O
00007c40   ti_sysbios_knl_Mailbox_Instance_State_freeQue__O
00007c44   ti_sysbios_knl_Mailbox_Instance_State_freeSem__O
00007c48   ti_sysbios_knl_Mailbox_Object__count__C
00007c4c   ti_sysbios_knl_Mailbox_maxTypeAlign__C
00007c50   ti_sysbios_knl_Semaphore_A_badContext__C
00007c54   ti_sysbios_knl_Semaphore_A_overflow__C
00007c58   ti_sysbios_knl_Semaphore_A_pendTaskDisabled__C
00007c5c   ti_sysbios_knl_Semaphore_Instance_State_pendQ__O
00007c60   ti_sysbios_knl_Semaphore_LM_pend__C
00007c64   ti_sysbios_knl_Semaphore_LM_post__C
00007c68   ti_sysbios_knl_Semaphore_Module__diagsEnabled__C
00007c6c   ti_sysbios_knl_Semaphore_Module__diagsIncluded__C
00007c70   ti_sysbios_knl_Semaphore_Module__diagsMask__C
00007c74   ti_sysbios_knl_Semaphore_Module__loggerFxn2__C
00007c78   ti_sysbios_knl_Semaphore_Module__loggerFxn4__C
00007c7c   ti_sysbios_knl_Semaphore_Module__loggerObj__C
00007c80   ti_sysbios_knl_Semaphore_eventPost__C
00007c84   ti_sysbios_knl_Semaphore_eventSync__C
00007c88   ti_sysbios_knl_Swi_LD_end__C
00007c8c   ti_sysbios_knl_Swi_LM_begin__C
00007c90   ti_sysbios_knl_Swi_LM_post__C
00007c94   ti_sysbios_knl_Swi_Module__diagsEnabled__C
00007c98   ti_sysbios_knl_Swi_Module__diagsIncluded__C
00007c9c   ti_sysbios_knl_Swi_Module__diagsMask__C
00007ca0   ti_sysbios_knl_Swi_Module__loggerFxn1__C
00007ca4   ti_sysbios_knl_Swi_Module__loggerFxn4__C
00007ca8   ti_sysbios_knl_Swi_Module__loggerObj__C
00007cac   ti_sysbios_knl_Swi_Object__count__C
00007cb0   ti_sysbios_knl_Task_E_spOutOfBounds__C
00007cb4   ti_sysbios_knl_Task_E_stackOverflow__C
00007cb8   ti_sysbios_knl_Task_LD_block__C
00007cbc   ti_sysbios_knl_Task_LD_exit__C
00007cc0   ti_sysbios_knl_Task_LD_ready__C
00007cc4   ti_sysbios_knl_Task_LM_switch__C
00007cc8   ti_sysbios_knl_Task_Module_State_inactiveQ__O
00007ccc   ti_sysbios_knl_Task_Module__diagsEnabled__C
00007cd0   ti_sysbios_knl_Task_Module__diagsIncluded__C
00007cd4   ti_sysbios_knl_Task_Module__diagsMask__C
00007cd8   ti_sysbios_knl_Task_Module__loggerFxn2__C
00007cdc   ti_sysbios_knl_Task_Module__loggerFxn4__C
00007ce0   ti_sysbios_knl_Task_Module__loggerObj__C
00007ce4   ti_sysbios_knl_Task_Object__count__C
00007ce8   ti_sysbios_knl_Task_allBlockedFunc__C
00007cec   ti_sysbios_knl_Task_numConstructedTasks__C
00007cf0   xdc_runtime_Assert_E_assertFailed__C
00007cf4   xdc_runtime_Core_A_initializedParams__C
00007cf8   xdc_runtime_Core_Module__diagsEnabled__C
00007cfc   xdc_runtime_Core_Module__diagsIncluded__C
00007d00   xdc_runtime_Core_Module__diagsMask__C
00007d04   xdc_runtime_Error_E_memory__C
00007d08   xdc_runtime_Error_Module__diagsEnabled__C
00007d0c   xdc_runtime_Error_Module__diagsIncluded__C
00007d10   xdc_runtime_Error_Module__diagsMask__C
00007d14   xdc_runtime_Error_Module__loggerFxn8__C
00007d18   xdc_runtime_Error_Module__loggerObj__C
00007d1c   xdc_runtime_Error_policyFxn__C
00007d20   xdc_runtime_Error_raiseHook__C
00007d24   xdc_runtime_IFilterLogger_Interface__BASE__C
00007d28   xdc_runtime_IGateProvider_Interface__BASE__C
00007d2c   xdc_runtime_IHeap_Interface__BASE__C
00007d30   xdc_runtime_ILogger_Interface__BASE__C
00007d34   xdc_runtime_IModule_Interface__BASE__C
00007d38   xdc_runtime_Log_L_error__C
00007d3c   xdc_runtime_LoggerBuf_E_badLevel__C
00007d40   xdc_runtime_LoggerBuf_Module__gateObj__C
00007d44   xdc_runtime_LoggerBuf_Object__count__C
00007d48   xdc_runtime_LoggerBuf_statusLogger__C
00007d4c   xdc_runtime_Memory_defaultHeapInstance__C
00007d50   xdc_runtime_Startup_execImpl__C
00007d54   xdc_runtime_Startup_lastFxns__A
00007d58   xdc_runtime_Startup_maxPasses__C
00007d5c   xdc_runtime_Startup_sfxnRts__C
00007d60   xdc_runtime_Startup_sfxnTab__C
00007d64   xdc_runtime_SysMin_bufSize__C
00007d68   xdc_runtime_SysMin_outputFunc__C
00007d6c   xdc_runtime_System_Module__gateObj__C
00007d70   xdc_runtime_System_abortFxn__C
00007d74   xdc_runtime_System_exitFxn__C
00007d78   xdc_runtime_System_extendFxn__C
00007d7c   xdc_runtime_System_maxAtexitHandlers__C
00007d80   xdc_runtime_Text_charTab__C
00007d84   xdc_runtime_Text_nameEmpty__C
00007d88   xdc_runtime_Text_nameStatic__C
00007d8c   xdc_runtime_Text_nameUnknown__C
00007d90   xdc_runtime_Text_nodeTab__C
00007d94   xdc_runtime_Text_visitRopeFxn__C
00007d98   ti_sysbios_family_arm_m3_Hwi_Module__id__C
00007d9a   ti_sysbios_family_arm_m3_Hwi_Module__loggerDefined__C
00007d9c   ti_sysbios_family_arm_m3_Timer_Module__id__C
00007d9e   ti_sysbios_gates_GateMutex_Module__id__C
00007da0   ti_sysbios_hal_Hwi_Module__id__C
00007da2   ti_sysbios_heaps_HeapMem_Module__id__C
00007da4   ti_sysbios_knl_Clock_Module__id__C
00007da6   ti_sysbios_knl_Clock_Module__loggerDefined__C
00007da8   ti_sysbios_knl_Event_Module__id__C
00007daa   ti_sysbios_knl_Event_Module__loggerDefined__C
00007dac   ti_sysbios_knl_Semaphore_Module__id__C
00007dae   ti_sysbios_knl_Semaphore_Module__loggerDefined__C
00007db0   ti_sysbios_knl_Swi_Module__id__C
00007db2   ti_sysbios_knl_Swi_Module__loggerDefined__C
00007db4   ti_sysbios_knl_Task_Module__id__C
00007db6   ti_sysbios_knl_Task_Module__loggerDefined__C
00007db8   ti_sysbios_knl_Task_initStackFlag__C
00007dba   xdc_runtime_Core_Module__id__C
00007dbc   xdc_runtime_Error_Module__loggerDefined__C
00007dbe   xdc_runtime_Error_maxDepth__C
00007dc0   xdc_runtime_LoggerBuf_Module__id__C
00007dc2   xdc_runtime_LoggerBuf_filterByLevel__C
00007dc4   xdc_runtime_Memory_Module__id__C
00007dc6   xdc_runtime_SysMin_flushAtExit__C
00007dc8   xdc_runtime_Text_charCnt__C
00007dca   xdc_runtime_Text_isLoaded__C
00007dcc   xdc_runtime_Text_registryModsLastId__C
00007dce   xdc_runtime_Text_unnamedModsLastId__C
0000832c   __TI_Handler_Table_Base
00008338   __TI_Handler_Table_Limit
00008348   __TI_CINIT_Base
00008360   __TI_CINIT_Limit
20000000   ti_sysbios_family_arm_m3_Hwi_ramVectors
20000140   g_pucFrame
20001940   ti_sysbios_heaps_HeapMem_Instance_State_0_buf__A
20002940   ti_sysbios_knl_Task_Instance_State_0_stack__A
20003140   xdc_runtime_LoggerBuf_Instance_State_0_entryArr__A
20003340   xdc_runtime_SysMin_Module_State_0_outbuf__A
20003540   ti_sysbios_family_arm_m3_Hwi_dispatchTable
20003680   __CIOBUF_
200037a0   ti_sysbios_knl_Mailbox_Instance_State_0_allocBuf__A
2000385c   g_ulButtons
20003860   ti_sysbios_family_arm_lm3_Timer_Module__root__V
20003868   ti_sysbios_family_arm_lm3_Timer_Module_State_0_device__A
20003888   ti_sysbios_family_arm_lm3_Timer_Module_State_0_handles__A
20003898   ti_sysbios_family_arm_lm3_Timer_Module__state__V
200038a4   ti_sysbios_family_arm_lm3_TimestampProvider_Module__state__V
200038ac   ti_sysbios_family_arm_m3_Hwi_Module__root__V
200038b4   ti_sysbios_family_arm_m3_Hwi_Module_State_0_excActive__A
200038b8   ti_sysbios_family_arm_m3_Hwi_Module_State_0_excContext__A
200038bc   ti_sysbios_family_arm_m3_Hwi_Module_State_0_excStack__A
200038c0   ti_sysbios_family_arm_m3_Timer_Module__root__V
200038c8   ti_sysbios_family_arm_m3_Timer_Module__state__V
200038d4   ti_sysbios_gates_GateHwi_Module__root__V
200038dc   ti_sysbios_gates_GateHwi_Object__table__V
200038e0   ti_sysbios_gates_GateMutex_Module__root__V
200038e8   ti_sysbios_hal_Hwi_Module__root__V
200038f0   ti_sysbios_heaps_HeapMem_Module__root__V
200038f8   ti_sysbios_heaps_HeapMem_Object__table__V
20003910   ti_sysbios_knl_Clock_Module__root__V
20003918   ti_sysbios_knl_Clock_Object__table__V
20003938   ti_sysbios_knl_Event_Module__root__V
20003940   ti_sysbios_knl_Mailbox_Module__root__V
20003948   ti_sysbios_knl_Queue_Module__root__V
20003950   ti_sysbios_knl_Semaphore_Module__root__V
20003958   ti_sysbios_knl_Swi_Module__root__V
20003960   ti_sysbios_knl_Swi_Module__state__V
2000397c   ti_sysbios_knl_Task_Module__root__V
20003984   ti_sysbios_knl_Task_Module_State_0_idleTask__A
20003988   xdc_runtime_Error_Module__state__V
2000398c   xdc_runtime_LoggerBuf_Module__root__V
20003994   xdc_runtime_LoggerBuf_Module__state__V
2000399c   xdc_runtime_Memory_Module__state__V
200039a0   xdc_runtime_Registry_Module__state__V
200039a8   xdc_runtime_Startup_Module__state__V
200039b0   xdc_runtime_SysMin_Module__state__V
200039bc   xdc_runtime_System_Module_State_0_atexitHandlers__A
200039cc   xdc_runtime_System_Module__state__V
200039d4   xdc_runtime_Text_Module__state__V
200039dc   __xdc__init__addr
200039e0   ti_sysbios_knl_Swi_Module_State_0_readyQ__A
20003a60   ti_sysbios_knl_Task_Module_State_0_readyQ__A
20003ae0   ti_sysbios_knl_Mailbox_Object__table__V
20003b30   TSK_idle
20003b30   ti_sysbios_knl_Task_Object__table__V
20003b7c   ti_sysbios_family_arm_m3_Hwi_Object__table__V
20003bc4   ti_sysbios_knl_Task_Module__state__V
20003c08   ti_sysbios_gates_GateMutex_Object__table__V
20003c40   ti_sysbios_family_arm_m3_Hwi_Module__state__V
20003c74   ti_sysbios_family_arm_lm3_Timer_Object__table__V
20003ca4   ti_sysbios_family_arm_m3_Timer_Object__table__V
20003cd4   ti_sysbios_knl_Swi_Object__table__V
20003d04   ti_sysbios_knl_Clock_Module__state__V
20003d30   ti_sysbios_knl_Semaphore_Object__table__V
20003d58   ti_sysbios_BIOS_Module__state__V
20003d7c   xdc_runtime_LoggerBuf_Object__table__V
20003da0   _lock
20003da4   _unlock
20003da8   __TI_cleanup_ptr
20003dac   __TI_dtors_ptr
20003db0   main_func_sp
20003db4   __stack
20003fb4   __STACK_TOP
200041b4   __STACK_END
e000e000   ti_sysbios_family_arm_m3_Hwi_nvic
ffffffff   __binit__
ffffffff   __c_args__
ffffffff   binit
UNDEFED    ADC_Hwi
UNDEFED    SHT$$INIT_ARRAY$$Base
UNDEFED    SHT$$INIT_ARRAY$$Limit

[631 symbols]
