******************************************************************************
                  TI ARM Linker PC v5.1.8                      
******************************************************************************
>> Linked Tue Dec 02 13:23:10 2014

OUTPUT FILE NAME:   <interrupts.out>
ENTRY POINT SYMBOL: "_c_int00"  address: 00000ed1


MEMORY CONFIGURATION

         name            origin    length      used     unused   attr    fill
----------------------  --------  ---------  --------  --------  ----  --------
  FLASH                 00000000   00040000  000014b2  0003eb4e  R  X
  SRAM                  20000000   00010000  00000130  0000fed0  RW X


SEGMENT ALLOCATION MAP

run origin  load origin   length   init length attrs members
----------  ----------- ---------- ----------- ----- -------
00000000    00000000    000014b8   000014b8    r-x
  00000000    00000000    000000f0   000000f0    r-- .intvecs
  000000f0    000000f0    00000f96   00000f96    r-x .text
  00001088    00001088    000003f4   000003f4    r-- .const
  00001480    00001480    00000038   00000038    r-- .cinit
20000000    20000000    00000130   00000000    rw-
  20000000    20000000    00000100   00000000    rw- .stack
  20000100    20000100    0000001c   00000000    rw- .bss
  2000011c    2000011c    00000014   00000000    rw- .data


SECTION ALLOCATION MAP

 output                                  attributes/
section   page    origin      length       input sections
--------  ----  ----------  ----------   ----------------
.intvecs   0    00000000    000000f0     
                  00000000    000000f0     startup_ccs.obj (.intvecs)

.init_array 
*          0    00000000    00000000     UNINITIALIZED

.text      0    000000f0    00000f96     
                  000000f0    0000029c     interrupts.obj (.text:main)
                  0000038c    00000198     driverlib-cm3.lib : sysctl.obj (.text:SysCtlClockGet)
                  00000524    00000144                       : sysctl.obj (.text:SysCtlClockSet)
                  00000668    000000d4     rit128x96x4.obj (.text:RIT128x96x4StringDraw)
                  0000073c    000000c8     driverlib-cm3.lib : gpio.obj (.text:GPIOPadConfigSet)
                  00000804    000000a4     rit128x96x4.obj (.text:RIT128x96x4Init)
                  000008a8    0000009c     rtsv7M3_T_le_eabi.lib : memcpy_t2.obj (.text)
                  00000944    00000094                           : auto_init.obj (.text)
                  000009d8    00000078     interrupts.obj (.text:DisplayIntStatus)
                  00000a50    00000064     driverlib-cm3.lib : interrupt.obj (.text:IntDisable)
                  00000ab4    00000064                       : interrupt.obj (.text:IntEnable)
                  00000b18    00000060     rit128x96x4.obj (.text:RIT128x96x4Enable)
                  00000b78    0000005e     rtsv7M3_T_le_eabi.lib : copy_decompress_rle.obj (.text)
                  00000bd6    00000002     startup_ccs.obj (.text:FaultISR)
                  00000bd8    0000005c     rit128x96x4.obj (.text:RITWriteCommand)
                  00000c34    0000005c     rit128x96x4.obj (.text:RITWriteData)
                  00000c90    00000058     driverlib-cm3.lib : sysctl.obj (.text:SysCtlPeripheralEnable)
                  00000ce8    0000004c     interrupts.obj (.text:IntGPIOb)
                  00000d34    0000004c     interrupts.obj (.text:IntGPIOc)
                  00000d80    00000048     rit128x96x4.obj (.text:RIT128x96x4Clear)
                  00000dc8    00000044     driverlib-cm3.lib : ssi.obj (.text:SSIConfigSetExpClk)
                  00000e0c    00000044     rtsv7M3_T_le_eabi.lib : cpy_tbl.obj (.text)
                  00000e50    00000044                           : exit.obj (.text)
                  00000e94    0000003c     interrupts.obj (.text:IntGPIOa)
                  00000ed0    00000034     rtsv7M3_T_le_eabi.lib : boot.obj (.text)
                  00000f04    0000002e     driverlib-cm3.lib : gpio.obj (.text:GPIODirModeSet)
                  00000f32    00000002     startup_ccs.obj (.text:IntDefaultHandler)
                  00000f34    00000024     driverlib-cm3.lib : interrupt.obj (.text:IntPrioritySet)
                  00000f58    00000020     interrupts.obj (.text:Delay)
                  00000f78    00000018     rtsv7M3_T_le_eabi.lib : args_main.obj (.text)
                  00000f90    00000014     driverlib-cm3.lib : systick.obj (.text:SysTickEnable)
                  00000fa4    00000014     rtsv7M3_T_le_eabi.lib : _lock.obj (.text)
                  00000fb8    00000012     driverlib-cm3.lib : gpio.obj (.text:GPIOPinTypeGPIOOutput)
                  00000fca    00000012                       : gpio.obj (.text:GPIOPinTypeSSI)
                  00000fdc    00000012     rtsv7M3_T_le_eabi.lib : copy_zero_init.obj (.text:decompress:ZI)
                  00000fee    00000002     startup_ccs.obj (.text:NmiSR)
                  00000ff0    00000010     driverlib-cm3.lib : systick.obj (.text:SysTickPeriodSet)
                  00001000    0000000e     rtsv7M3_T_le_eabi.lib : copy_decompress_none.obj (.text:decompress:none)
                  0000100e    0000000c     driverlib-cm3.lib : cpu.obj (.text:CPUcpsid)
                  0000101a    0000000c                       : cpu.obj (.text:CPUcpsie)
                  00001026    00000002     --HOLE-- [fill = 0]
                  00001028    0000000c                       : systick.obj (.text:SysTickValueGet)
                  00001034    0000000a                       : interrupt.obj (.text:IntMasterDisable)
                  0000103e    0000000a                       : interrupt.obj (.text:IntMasterEnable)
                  00001048    0000000a                       : ssi.obj (.text:SSIDataPut)
                  00001052    0000000a                       : ssi.obj (.text:SSIDisable)
                  0000105c    0000000a                       : ssi.obj (.text:SSIEnable)
                  00001066    00000008                       : ssi.obj (.text:SSIBusy)
                  0000106e    00000006                       : gpio.obj (.text:GPIOPinWrite)
                  00001074    00000006     startup_ccs.obj (.text:ResetISR)
                  0000107a    00000006     driverlib-cm3.lib : sysctl.obj (.text:SysCtlDelay)
                  00001080    00000006     rtsv7M3_T_le_eabi.lib : copy_decompress_rle.obj (.text:decompress:rle24)

.const     0    00001088    000003f4     
                  00001088    000001e0     rit128x96x4.obj (.const:g_pucFont)
                  00001268    0000009c     driverlib-cm3.lib : interrupt.obj (.const:g_pulRegs)
                  00001304    00000070                       : interrupt.obj (.const)
                  00001374    0000006c                       : sysctl.obj (.const:g_pulXtals)
                  000013e0    0000004f     rit128x96x4.obj (.const:.string:g_pucRIT128x96x4Init)
                  0000142f    00000001     --HOLE-- [fill = 0]
                  00001430    00000040     driverlib-cm3.lib : sysctl.obj (.const)
                  00001470    0000000c     rit128x96x4.obj (.const:.string)

.cinit     0    00001480    00000038     
                  00001480    0000000f     (.cinit..data.load) [load image, compression = rle]
                  0000148f    00000001     --HOLE-- [fill = 0]
                  00001490    0000000c     (__TI_handler_table)
                  0000149c    00000004     --HOLE-- [fill = 0]
                  000014a0    00000008     (.cinit..bss.load) [load image, compression = zero_init]
                  000014a8    00000010     (__TI_cinit_table)

.stack     0    20000000    00000100     UNINITIALIZED
                  20000000    00000100     --HOLE--

.bss       0    20000100    0000001c     UNINITIALIZED
                  20000100    00000008     (.common:g_pucBuffer)
                  20000108    00000004     (.common:g_ulGPIOa)
                  2000010c    00000004     (.common:g_ulGPIOb)
                  20000110    00000004     (.common:g_ulGPIOc)
                  20000114    00000004     (.common:g_ulIndex)
                  20000118    00000004     (.common:g_ulSSIFlags)

.data      0    2000011c    00000014     UNINITIALIZED
                  2000011c    00000008     rtsv7M3_T_le_eabi.lib : _lock.obj (.data)
                  20000124    00000008                           : exit.obj (.data)
                  2000012c    00000004                           : stkdepth_vars.obj (.data)


LINKER GENERATED COPY TABLES

__TI_cinit_table @ 000014a8 records: 2, size/record: 8, table size: 16
	.data: load addr=00001480, load size=0000000f bytes, run addr=2000011c, run size=00000014 bytes, compression=rle
	.bss: load addr=000014a0, load size=00000008 bytes, run addr=20000100, run size=0000001c bytes, compression=zero_init


LINKER GENERATED HANDLER TABLE

__TI_handler_table @ 00001490 records: 3, size/record: 4, table size: 12
	index: 0, handler: __TI_decompress_rle24
	index: 1, handler: __TI_decompress_none
	index: 2, handler: __TI_zero_init


GLOBAL SYMBOLS: SORTED ALPHABETICALLY BY Name 

address    name
--------   ----
00000e51   C$$EXIT
0000100f   CPUcpsid
0000101b   CPUcpsie
00000f59   Delay
000009d9   DisplayIntStatus
00000f05   GPIODirModeSet
0000073d   GPIOPadConfigSet
00000fb9   GPIOPinTypeGPIOOutput
00000fcb   GPIOPinTypeSSI
0000106f   GPIOPinWrite
00000a51   IntDisable
00000ab5   IntEnable
00000e95   IntGPIOa
00000ce9   IntGPIOb
00000d35   IntGPIOc
00001035   IntMasterDisable
0000103f   IntMasterEnable
00000f35   IntPrioritySet
00000d81   RIT128x96x4Clear
00000b19   RIT128x96x4Enable
00000805   RIT128x96x4Init
00000669   RIT128x96x4StringDraw
00001075   ResetISR
UNDEFED    SHT$$INIT_ARRAY$$Base
UNDEFED    SHT$$INIT_ARRAY$$Limit
00001067   SSIBusy
00000dc9   SSIConfigSetExpClk
00001049   SSIDataPut
00001053   SSIDisable
0000105d   SSIEnable
0000038d   SysCtlClockGet
00000525   SysCtlClockSet
0000107b   SysCtlDelay
00000c91   SysCtlPeripheralEnable
00000f91   SysTickEnable
00000ff1   SysTickPeriodSet
00001029   SysTickValueGet
20000100   __STACK_END
00000100   __STACK_SIZE
20000100   __STACK_TOP
000014a8   __TI_CINIT_Base
000014b8   __TI_CINIT_Limit
00001490   __TI_Handler_Table_Base
0000149c   __TI_Handler_Table_Limit
00000001   __TI_args_main
00000945   __TI_auto_init
20000124   __TI_cleanup_ptr
00001001   __TI_decompress_none
00001081   __TI_decompress_rle24
20000128   __TI_dtors_ptr
00000000   __TI_static_base__
00000fdd   __TI_zero_init
000008a9   __aeabi_memcpy
000008a9   __aeabi_memcpy4
000008a9   __aeabi_memcpy8
ffffffff   __binit__
ffffffff   __c_args__
20000000   __stack
00000f79   _args_main
00000ed1   _c_int00
2000011c   _lock
00000fb3   _nop
00000fab   _register_lock
00000fa5   _register_unlock
20000120   _unlock
00000e55   abort
ffffffff   binit
00000e0d   copy_in
00000e5d   exit
00000000   g_pfnVectors
20000108   g_ulGPIOa
2000010c   g_ulGPIOb
20000110   g_ulGPIOc
20000114   g_ulIndex
000000f1   main
2000012c   main_func_sp
000008a9   memcpy


GLOBAL SYMBOLS: SORTED BY Symbol Address 

address    name
--------   ----
00000000   __TI_static_base__
00000000   g_pfnVectors
00000001   __TI_args_main
000000f1   main
00000100   __STACK_SIZE
0000038d   SysCtlClockGet
00000525   SysCtlClockSet
00000669   RIT128x96x4StringDraw
0000073d   GPIOPadConfigSet
00000805   RIT128x96x4Init
000008a9   __aeabi_memcpy
000008a9   __aeabi_memcpy4
000008a9   __aeabi_memcpy8
000008a9   memcpy
00000945   __TI_auto_init
000009d9   DisplayIntStatus
00000a51   IntDisable
00000ab5   IntEnable
00000b19   RIT128x96x4Enable
00000c91   SysCtlPeripheralEnable
00000ce9   IntGPIOb
00000d35   IntGPIOc
00000d81   RIT128x96x4Clear
00000dc9   SSIConfigSetExpClk
00000e0d   copy_in
00000e51   C$$EXIT
00000e55   abort
00000e5d   exit
00000e95   IntGPIOa
00000ed1   _c_int00
00000f05   GPIODirModeSet
00000f35   IntPrioritySet
00000f59   Delay
00000f79   _args_main
00000f91   SysTickEnable
00000fa5   _register_unlock
00000fab   _register_lock
00000fb3   _nop
00000fb9   GPIOPinTypeGPIOOutput
00000fcb   GPIOPinTypeSSI
00000fdd   __TI_zero_init
00000ff1   SysTickPeriodSet
00001001   __TI_decompress_none
0000100f   CPUcpsid
0000101b   CPUcpsie
00001029   SysTickValueGet
00001035   IntMasterDisable
0000103f   IntMasterEnable
00001049   SSIDataPut
00001053   SSIDisable
0000105d   SSIEnable
00001067   SSIBusy
0000106f   GPIOPinWrite
00001075   ResetISR
0000107b   SysCtlDelay
00001081   __TI_decompress_rle24
00001490   __TI_Handler_Table_Base
0000149c   __TI_Handler_Table_Limit
000014a8   __TI_CINIT_Base
000014b8   __TI_CINIT_Limit
20000000   __stack
20000100   __STACK_END
20000100   __STACK_TOP
20000108   g_ulGPIOa
2000010c   g_ulGPIOb
20000110   g_ulGPIOc
20000114   g_ulIndex
2000011c   _lock
20000120   _unlock
20000124   __TI_cleanup_ptr
20000128   __TI_dtors_ptr
2000012c   main_func_sp
ffffffff   __binit__
ffffffff   __c_args__
ffffffff   binit
UNDEFED    SHT$$INIT_ARRAY$$Base
UNDEFED    SHT$$INIT_ARRAY$$Limit

[77 symbols]
