******************************************************************************
                  TI ARM Linker PC v5.1.8                      
******************************************************************************
>> Linked Tue Dec 16 15:25:39 2014

OUTPUT FILE NAME:   <Copy of ece3849b14_lab2_2_hfloreshuerta_ardymek.out>
ENTRY POINT SYMBOL: "_c_int00"  address: 00008c51


MEMORY CONFIGURATION

         name            origin    length      used     unused   attr    fill
----------------------  --------  ---------  --------  --------  ----  --------
  FLASH                 00000000   00040000  0000ce14  000331ec  R  X
  SRAM                  20000000   00010000  0000d719  000028e7  RW X


SEGMENT ALLOCATION MAP

run origin  load origin   length   init length attrs members
----------  ----------- ---------- ----------- ----- -------
00000000    00000000    0000ce20   0000ce20    r-x
  00000000    00000000    0000003c   0000003c    r-- .resetVecs
  0000003c    0000003c    0000a42e   0000a42e    r-x .text
  0000a470    0000a470    00002452   00002452    r-- .const
  0000c8c8    0000c8c8    00000558   00000558    r-- .cinit
20000000    20000000    0000d720   00000000    rw-
  20000000    20000000    00000140   00000000    rw- .vecs
  20000140    20000140    0000c961   00000000    rw- .bss
  2000caa8    2000caa8    00000878   00000000    rw- .data
  2000d320    2000d320    00000400   00000000    rw- .stack


SECTION ALLOCATION MAP

 output                                  attributes/
section   page    origin      length       input sections
--------  ----  ----------  ----------   ----------------
.bootVecs 
*          0    00000000    00000008     DSECT
                  00000000    00000008     boot.aem3 : boot.oem3 (.bootVecs)

.resetVecs 
*          0    00000000    0000003c     
                  00000000    0000003c     app_pem3.oem3 (.resetVecs)

xdc.meta   0    00000000    0000012f     COPY SECTION
                  00000000    0000012f     app_pem3.oem3 (xdc.meta)

.init_array 
*          0    00000000    00000000     UNINITIALIZED

.text      0    0000003c    0000a42e     
                  0000003c    00000f30     kiss_fft.obj (.text)
                  00000f6c    00000a48     ustdlib.obj (.text)
                  000019b4    000008fc     main.obj (.text)
                  000022b0    00000684     frame_graphics.obj (.text)
                  00002934    00000510     rit128x96x4.obj (.text)
                  00002e44    00000424     sysbios.aem3 : BIOS.obj (.text:ti_sysbios_family_arm_m3_Hwi_excDumpRegs__I)
                  00003268    00000334     ti.targets.arm.rtsarm.aem3 : System.oem3 (.text:xdc_runtime_System_doPrint__I)
                  0000359c    00000304     sysbios.aem3 : BIOS.obj (.text:ti_sysbios_knl_Semaphore_pend__E)
                  000038a0    000002e4     rtsv7M3_T_le_eabi.lib : xlog.obj (.text)
                  00003b84    000002d4                           : trgdrv.obj (.text)
                  00003e58    00000294                           : xsin.obj (.text)
                  000040ec    00000248     sysbios.aem3 : BIOS.obj (.text:ti_sysbios_heaps_HeapMem_free__E)
                  00004334    00000234                  : BIOS.obj (.text:ti_sysbios_heaps_HeapMem_alloc__E)
                  00004568    000001f8                  : BIOS.obj (.text:ti_sysbios_family_arm_m3_Hwi_excHandlerMax__I)
                  00004760    000001b6     rtsv7M3_T_le_eabi.lib : fd_add_t2.obj (.text)
                  00004916    00000002     app_pem3.oem3 (.text:ti_sysbios_BIOS_nullFunc__I)
                  00004918    00000198     driverlib-cm3.lib : sysctl.obj (.text:SysCtlClockGet)
                  00004ab0    00000190                       : can.obj (.text:CANMessageSet)
                  00004c40    00000168     sysbios.aem3 : BIOS.obj (.text:ti_sysbios_family_arm_m3_Hwi_excBusFault__I)
                  00004da8    00000154     rtsv7M3_T_le_eabi.lib : fmod.obj (.text)
                  00004efc    00000154     sysbios.aem3 : BIOS.obj (.text:ti_sysbios_family_arm_m3_Hwi_excUsageFault__I)
                  00005050    00000148     driverlib-cm3.lib : can.obj (.text:CANMessageGet)
                  00005198    00000140     rtsv7M3_T_le_eabi.lib : sqrt.obj (.text)
                  000052d8    00000140     sysbios.aem3 : BIOS.obj (.text:ti_sysbios_family_arm_m3_Hwi_excMemFault__I)
                  00005418    0000013c                  : BIOS.obj (.text:ti_sysbios_knl_Semaphore_post__E)
                  00005554    00000138                  : BIOS.obj (.text:ti_sysbios_family_arm_m3_Hwi_dispatchC__I)
                  0000568c    00000138                  : BIOS.obj (.text:ti_sysbios_heaps_HeapMem_Instance_init__E)
                  000057c4    00000136     rtsv7M3_T_le_eabi.lib : fd_div_t2.obj (.text)
                  000058fa    00000002     sysbios.aem3 : BIOS.obj (.text:ti_sysbios_gates_GateHwi_Instance_init__E)
                  000058fc    00000130     network.obj (.text)
                  00005a2c    00000130     sysbios.aem3 : BIOS.obj (.text:ti_sysbios_knl_Clock_workFunc__E)
                  00005b5c    00000130     ti.targets.arm.rtsarm.aem3 : LoggerBuf.oem3 (.text:xdc_runtime_LoggerBuf_write8__E)
                  00005c8c    00000120     sysbios.aem3 : BIOS.obj (.text:ti_sysbios_knl_Swi_run__I)
                  00005dac    00000120     ti.targets.arm.rtsarm.aem3 : Error.oem3 (.text:xdc_runtime_Error_policyDefault__E)
                  00005ecc    0000011c     Boot.aem3 : Boot.oem3 (.text:.bootCodeSection:ti_catalog_arm_cortexm3_lm3init_Boot_sysCtlClockSet)
                  00005fe8    00000110     rtsv7M3_T_le_eabi.lib : xdscale.obj (.text)
                  000060f8    00000104     ti.targets.arm.rtsarm.aem3 : Core-mem.oem3 (.text:xdc_runtime_Core_createObject__I)
                  000061fc    000000fc     rtsv7M3_T_le_eabi.lib : fd_mul_t2.obj (.text)
                  000062f8    000000fc     ti.targets.arm.rtsarm.aem3 : Startup.oem3 (.text:xdc_runtime_Startup_startMods__I)
                  000063f4    000000fa     rtsv7M3_T_le_eabi.lib : fs_add_t2.obj (.text)
                  000064ee    00000002     --HOLE-- [fill = 0]
                  000064f0    000000f8     sysbios.aem3 : BIOS.obj (.text:ti_sysbios_knl_Task_Module_startup__E)
                  000065e8    000000f8     app_pem3.oem3 (.text:xdc_runtime_System_printfExtend__I)
                  000066e0    000000d0     sysbios.aem3 : m3_Hwi_asm.obj (.text:ti_sysbios_family_arm_m3_Hwi_dispatch__I)
                  000067b0    000000d0     ti.targets.arm.rtsarm.aem3 : LoggerBuf.oem3 (.text:xdc_runtime_LoggerBuf_write4__E)
                  00006880    000000cc                                : Core-smem.oem3 (.text:xdc_runtime_Core_constructObject__I)
                  0000694c    000000c8     driverlib-cm3.lib : gpio.obj (.text:GPIOPadConfigSet)
                  00006a14    000000c8     sysbios.aem3 : BIOS.obj (.text:ti_sysbios_knl_Task_schedule__I)
                  00006adc    000000c4     rtsv7M3_T_le_eabi.lib : xdnorm.obj (.text)
                  00006ba0    000000c4     sysbios.aem3 : BIOS.obj (.text:ti_sysbios_family_arm_m3_Hwi_Module_startup__E)
                  00006c64    000000c0                  : BIOS.obj (.text:ti_sysbios_family_arm_lm3_Timer_startup__E)
                  00006d24    000000bc     rtsv7M3_T_le_eabi.lib : floor.obj (.text)
                  00006de0    000000bc     sysbios.aem3 : BIOS.obj (.text:ti_sysbios_knl_Task_startCore__E)
                  00006e9c    000000b4                  : BIOS.obj (.text:ti_sysbios_family_arm_m3_Hwi_excHardFault__I)
                  00006f50    000000b4                  : BIOS.obj (.text:ti_sysbios_gates_GateMutex_enter__E)
                  00007004    000000b4                  : BIOS.obj (.text:ti_sysbios_knl_Task_checkStacks__E)
                  000070b8    000000b0                  : BIOS.obj (.text:ti_sysbios_family_arm_m3_Hwi_excDebugMon__I)
                  00007168    000000a8                  : BIOS.obj (.text:ti_sysbios_knl_Swi_post__E)
                  00007210    000000a8                  : BIOS.obj (.text:ti_sysbios_knl_Task_blockI__E)
                  000072b8    000000a8                  : BIOS.obj (.text:ti_sysbios_knl_Task_postInit__I)
                  00007360    000000a4                  : BIOS.obj (.text:ti_sysbios_family_arm_lm3_TimestampProvider_get64__E)
                  00007404    000000a0     auto_init.aem3 : auto_init.oem3 (.text)
                  000074a4    0000009c     rtsv7M3_T_le_eabi.lib : memcpy_t2.obj (.text)
                  00007540    0000009c     sysbios.aem3 : BIOS.obj (.text:ti_sysbios_knl_Semaphore_Instance_init__E)
                  000075dc    0000009a     ti.targets.arm.rtsarm.aem3 : Text.oem3 (.text:xdc_runtime_Text_putSite__E)
                  00007676    00000002     --HOLE-- [fill = 0]
                  00007678    00000094     buttons.obj (.text)
                  0000770c    00000094     sysbios.aem3 : BIOS.obj (.text:ti_sysbios_knl_Mailbox_post__E)
                  000077a0    00000094                  : BIOS.obj (.text:ti_sysbios_knl_Task_exit__E)
                  00007834    00000094                  : BIOS.obj (.text:ti_sysbios_knl_Task_unblockI__E)
                  000078c8    00000094     ti.targets.arm.rtsarm.aem3 : Text.oem3 (.text:xdc_runtime_Text_putMod__E)
                  0000795c    00000092     rtsv7M3_T_le_eabi.lib : fs_div_t2.obj (.text)
                  000079ee    00000002     --HOLE-- [fill = 0]
                  000079f0    0000008c     driverlib-cm3.lib : can.obj (.text:CANBitRateSet)
                  00007a7c    0000008c     sysbios.aem3 : BIOS.obj (.text:ti_sysbios_family_arm_lm3_Timer_enableTimers__I)
                  00007b08    00000088                  : BIOS.obj (.text:ti_sysbios_family_arm_m3_Hwi_initNVIC__E)
                  00007b90    00000088                  : BIOS.obj (.text:ti_sysbios_knl_Mailbox_Module_startup__E)
                  00007c18    00000086     rtsv7M3_T_le_eabi.lib : fd_cmp_t2.obj (.text:__aeabi_cdcmple)
                  00007c9e    00000086                           : fd_cmp_t2.obj (.text:__aeabi_cdrcmple)
                  00007d24    00000084     sysbios.aem3 : BIOS.obj (.text:ti_sysbios_knl_Mailbox_pend__E)
                  00007da8    00000080     ti.targets.arm.rtsarm.aem3 : LoggerBuf.oem3 (.text:xdc_runtime_LoggerBuf_setFilterLevel__E)
                  00007e28    0000007c     sysbios.aem3 : BIOS.obj (.text:ti_sysbios_family_arm_lm3_Timer_start__E)
                  00007ea4    0000007a     driverlib-cm3.lib : can.obj (.text:CANInit)
                  00007f1e    0000007a     rtsv7M3_T_le_eabi.lib : fs_mul_t2.obj (.text)
                  00007f98    0000007a                           : memset_t2.obj (.text)
                  00008012    00000076     driverlib-cm3.lib : can.obj (.text:CANStatusGet)
                  00008088    00000074     sysbios.aem3 : BIOS.obj (.text:ti_sysbios_family_arm_lm3_Timer_Module_startup__E)
                  000080fc    00000070     ti.targets.arm.rtsarm.aem3 : Memory.oem3 (.text:xdc_runtime_Memory_alloc__E)
                  0000816c    0000006c     driverlib-cm3.lib : adc.obj (.text:ADCSequenceStepConfigure)
                  000081d8    0000006c     ti.targets.arm.rtsarm.aem3 : Error.oem3 (.text:xdc_runtime_Error_print__E)
                  00008244    0000006c                                : LoggerBuf.oem3 (.text:xdc_runtime_LoggerBuf_getFilterLevel__E)
                  000082b0    00000066                                : Core-mem.oem3 (.text:xdc_runtime_Core_deleteObject__I)
                  00008316    00000002     --HOLE-- [fill = 0]
                  00008318    00000064     driverlib-cm3.lib : interrupt.obj (.text:IntDisable)
                  0000837c    00000064                       : interrupt.obj (.text:IntEnable)
                  000083e0    00000064     rtsv7M3_T_le_eabi.lib : xdunscal.obj (.text)
                  00008444    00000064     ti.targets.arm.rtsarm.aem3 : System.oem3 (.text:xdc_runtime_System_formatNum__I)
                  000084a8    00000060     rtsv7M3_T_le_eabi.lib : trgmsg.obj (.text)
                  00008508    00000060     sysbios.aem3 : BIOS.obj (.text:ti_sysbios_knl_Clock_logTick__E)
                  00008568    0000005e     rtsv7M3_T_le_eabi.lib : copy_decompress_rle.obj (.text)
                  000085c6    00000002     --HOLE-- [fill = 0]
                  000085c8    0000005c     sysbios.aem3 : BIOS.obj (.text:ti_sysbios_family_arm_lm3_Timer_enableStellaris__I)
                  00008624    0000005c     app_pem3.oem3 (.text:xdc_runtime_LoggerBuf_Object__create__S)
                  00008680    0000005b     ti.targets.arm.rtsarm.aem3 : Text.oem3 (.text:xdc_runtime_Text_putLab__E)
                  000086db    00000001     --HOLE-- [fill = 0]
                  000086dc    00000058     driverlib-cm3.lib : sysctl.obj (.text:SysCtlPeripheralEnable)
                  00008734    00000058     sysbios.aem3 : BIOS.obj (.text:ti_sysbios_knl_Swi_restoreHwi__E)
                  0000878c    00000058                  : BIOS.obj (.text:ti_sysbios_knl_Swi_schedule__I)
                  000087e4    00000054                  : BIOS.obj (.text:ti_sysbios_family_arm_m3_Timer_setPeriod__E)
                  00008838    00000054                  : BIOS.obj (.text:ti_sysbios_family_arm_m3_Timer_start__E)
                  0000888c    00000050     ti.targets.arm.rtsarm.aem3 : Startup.oem3 (.text:xdc_runtime_Startup_exec__E)
                  000088dc    0000004c     driverlib-cm3.lib : can.obj (.text:CANRegRead)
                  00008928    0000004c     sysbios.aem3 : m3_TaskSupport_asm.obj (.text:ti_sysbios_family_arm_m3_TaskSupport_buildTaskStack)
                  00008974    0000004c                  : BIOS.obj (.text:ti_sysbios_knl_Swi_runLoop__I)
                  000089c0    0000004c     ti.targets.arm.rtsarm.aem3 : Text.oem3 (.text:xdc_runtime_Text_visitRope2__I)
                  00008a0c    0000004a     rtsv7M3_T_le_eabi.lib : fd_tos_t2.obj (.text)
                  00008a56    00000048                           : fd_toi_t2.obj (.text)
                  00008a9e    00000002     --HOLE-- [fill = 0]
                  00008aa0    00000048     sysbios.aem3 : BIOS.obj (.text:ti_sysbios_family_arm_m3_Hwi_excReserved__I)
                  00008ae8    00000048                  : m3_Hwi_asm_switch.obj (.text:ti_sysbios_family_arm_m3_Hwi_initStacks__E)
                  00008b30    00000048                  : BIOS.obj (.text:ti_sysbios_family_arm_m3_Timer_initDevice__I)
                  00008b78    00000048                  : BIOS.obj (.text:ti_sysbios_heaps_HeapMem_getStats__E)
                  00008bc0    00000048     ti.targets.arm.rtsarm.aem3 : Assert.oem3 (.text:xdc_runtime_Assert_raise__I)
                  00008c08    00000046                                : Core-params.oem3 (.text:xdc_runtime_Core_assignParams__I)
                  00008c4e    00000002     --HOLE-- [fill = 0]
                  00008c50    00000044     boot.aem3 : boot.oem3 (.text)
                  00008c94    00000044     driverlib-cm3.lib : ssi.obj (.text:SSIConfigSetExpClk)
                  00008cd8    00000044     rtsv7M3_T_le_eabi.lib : cpy_tbl.obj (.text)
                  00008d1c    00000044                           : exit.obj (.text)
                  00008d60    00000044                           : fd_tou_t2.obj (.text)
                  00008da4    00000044                           : xdtest.obj (.text)
                  00008de8    00000044     sysbios.aem3 : BIOS.obj (.text:ti_sysbios_family_arm_m3_Hwi_disableInterrupt__E)
                  00008e2c    00000044                  : BIOS.obj (.text:ti_sysbios_family_arm_m3_Hwi_enableInterrupt__E)
                  00008e70    00000044                  : BIOS.obj (.text:ti_sysbios_knl_Task_allBlockedFunction__I)
                  00008eb4    00000044     ti.targets.arm.rtsarm.aem3 : Error.oem3 (.text:xdc_runtime_Error_setX__E)
                  00008ef8    00000044                                : LoggerBuf.oem3 (.text:xdc_runtime_LoggerBuf_filterOutEvent__I)
                  00008f3c    00000044                                : SysMin.oem3 (.text:xdc_runtime_SysMin_flush__E)
                  00008f80    00000042     driverlib-cm3.lib : can.obj (.text:CANIntClear)
                  00008fc2    00000042     rtsv7M3_T_le_eabi.lib : u_divt2.obj (.text)
                  00009004    00000040                           : signal.obj (.text)
                  00009044    00000040     sysbios.aem3 : BIOS.obj (.text:ti_sysbios_family_arm_m3_Timer_Module_startup__E)
                  00009084    0000003c     driverlib-cm3.lib : can.obj (.text:CANDataRegRead)
                  000090c0    0000003c     sysbios.aem3 : BIOS.obj (.text:ti_sysbios_family_arm_m3_Hwi_excSvCall__I)
                  000090fc    0000003c                  : BIOS.obj (.text:ti_sysbios_heaps_HeapMem_init__I)
                  00009138    0000003c                  : BIOS.obj (.text:ti_sysbios_knl_Swi_startup__E)
                  00009174    0000003c     ti.targets.arm.rtsarm.aem3 : Text.oem3 (.text:xdc_runtime_Text_xprintf__I)
                  000091b0    0000003a                                : LoggerBuf.oem3 (.text:xdc_runtime_LoggerBuf_Instance_init__E)
                  000091ea    00000038     rtsv7M3_T_le_eabi.lib : fs_tod_t2.obj (.text)
                  00009222    00000038                           : fs_toi_t2.obj (.text)
                  0000925a    00000038                           : i_tofs_t2.obj (.text)
                  00009292    00000002     --HOLE-- [fill = 0]
                  00009294    00000038     sysbios.aem3 : BIOS.obj (.text:ti_sysbios_family_arm_m3_Hwi_excNoIsr__I)
                  000092cc    00000038                  : BIOS.obj (.text:ti_sysbios_family_arm_m3_Hwi_getStackInfo__E)
                  00009304    00000038                  : BIOS.obj (.text:ti_sysbios_family_arm_m3_TaskSupport_start__E)
                  0000933c    00000038                  : BIOS.obj (.text:ti_sysbios_knl_Task_processVitalTaskFlag__I)
                  00009374    00000038     ti.targets.arm.rtsarm.aem3 : SysMin.oem3 (.text:xdc_runtime_SysMin_putch__E)
                  000093ac    00000038                                : System.oem3 (.text:xdc_runtime_System_atexit__E)
                  000093e4    00000034     driverlib-cm3.lib : can.obj (.text:CANIntStatus)
                  00009418    00000034     rtsv7M3_T_le_eabi.lib : feraiseexcept.obj (.text)
                  0000944c    00000034     sysbios.aem3 : BIOS.obj (.text:ti_sysbios_family_arm_m3_Hwi_excNmi__I)
                  00009480    00000034                  : BIOS.obj (.text:ti_sysbios_family_arm_m3_Timer_periodicStub__I)
                  000094b4    00000034                  : BIOS.obj (.text:ti_sysbios_hal_Hwi_checkStack)
                  000094e8    00000034     ti.targets.arm.rtsarm.aem3 : Core-label.oem3 (.text:xdc_runtime_Core_assignLabel__I)
                  0000951c    00000033                                : Text.oem3 (.text:xdc_runtime_Text_printVisFxn__I)
                  0000954f    00000001     --HOLE-- [fill = 0]
                  00009550    00000032     sysbios.aem3 : BIOS.obj (.text:ti_sysbios_knl_Semaphore_pendTimeout__I)
                  00009582    00000002     --HOLE-- [fill = 0]
                  00009584    00000030     rtsv7M3_T_le_eabi.lib : xferaise.obj (.text)
                  000095b4    00000030     app_pem3.oem3 (.text:ti_sysbios_BIOS_atExitFunc__I)
                  000095e4    00000030     app_pem3.oem3 (.text:ti_sysbios_gates_GateHwi_Object__create__S)
                  00009614    00000030     app_pem3.oem3 (.text:ti_sysbios_gates_GateMutex_Object__create__S)
                  00009644    00000030     app_pem3.oem3 (.text:ti_sysbios_heaps_HeapMem_Object__create__S)
                  00009674    00000030     app_pem3.oem3 (.text:ti_sysbios_knl_Semaphore_construct)
                  000096a4    00000030     ti.targets.arm.rtsarm.aem3 : SysMin.oem3 (.text:xdc_runtime_SysMin_abort__E)
                  000096d4    00000030                                : System.oem3 (.text:xdc_runtime_System_processAtExit__E)
                  00009704    0000002e     driverlib-cm3.lib : gpio.obj (.text:GPIODirModeSet)
                  00009732    0000002e     app_pem3.oem3 (.text:malloc)
                  00009760    0000002e     rtsv7M3_T_le_eabi.lib : i_tofd_t2.obj (.text)
                  0000978e    0000002e                           : raise.obj (.text)
                  000097bc    0000002c     driverlib-cm3.lib : can.obj (.text:CANDataRegWrite)
                  000097e8    0000002c     sysbios.aem3 : BIOS.obj (.text:ti_sysbios_hal_Hwi_initStack)
                  00009814    0000002c     app_pem3.oem3 (.text:ti_sysbios_knl_Clock_doTick__I)
                  00009840    0000002c     app_pem3.oem3 (.text:ti_sysbios_knl_Queue_construct)
                  0000986c    0000002c     sysbios.aem3 : BIOS.obj (.text:ti_sysbios_knl_Task_restore__E)
                  00009898    0000002c     ti.targets.arm.rtsarm.aem3 : Text.oem3 (.text:xdc_runtime_Text_cordText__E)
                  000098c4    0000002a     driverlib-cm3.lib : adc.obj (.text:ADCSequenceConfigure)
                  000098ee    0000002a     ti.targets.arm.rtsarm.aem3 : System.oem3 (.text:xdc_runtime_System_putchar__I)
                  00009918    00000028     driverlib-cm3.lib : can.obj (.text:CANIntNumberGet)
                  00009940    00000028     app_pem3.oem3 (.text:ti_sysbios_BIOS_startFunc__I)
                  00009968    00000028     ti.targets.arm.rtsarm.aem3 : LoggerBuf.oem3 (.text:xdc_runtime_LoggerBuf_Module_startup__E)
                  00009990    00000026                                : System.oem3 (.text:xdc_runtime_System_avprintf__E)
                  000099b6    00000024     rtsv7M3_T_le_eabi.lib : u_tofs_t2.obj (.text)
                  000099da    00000002     --HOLE-- [fill = 0]
                  000099dc    00000024     app_pem3.oem3 (.text:ti_sysbios_BIOS_errorRaiseHook__I)
                  00009a00    00000024     app_pem3.oem3 (.text:ti_sysbios_BIOS_registerRTSLock__I)
                  00009a24    00000024     app_pem3.oem3 (.text:ti_sysbios_BIOS_removeRTSLock__I)
                  00009a48    00000024     sysbios.aem3 : BIOS.obj (.text:ti_sysbios_family_arm_lm3_Timer_isrStub__E)
                  00009a6c    00000024                  : BIOS.obj (.text:ti_sysbios_family_arm_lm3_Timer_stop__E)
                  00009a90    00000024                  : BIOS.obj (.text:ti_sysbios_family_arm_m3_Hwi_doTaskRestore__I)
                  00009ab4    00000024                  : BIOS.obj (.text:ti_sysbios_family_arm_m3_Timer_startup__E)
                  00009ad8    00000024     app_pem3.oem3 (.text:ti_sysbios_gates_GateMutex_Object__delete__S)
                  00009afc    00000024     sysbios.aem3 : BIOS.obj (.text:ti_sysbios_knl_Clock_Module_startup__E)
                  00009b20    00000024                  : BIOS.obj (.text:ti_sysbios_knl_Swi_Module_startup__E)
                  00009b44    00000024     ti.targets.arm.rtsarm.aem3 : System.oem3 (.text:xdc_runtime_System_vprintf__E)
                  00009b68    00000022     app_pem3.oem3 (.text:xdc_runtime_SysMin_output__I)
                  00009b8a    00000002     --HOLE-- [fill = 0]
                  00009b8c    00000020     driverlib-cm3.lib : sysctl.obj (.text:SysCtlADCSpeedSet)
                  00009bac    00000020     sysbios.aem3 : m3_Hwi_asm.obj (.text:ti_sysbios_family_arm_m3_Hwi_excHandlerAsm__I)
                  00009bcc    00000020                  : BIOS.obj (.text:ti_sysbios_family_arm_m3_Hwi_excHandler__I)
                  00009bec    00000020     app_pem3.oem3 (.text:ti_sysbios_gates_GateHwi_Object__delete__S)
                  00009c0c    00000020     app_pem3.oem3 (.text:ti_sysbios_heaps_HeapMem_Object__delete__S)
                  00009c2c    00000020     sysbios.aem3 : BIOS.obj (.text:ti_sysbios_knl_Idle_run__E)
                  00009c4c    00000020     app_pem3.oem3 (.text:ti_sysbios_knl_Semaphore_Object__destruct__S)
                  00009c6c    00000020     sysbios.aem3 : BIOS.obj (.text:ti_sysbios_knl_Task_enter__I)
                  00009c8c    00000020     app_pem3.oem3 (.text:xdc_runtime_LoggerBuf_Object__delete__S)
                  00009cac    00000020     ti.targets.arm.rtsarm.aem3 : LoggerBuf.oem3 (.text:xdc_runtime_LoggerBuf_reset__E)
                  00009ccc    00000020                                : Registry.oem3 (.text:xdc_runtime_Registry_findById__E)
                  00009cec    00000020                                : SysMin.oem3 (.text:xdc_runtime_SysMin_Module_startup__E)
                  00009d0c    0000001e     sysbios.aem3 : m3_Hwi_asm_switch.obj (.text:ti_sysbios_family_xxx_Hwi_switchAndRunFunc)
                  00009d2a    0000001c     driverlib-cm3.lib : can.obj (.text:CANRegWrite)
                  00009d46    00000002     --HOLE-- [fill = 0]
                  00009d48    0000001c     app_pem3.oem3 (.text:ti_sysbios_BIOS_rtsLock__I)
                  00009d64    0000001c     sysbios.aem3 : BIOS.obj (.text:ti_sysbios_gates_GateMutex_Instance_init__E)
                  00009d80    0000001c     app_pem3.oem3 (.text:ti_sysbios_knl_Queue_Object__destruct__S)
                  00009d9c    0000001c     ti.targets.arm.rtsarm.aem3 : Error.oem3 (.text:xdc_runtime_Error_raiseX__E)
                  00009db8    0000001c                                : Memory.oem3 (.text:xdc_runtime_Memory_valloc__E)
                  00009dd4    0000001c                                : SysMin.oem3 (.text:xdc_runtime_SysMin_exit__E)
                  00009df0    0000001c                                : System.oem3 (.text:xdc_runtime_System_abort__E)
                  00009e0c    0000001a     app_pem3.oem3 (.text:ti_sysbios_family_arm_m3_Hwi_Handle__label__S)
                  00009e26    0000001a     sysbios.aem3 : m3_Hwi_asm.obj (.text:ti_sysbios_family_arm_m3_Hwi_pendSV__I)
                  00009e40    0000001a     app_pem3.oem3 (.text:ti_sysbios_gates_GateHwi_Handle__label__S)
                  00009e5a    0000001a     app_pem3.oem3 (.text:ti_sysbios_gates_GateMutex_Handle__label__S)
                  00009e74    0000001a     app_pem3.oem3 (.text:ti_sysbios_heaps_HeapMem_Handle__label__S)
                  00009e8e    0000001a     app_pem3.oem3 (.text:ti_sysbios_knl_Swi_Handle__label__S)
                  00009ea8    0000001a     app_pem3.oem3 (.text:ti_sysbios_knl_Task_Handle__label__S)
                  00009ec2    0000001a     app_pem3.oem3 (.text:xdc_runtime_LoggerBuf_Handle__label__S)
                  00009edc    0000001a     app_pem3.oem3 (.text:xdc_runtime_System_aprintf__E)
                  00009ef6    0000001a     app_pem3.oem3 (.text:xdc_runtime_System_printf__E)
                  00009f10    00000018     app_pem3.oem3 (.text:free)
                  00009f28    00000018     rtsv7M3_T_le_eabi.lib : args_main.obj (.text)
                  00009f40    00000018     app_pem3.oem3 (.text:ti_sysbios_BIOS_rtsUnlock__I)
                  00009f58    00000018     app_pem3.oem3 (.text:ti_sysbios_family_arm_m3_Hwi_Module__startupDone__F)
                  00009f70    00000018     app_pem3.oem3 (.text:ti_sysbios_family_arm_m3_Timer_Module__startupDone__F)
                  00009f88    00000018     sysbios.aem3 : BIOS.obj (.text:ti_sysbios_gates_GateMutex_leave__E)
                  00009fa0    00000018     ti.targets.arm.rtsarm.aem3 : Error.oem3 (.text:xdc_runtime_Error_check__E)
                  00009fb8    00000018                                : System.oem3 (.text:xdc_runtime_System_exit__E)
                  00009fd0    00000018                                : Text.oem3 (.text:xdc_runtime_Text_ropeText__E)
                  00009fe8    00000016     driverlib-cm3.lib : can.obj (.text:CANIntEnable)
                  00009ffe    00000016     app_pem3.oem3 (.text:ti_sysbios_BIOS_exitFunc__I)
                  0000a014    00000014     driverlib-cm3.lib : can.obj (.text:CANEnable)
                  0000a028    00000014     rtsv7M3_T_le_eabi.lib : _lock.obj (.text)
                  0000a03c    00000014                           : strlen.obj (.text)
                  0000a050    00000014     app_pem3.oem3 (.text:ti_sysbios_family_arm_m3_Hwi_Object__get__S)
                  0000a064    00000014     sysbios.aem3 : BIOS.obj (.text:ti_sysbios_family_arm_m3_Hwi_switchFromBootStack__E)
                  0000a078    00000014     app_pem3.oem3 (.text:ti_sysbios_heaps_HeapMem_Object__get__S)
                  0000a08c    00000014     app_pem3.oem3 (.text:ti_sysbios_knl_Mailbox_Object__get__S)
                  0000a0a0    00000014     app_pem3.oem3 (.text:ti_sysbios_knl_Swi_Object__get__S)
                  0000a0b4    00000014     app_pem3.oem3 (.text:xdc_runtime_LoggerBuf_Object__get__S)
                  0000a0c8    00000012     driverlib-cm3.lib : gpio.obj (.text:GPIOPinTypeCAN)
                  0000a0da    00000012                       : gpio.obj (.text:GPIOPinTypeGPIOInput)
                  0000a0ec    00000012                       : gpio.obj (.text:GPIOPinTypeGPIOOutput)
                  0000a0fe    00000012                       : gpio.obj (.text:GPIOPinTypeSSI)
                  0000a110    00000012                       : ssi.obj (.text:SSIDataGetNonBlocking)
                  0000a122    00000012     rtsv7M3_T_le_eabi.lib : copy_zero_init.obj (.text:decompress:ZI)
                  0000a134    00000012                           : strcpy.obj (.text)
                  0000a146    00000012     sysbios.aem3 : BIOS.obj (.text:ti_sysbios_hal_Hwi_Module_startup__E)
                  0000a158    00000012     ti.targets.arm.rtsarm.aem3 : LoggerBuf.oem3 (.text:xdc_runtime_LoggerBuf_Instance_finalize__E)
                  0000a16a    00000012                                : LoggerBuf.oem3 (.text:xdc_runtime_LoggerBuf_write1__E)
                  0000a17c    00000012                                : LoggerBuf.oem3 (.text:xdc_runtime_LoggerBuf_write2__E)
                  0000a18e    00000012     app_pem3.oem3 (.text:xdc_runtime_Startup_exec__I)
                  0000a1a0    00000010     driverlib-cm3.lib : adc.obj (.text:ADCIntEnable)
                  0000a1b0    00000010     sysbios.aem3 : BIOS.obj (.text:ti_sysbios_BIOS_setThreadType__E)
                  0000a1c0    00000010                  : BIOS.obj (.text:ti_sysbios_BIOS_start__E)
                  0000a1d0    00000010                  : BIOS.obj (.text:ti_sysbios_family_arm_lm3_TimestampProvider_rolloverFunc__E)
                  0000a1e0    00000010                  : m3_TaskSupport_asm.obj (.text:ti_sysbios_family_arm_m3_TaskSupport_glue)
                  0000a1f0    00000010                  : m3_TaskSupport_asm.obj (.text:ti_sysbios_family_arm_m3_TaskSupport_swap__E)
                  0000a200    00000010                  : BIOS.obj (.text:ti_sysbios_gates_GateMutex_Instance_finalize__E)
                  0000a210    00000010                  : BIOS.obj (.text:ti_sysbios_knl_Semaphore_Instance_finalize__E)
                  0000a220    00000010                  : BIOS.obj (.text:ti_sysbios_knl_Swi_disable__E)
                  0000a230    00000010     app_pem3.oem3 (.text:ti_sysbios_knl_Task_Object__get__S)
                  0000a240    00000010     sysbios.aem3 : BIOS.obj (.text:ti_sysbios_knl_Task_disable__E)
                  0000a250    00000010     ti.targets.arm.rtsarm.aem3 : Gate.oem3 (.text:xdc_runtime_Gate_leaveSystem__E)
                  0000a260    00000010                                : LoggerBuf.oem3 (.text:xdc_runtime_LoggerBuf_write0__E)
                  0000a270    00000010                                : Memory.oem3 (.text:xdc_runtime_Memory_free__E)
                  0000a280    00000010                                : SysMin.oem3 (.text:xdc_runtime_SysMin_ready__E)
                  0000a290    00000010                                : System.oem3 (.text:xdc_runtime_System_vsnprintf__E)
                  0000a2a0    00000010     app_pem3.oem3 (.text:xdc_runtime_Text_visitRope__I)
                  0000a2b0    0000000e     driverlib-cm3.lib : adc.obj (.text:ADCSequenceDisable)
                  0000a2be    0000000e                       : adc.obj (.text:ADCSequenceEnable)
                  0000a2cc    0000000e     rtsv7M3_T_le_eabi.lib : copy_decompress_none.obj (.text:decompress:none)
                  0000a2da    0000000e     sysbios.aem3 : BIOS.obj (.text:ti_sysbios_knl_Queue_empty__E)
                  0000a2e8    0000000c     app_pem3.oem3 (.text:.bootCodeSection:ti_catalog_arm_cortexm3_lm3init_Boot_init)
                  0000a2f4    0000000c     sysbios.aem3 : BIOS.obj (.text:ti_sysbios_family_arm_lm3_TimestampProvider_startTimer__E)
                  0000a300    0000000c                  : BIOS.obj (.text:ti_sysbios_family_arm_m3_TaskSupport_checkStack__E)
                  0000a30c    0000000c                  : BIOS.obj (.text:ti_sysbios_gates_GateHwi_enter__E)
                  0000a318    0000000c     app_pem3.oem3 (.text:ti_sysbios_knl_Queue_Object__get__S)
                  0000a324    0000000c     ti.targets.arm.rtsarm.aem3 : Error.oem3 (.text:xdc_runtime_Error_init__E)
                  0000a330    0000000c                                : Gate.oem3 (.text:xdc_runtime_Gate_enterSystem__E)
                  0000a33c    0000000c                                : Memory.oem3 (.text:xdc_runtime_Memory_calloc__E)
                  0000a348    0000000c                                : Memory.oem3 (.text:xdc_runtime_Memory_getMaxDefaultTypeAlign__E)
                  0000a354    0000000a     driverlib-cm3.lib : ssi.obj (.text:SSIDataPut)
                  0000a35e    0000000a                       : ssi.obj (.text:SSIDisable)
                  0000a368    0000000a                       : ssi.obj (.text:SSIEnable)
                  0000a372    0000000a     app_pem3.oem3 (.text:xdc_runtime_IHeap_alloc)
                  0000a37c    0000000a     app_pem3.oem3 (.text:xdc_runtime_IHeap_free)
                  0000a386    0000000a     ti.targets.arm.rtsarm.aem3 : LoggerBuf.oem3 (.text:xdc_runtime_LoggerBuf_disable__E)
                  0000a390    0000000a                                : LoggerBuf.oem3 (.text:xdc_runtime_LoggerBuf_enable__E)
                  0000a39a    00000008     driverlib-cm3.lib : ssi.obj (.text:SSIBusy)
                  0000a3a2    00000008     sysbios.aem3 : BIOS.obj (.text:ti_sysbios_family_arm_m3_Hwi_doSwiRestore__I)
                  0000a3aa    00000008                  : BIOS.obj (.text:ti_sysbios_family_arm_m3_Hwi_startup__E)
                  0000a3b2    00000008                  : BIOS.obj (.text:ti_sysbios_knl_Idle_loop__E)
                  0000a3ba    00000006     Boot.aem3 : Boot.oem3 (.text)
                  0000a3c0    00000006     driverlib-cm3.lib : gpio.obj (.text:GPIOPinWrite)
                  0000a3c6    00000006     ti.targets.arm.rtsarm.aem3 : xdc_noinit.oem3 (.text:__xdc__init)
                  0000a3cc    00000006     rtsv7M3_T_le_eabi.lib : copy_decompress_rle.obj (.text:decompress:rle24)
                  0000a3d2    00000006                           : cos.obj (.text)
                  0000a3d8    00000006                           : log10.obj (.text)
                  0000a3de    00000006                           : sin.obj (.text)
                  0000a3e4    00000006     sysbios.aem3 : BIOS.obj (.text:ti_sysbios_family_arm_lm3_TimestampProvider_Module_startup__E)
                  0000a3ea    00000006                  : BIOS.obj (.text:ti_sysbios_gates_GateHwi_leave__E)
                  0000a3f0    00000006                  : BIOS.obj (.text:ti_sysbios_heaps_HeapMem_isBlocking__E)
                  0000a3f6    00000006                  : BIOS.obj (.text:ti_sysbios_knl_Queue_Instance_init__E)
                  0000a3fc    00000006     ti.targets.arm.rtsarm.aem3 : System.oem3 (.text:xdc_runtime_System_Module_startup__E)
                  0000a402    00000004                                : LoggerBuf.oem3 (.text:LoggerBuf_instanceStartup)
                  0000a406    00000004     app_pem3.oem3 (.text:ti_sysbios_BIOS_RtsGateProxy_enter__E)
                  0000a40a    00000004     app_pem3.oem3 (.text:ti_sysbios_BIOS_RtsGateProxy_leave__E)
                  0000a40e    00000004     app_pem3.oem3 (.text:ti_sysbios_family_arm_m3_TaskSupport_Module__startupDone__S)
                  0000a412    00000004     sysbios.aem3 : BIOS.obj (.text:ti_sysbios_family_arm_m3_Timer_getMaxTicks__E)
                  0000a416    00000004                  : BIOS.obj (.text:ti_sysbios_gates_GateHwi_query__E)
                  0000a41a    00000004                  : BIOS.obj (.text:ti_sysbios_gates_GateMutex_query__E)
                  0000a41e    00000004     app_pem3.oem3 (.text:ti_sysbios_hal_Hwi_HwiProxy_Module__startupDone__S)
                  0000a422    00000004     app_pem3.oem3 (.text:ti_sysbios_heaps_HeapMem_Module_GateProxy_enter__E)
                  0000a426    00000004     app_pem3.oem3 (.text:ti_sysbios_heaps_HeapMem_Module_GateProxy_leave__E)
                  0000a42a    00000004     app_pem3.oem3 (.text:ti_sysbios_knl_Clock_TimerProxy_Module__startupDone__S)
                  0000a42e    00000004     app_pem3.oem3 (.text:ti_sysbios_knl_Clock_TimerProxy_getMaxTicks__E)
                  0000a432    00000004     app_pem3.oem3 (.text:ti_sysbios_knl_Queue_destruct)
                  0000a436    00000004     app_pem3.oem3 (.text:ti_sysbios_knl_Semaphore_destruct)
                  0000a43a    00000004     app_pem3.oem3 (.text:ti_sysbios_knl_Task_SupportProxy_Module__startupDone__S)
                  0000a43e    00000004     sysbios.aem3 : BIOS.obj (.text:ti_sysbios_knl_Task_startup__E)
                  0000a442    00000004     ti.targets.arm.rtsarm.aem3 : Error.oem3 (.text:xdc_runtime_Error_getSite__E)
                  0000a446    00000004     app_pem3.oem3 (.text:xdc_runtime_LoggerBuf_Module_GateProxy_enter__E)
                  0000a44a    00000004     app_pem3.oem3 (.text:xdc_runtime_LoggerBuf_Module_GateProxy_leave__E)
                  0000a44e    00000004     app_pem3.oem3 (.text:xdc_runtime_Memory_HeapProxy_alloc__E)
                  0000a452    00000004     app_pem3.oem3 (.text:xdc_runtime_Memory_HeapProxy_free__E)
                  0000a456    00000004     app_pem3.oem3 (.text:xdc_runtime_Startup_reset__I)
                  0000a45a    00000004     app_pem3.oem3 (.text:xdc_runtime_System_Module_GateProxy_enter__E)
                  0000a45e    00000004     app_pem3.oem3 (.text:xdc_runtime_System_Module_GateProxy_leave__E)
                  0000a462    00000004     ti.targets.arm.rtsarm.aem3 : System.oem3 (.text:xdc_runtime_System_aprintf_va__F)
                  0000a466    00000004                                : System.oem3 (.text:xdc_runtime_System_printf_va__F)

.const     0    0000a470    00002452     
                  0000a470    00001779     app_pem3.oem3 (.const:xdc_runtime_Text_charTab__A)
                  0000bbe9    000001e0     rit128x96x4.obj (.const:g_pucFont)
                  0000bdc9    000001db     frame_graphics.obj (.const:g_pucFont)
                  0000bfa4    000000b8     app_pem3.oem3 (.const:xdc_runtime_Text_nodeTab__A)
                  0000c05c    00000004     app_pem3.oem3 (.const:ti_sysbios_family_arm_lm3_Timer_WRALLOW__C)
                  0000c060    00000080     rtsv7M3_T_le_eabi.lib : xsin.obj (.const)
                  0000c0e0    00000070     driverlib-cm3.lib : interrupt.obj (.const)
                  0000c150    0000006c                       : sysctl.obj (.const:g_pulXtals)
                  0000c1bc    0000004f     rit128x96x4.obj (.const:.string:g_pucRIT128x96x4Init)
                  0000c20b    00000001     app_pem3.oem3 (.const:xdc_runtime_Error_policy__C)
                  0000c20c    00000048     app_pem3.oem3 (.const:.string)
                  0000c254    00000040     driverlib-cm3.lib : sysctl.obj (.const)
                  0000c294    00000040     frame_graphics.obj (.const)
                  0000c2d4    0000003c     app_pem3.oem3 (.const:xdc_runtime_LoggerBuf_Module__FXNS__C)
                  0000c310    00000038     rtsv7M3_T_le_eabi.lib : xlog.obj (.const:p)
                  0000c348    00000030     app_pem3.oem3 (.const:xdc_runtime_Startup_sfxnTab__A)
                  0000c378    0000002c     app_pem3.oem3 (.const)
                  0000c3a4    00000028     app_pem3.oem3 (.const:ti_sysbios_heaps_HeapMem_Module__FXNS__C)
                  0000c3cc    00000024     app_pem3.oem3 (.const:ti_sysbios_gates_GateHwi_Module__FXNS__C)
                  0000c3f0    00000024     app_pem3.oem3 (.const:ti_sysbios_gates_GateMutex_Module__FXNS__C)
                  0000c414    00000024     app_pem3.oem3 (.const:ti_sysbios_heaps_HeapMem_Object__PARAMS__C)
                  0000c438    00000024     app_pem3.oem3 (.const:ti_sysbios_knl_Semaphore_Object__PARAMS__C)
                  0000c45c    00000024     app_pem3.oem3 (.const:xdc_runtime_LoggerBuf_Object__PARAMS__C)
                  0000c480    00000020     driverlib-cm3.lib : can.obj (.const)
                  0000c4a0    00000020     app_pem3.oem3 (.const:ti_sysbios_gates_GateHwi_Object__DESC__C)
                  0000c4c0    00000020     app_pem3.oem3 (.const:ti_sysbios_gates_GateMutex_Object__DESC__C)
                  0000c4e0    00000020     app_pem3.oem3 (.const:ti_sysbios_heaps_HeapMem_Object__DESC__C)
                  0000c500    00000020     app_pem3.oem3 (.const:ti_sysbios_knl_Queue_Object__DESC__C)
                  0000c520    00000020     app_pem3.oem3 (.const:ti_sysbios_knl_Semaphore_Object__DESC__C)
                  0000c540    00000020     app_pem3.oem3 (.const:xdc_runtime_LoggerBuf_Object__DESC__C)
                  0000c560    0000001c     ustdlib.obj (.const)
                  0000c57c    00000018     app_pem3.oem3 (.const:ti_sysbios_gates_GateHwi_Object__PARAMS__C)
                  0000c594    00000018     app_pem3.oem3 (.const:ti_sysbios_gates_GateMutex_Object__PARAMS__C)
                  0000c5ac    00000018     app_pem3.oem3 (.const:ti_sysbios_knl_Queue_Object__PARAMS__C)
                  0000c5c4    00000018     app_pem3.oem3 (.const:xdc_runtime_Startup_sfxnRts__A)
                  0000c5dc    00000012     ustdlib.obj (.const:.string)
                  0000c5ee    00000011     ti.targets.arm.rtsarm.aem3 : System.oem3 (.const:.string)
                  0000c5ff    00000001     --HOLE-- [fill = 0]
                  0000c600    00000010     main.obj (.const)
                  0000c610    00000010     app_pem3.oem3 (.const:xdc_runtime_Startup_firstFxns__A)
                  0000c620    0000000c     rit128x96x4.obj (.const:.string)
                  0000c62c    00000008     app_pem3.oem3 (.const:ti_sysbios_family_arm_m3_Hwi_excHookFuncs__A)
                  0000c634    00000008     app_pem3.oem3 (.const:ti_sysbios_knl_Idle_funcList__C)
                  0000c63c    00000008     app_pem3.oem3 (.const:xdc_runtime_Startup_firstFxns__C)
                  0000c644    00000008     app_pem3.oem3 (.const:xdc_runtime_Startup_lastFxns__C)
                  0000c64c    00000004     app_pem3.oem3 (.const:ti_sysbios_family_arm_lm3_Timer_enableFunc__C)
                  0000c650    00000004     app_pem3.oem3 (.const:ti_sysbios_family_arm_lm3_Timer_numTimerDevices__C)
                  0000c654    00000004     app_pem3.oem3 (.const:ti_sysbios_family_arm_lm3_Timer_startupNeeded__C)
                  0000c658    00000004     app_pem3.oem3 (.const:ti_sysbios_family_arm_m3_Hwi_E_NMI__C)
                  0000c65c    00000004     app_pem3.oem3 (.const:ti_sysbios_family_arm_m3_Hwi_E_busFault__C)
                  0000c660    00000004     app_pem3.oem3 (.const:ti_sysbios_family_arm_m3_Hwi_E_debugMon__C)
                  0000c664    00000004     app_pem3.oem3 (.const:ti_sysbios_family_arm_m3_Hwi_E_hardFault__C)
                  0000c668    00000004     app_pem3.oem3 (.const:ti_sysbios_family_arm_m3_Hwi_E_memFault__C)
                  0000c66c    00000004     app_pem3.oem3 (.const:ti_sysbios_family_arm_m3_Hwi_E_noIsr__C)
                  0000c670    00000004     app_pem3.oem3 (.const:ti_sysbios_family_arm_m3_Hwi_E_reserved__C)
                  0000c674    00000004     app_pem3.oem3 (.const:ti_sysbios_family_arm_m3_Hwi_E_svCall__C)
                  0000c678    00000004     app_pem3.oem3 (.const:ti_sysbios_family_arm_m3_Hwi_E_usageFault__C)
                  0000c67c    00000004     app_pem3.oem3 (.const:ti_sysbios_family_arm_m3_Hwi_LD_end__C)
                  0000c680    00000004     app_pem3.oem3 (.const:ti_sysbios_family_arm_m3_Hwi_LM_begin__C)
                  0000c684    00000004     app_pem3.oem3 (.const:ti_sysbios_family_arm_m3_Hwi_Module__diagsEnabled__C)
                  0000c688    00000004     app_pem3.oem3 (.const:ti_sysbios_family_arm_m3_Hwi_Module__diagsIncluded__C)
                  0000c68c    00000004     app_pem3.oem3 (.const:ti_sysbios_family_arm_m3_Hwi_Module__diagsMask__C)
                  0000c690    00000004     app_pem3.oem3 (.const:ti_sysbios_family_arm_m3_Hwi_Module__loggerFxn1__C)
                  0000c694    00000004     app_pem3.oem3 (.const:ti_sysbios_family_arm_m3_Hwi_Module__loggerFxn8__C)
                  0000c698    00000004     app_pem3.oem3 (.const:ti_sysbios_family_arm_m3_Hwi_Module__loggerObj__C)
                  0000c69c    00000004     app_pem3.oem3 (.const:ti_sysbios_family_arm_m3_Hwi_NUM_INTERRUPTS__C)
                  0000c6a0    00000004     app_pem3.oem3 (.const:ti_sysbios_family_arm_m3_Hwi_Object__count__C)
                  0000c6a4    00000004     app_pem3.oem3 (.const:ti_sysbios_family_arm_m3_Hwi_ccr__C)
                  0000c6a8    00000004     app_pem3.oem3 (.const:ti_sysbios_family_arm_m3_Hwi_excHandlerFunc__C)
                  0000c6ac    00000004     app_pem3.oem3 (.const:ti_sysbios_family_arm_m3_Hwi_excHookFuncs__C)
                  0000c6b0    00000004     app_pem3.oem3 (.const:ti_sysbios_family_arm_m3_Hwi_nullIsrFunc__C)
                  0000c6b4    00000004     app_pem3.oem3 (.const:ti_sysbios_family_arm_m3_Hwi_priGroup__C)
                  0000c6b8    00000004     app_pem3.oem3 (.const:ti_sysbios_family_arm_m3_Timer_E_cannotSupport__C)
                  0000c6bc    00000004     app_pem3.oem3 (.const:ti_sysbios_family_arm_m3_Timer_startupNeeded__C)
                  0000c6c0    00000004     app_pem3.oem3 (.const:ti_sysbios_gates_GateMutex_A_badContext__C)
                  0000c6c4    00000004     app_pem3.oem3 (.const:ti_sysbios_gates_GateMutex_Instance_State_sem__O)
                  0000c6c8    00000004     app_pem3.oem3 (.const:ti_sysbios_gates_GateMutex_Module__diagsEnabled__C)
                  0000c6cc    00000004     app_pem3.oem3 (.const:ti_sysbios_gates_GateMutex_Module__diagsIncluded__C)
                  0000c6d0    00000004     app_pem3.oem3 (.const:ti_sysbios_gates_GateMutex_Module__diagsMask__C)
                  0000c6d4    00000004     app_pem3.oem3 (.const:ti_sysbios_hal_Hwi_E_stackOverflow__C)
                  0000c6d8    00000004     app_pem3.oem3 (.const:ti_sysbios_heaps_HeapMem_A_align__C)
                  0000c6dc    00000004     app_pem3.oem3 (.const:ti_sysbios_heaps_HeapMem_A_heapSize__C)
                  0000c6e0    00000004     app_pem3.oem3 (.const:ti_sysbios_heaps_HeapMem_A_invalidFree__C)
                  0000c6e4    00000004     app_pem3.oem3 (.const:ti_sysbios_heaps_HeapMem_A_zeroBlock__C)
                  0000c6e8    00000004     app_pem3.oem3 (.const:ti_sysbios_heaps_HeapMem_E_memory__C)
                  0000c6ec    00000004     app_pem3.oem3 (.const:ti_sysbios_heaps_HeapMem_Module__diagsEnabled__C)
                  0000c6f0    00000004     app_pem3.oem3 (.const:ti_sysbios_heaps_HeapMem_Module__diagsIncluded__C)
                  0000c6f4    00000004     app_pem3.oem3 (.const:ti_sysbios_heaps_HeapMem_Module__diagsMask__C)
                  0000c6f8    00000004     app_pem3.oem3 (.const:ti_sysbios_heaps_HeapMem_Module__gateObj__C)
                  0000c6fc    00000004     app_pem3.oem3 (.const:ti_sysbios_heaps_HeapMem_Object__count__C)
                  0000c700    00000004     app_pem3.oem3 (.const:ti_sysbios_heaps_HeapMem_reqAlign__C)
                  0000c704    00000004     app_pem3.oem3 (.const:ti_sysbios_knl_Clock_LM_begin__C)
                  0000c708    00000004     app_pem3.oem3 (.const:ti_sysbios_knl_Clock_LM_tick__C)
                  0000c70c    00000004     app_pem3.oem3 (.const:ti_sysbios_knl_Clock_LW_delayed__C)
                  0000c710    00000004     app_pem3.oem3 (.const:ti_sysbios_knl_Clock_Module_State_clockQ__O)
                  0000c714    00000004     app_pem3.oem3 (.const:ti_sysbios_knl_Clock_Module__diagsEnabled__C)
                  0000c718    00000004     app_pem3.oem3 (.const:ti_sysbios_knl_Clock_Module__diagsIncluded__C)
                  0000c71c    00000004     app_pem3.oem3 (.const:ti_sysbios_knl_Clock_Module__diagsMask__C)
                  0000c720    00000004     app_pem3.oem3 (.const:ti_sysbios_knl_Clock_Module__loggerFxn1__C)
                  0000c724    00000004     app_pem3.oem3 (.const:ti_sysbios_knl_Clock_Module__loggerFxn2__C)
                  0000c728    00000004     app_pem3.oem3 (.const:ti_sysbios_knl_Clock_Module__loggerObj__C)
                  0000c72c    00000004     app_pem3.oem3 (.const:ti_sysbios_knl_Idle_funcList__A)
                  0000c730    00000004     app_pem3.oem3 (.const:ti_sysbios_knl_Mailbox_Instance_State_dataQue__O)
                  0000c734    00000004     app_pem3.oem3 (.const:ti_sysbios_knl_Mailbox_Instance_State_dataSem__O)
                  0000c738    00000004     app_pem3.oem3 (.const:ti_sysbios_knl_Mailbox_Instance_State_freeQue__O)
                  0000c73c    00000004     app_pem3.oem3 (.const:ti_sysbios_knl_Mailbox_Instance_State_freeSem__O)
                  0000c740    00000004     app_pem3.oem3 (.const:ti_sysbios_knl_Mailbox_Object__count__C)
                  0000c744    00000004     app_pem3.oem3 (.const:ti_sysbios_knl_Mailbox_maxTypeAlign__C)
                  0000c748    00000004     app_pem3.oem3 (.const:ti_sysbios_knl_Semaphore_A_badContext__C)
                  0000c74c    00000004     app_pem3.oem3 (.const:ti_sysbios_knl_Semaphore_A_noEvents__C)
                  0000c750    00000004     app_pem3.oem3 (.const:ti_sysbios_knl_Semaphore_A_overflow__C)
                  0000c754    00000004     app_pem3.oem3 (.const:ti_sysbios_knl_Semaphore_A_pendTaskDisabled__C)
                  0000c758    00000004     app_pem3.oem3 (.const:ti_sysbios_knl_Semaphore_Instance_State_pendQ__O)
                  0000c75c    00000004     app_pem3.oem3 (.const:ti_sysbios_knl_Semaphore_LM_pend__C)
                  0000c760    00000004     app_pem3.oem3 (.const:ti_sysbios_knl_Semaphore_LM_post__C)
                  0000c764    00000004     app_pem3.oem3 (.const:ti_sysbios_knl_Semaphore_Module__diagsEnabled__C)
                  0000c768    00000004     app_pem3.oem3 (.const:ti_sysbios_knl_Semaphore_Module__diagsIncluded__C)
                  0000c76c    00000004     app_pem3.oem3 (.const:ti_sysbios_knl_Semaphore_Module__diagsMask__C)
                  0000c770    00000004     app_pem3.oem3 (.const:ti_sysbios_knl_Semaphore_Module__loggerFxn2__C)
                  0000c774    00000004     app_pem3.oem3 (.const:ti_sysbios_knl_Semaphore_Module__loggerFxn4__C)
                  0000c778    00000004     app_pem3.oem3 (.const:ti_sysbios_knl_Semaphore_Module__loggerObj__C)
                  0000c77c    00000004     app_pem3.oem3 (.const:ti_sysbios_knl_Swi_LD_end__C)
                  0000c780    00000004     app_pem3.oem3 (.const:ti_sysbios_knl_Swi_LM_begin__C)
                  0000c784    00000004     app_pem3.oem3 (.const:ti_sysbios_knl_Swi_LM_post__C)
                  0000c788    00000004     app_pem3.oem3 (.const:ti_sysbios_knl_Swi_Module__diagsEnabled__C)
                  0000c78c    00000004     app_pem3.oem3 (.const:ti_sysbios_knl_Swi_Module__diagsIncluded__C)
                  0000c790    00000004     app_pem3.oem3 (.const:ti_sysbios_knl_Swi_Module__diagsMask__C)
                  0000c794    00000004     app_pem3.oem3 (.const:ti_sysbios_knl_Swi_Module__loggerFxn1__C)
                  0000c798    00000004     app_pem3.oem3 (.const:ti_sysbios_knl_Swi_Module__loggerFxn4__C)
                  0000c79c    00000004     app_pem3.oem3 (.const:ti_sysbios_knl_Swi_Module__loggerObj__C)
                  0000c7a0    00000004     app_pem3.oem3 (.const:ti_sysbios_knl_Swi_Object__count__C)
                  0000c7a4    00000004     app_pem3.oem3 (.const:ti_sysbios_knl_Task_E_spOutOfBounds__C)
                  0000c7a8    00000004     app_pem3.oem3 (.const:ti_sysbios_knl_Task_E_stackOverflow__C)
                  0000c7ac    00000004     app_pem3.oem3 (.const:ti_sysbios_knl_Task_LD_block__C)
                  0000c7b0    00000004     app_pem3.oem3 (.const:ti_sysbios_knl_Task_LD_exit__C)
                  0000c7b4    00000004     app_pem3.oem3 (.const:ti_sysbios_knl_Task_LD_ready__C)
                  0000c7b8    00000004     app_pem3.oem3 (.const:ti_sysbios_knl_Task_LM_switch__C)
                  0000c7bc    00000004     app_pem3.oem3 (.const:ti_sysbios_knl_Task_Module_State_inactiveQ__O)
                  0000c7c0    00000004     app_pem3.oem3 (.const:ti_sysbios_knl_Task_Module__diagsEnabled__C)
                  0000c7c4    00000004     app_pem3.oem3 (.const:ti_sysbios_knl_Task_Module__diagsIncluded__C)
                  0000c7c8    00000004     app_pem3.oem3 (.const:ti_sysbios_knl_Task_Module__diagsMask__C)
                  0000c7cc    00000004     app_pem3.oem3 (.const:ti_sysbios_knl_Task_Module__loggerFxn2__C)
                  0000c7d0    00000004     app_pem3.oem3 (.const:ti_sysbios_knl_Task_Module__loggerFxn4__C)
                  0000c7d4    00000004     app_pem3.oem3 (.const:ti_sysbios_knl_Task_Module__loggerObj__C)
                  0000c7d8    00000004     app_pem3.oem3 (.const:ti_sysbios_knl_Task_Object__count__C)
                  0000c7dc    00000004     app_pem3.oem3 (.const:ti_sysbios_knl_Task_allBlockedFunc__C)
                  0000c7e0    00000004     app_pem3.oem3 (.const:ti_sysbios_knl_Task_numConstructedTasks__C)
                  0000c7e4    00000004     app_pem3.oem3 (.const:xdc_runtime_Assert_E_assertFailed__C)
                  0000c7e8    00000004     app_pem3.oem3 (.const:xdc_runtime_Core_A_initializedParams__C)
                  0000c7ec    00000004     app_pem3.oem3 (.const:xdc_runtime_Core_Module__diagsEnabled__C)
                  0000c7f0    00000004     app_pem3.oem3 (.const:xdc_runtime_Core_Module__diagsIncluded__C)
                  0000c7f4    00000004     app_pem3.oem3 (.const:xdc_runtime_Core_Module__diagsMask__C)
                  0000c7f8    00000004     app_pem3.oem3 (.const:xdc_runtime_Error_E_memory__C)
                  0000c7fc    00000004     app_pem3.oem3 (.const:xdc_runtime_Error_Module__diagsEnabled__C)
                  0000c800    00000004     app_pem3.oem3 (.const:xdc_runtime_Error_Module__diagsIncluded__C)
                  0000c804    00000004     app_pem3.oem3 (.const:xdc_runtime_Error_Module__diagsMask__C)
                  0000c808    00000004     app_pem3.oem3 (.const:xdc_runtime_Error_Module__loggerFxn8__C)
                  0000c80c    00000004     app_pem3.oem3 (.const:xdc_runtime_Error_Module__loggerObj__C)
                  0000c810    00000004     app_pem3.oem3 (.const:xdc_runtime_Error_policyFxn__C)
                  0000c814    00000004     app_pem3.oem3 (.const:xdc_runtime_Error_raiseHook__C)
                  0000c818    00000004     app_pem3.oem3 (.const:xdc_runtime_IFilterLogger_Interface__BASE__C)
                  0000c81c    00000004     app_pem3.oem3 (.const:xdc_runtime_IGateProvider_Interface__BASE__C)
                  0000c820    00000004     app_pem3.oem3 (.const:xdc_runtime_IHeap_Interface__BASE__C)
                  0000c824    00000004     app_pem3.oem3 (.const:xdc_runtime_ILogger_Interface__BASE__C)
                  0000c828    00000004     app_pem3.oem3 (.const:xdc_runtime_IModule_Interface__BASE__C)
                  0000c82c    00000004     app_pem3.oem3 (.const:xdc_runtime_Log_L_error__C)
                  0000c830    00000004     app_pem3.oem3 (.const:xdc_runtime_LoggerBuf_E_badLevel__C)
                  0000c834    00000004     app_pem3.oem3 (.const:xdc_runtime_LoggerBuf_Module__gateObj__C)
                  0000c838    00000004     app_pem3.oem3 (.const:xdc_runtime_LoggerBuf_Object__count__C)
                  0000c83c    00000004     app_pem3.oem3 (.const:xdc_runtime_LoggerBuf_statusLogger__C)
                  0000c840    00000004     app_pem3.oem3 (.const:xdc_runtime_Memory_defaultHeapInstance__C)
                  0000c844    00000004     app_pem3.oem3 (.const:xdc_runtime_Startup_execImpl__C)
                  0000c848    00000004     app_pem3.oem3 (.const:xdc_runtime_Startup_lastFxns__A)
                  0000c84c    00000004     app_pem3.oem3 (.const:xdc_runtime_Startup_maxPasses__C)
                  0000c850    00000004     app_pem3.oem3 (.const:xdc_runtime_Startup_sfxnRts__C)
                  0000c854    00000004     app_pem3.oem3 (.const:xdc_runtime_Startup_sfxnTab__C)
                  0000c858    00000004     app_pem3.oem3 (.const:xdc_runtime_SysMin_bufSize__C)
                  0000c85c    00000004     app_pem3.oem3 (.const:xdc_runtime_SysMin_outputFunc__C)
                  0000c860    00000004     app_pem3.oem3 (.const:xdc_runtime_System_Module__gateObj__C)
                  0000c864    00000004     app_pem3.oem3 (.const:xdc_runtime_System_abortFxn__C)
                  0000c868    00000004     app_pem3.oem3 (.const:xdc_runtime_System_exitFxn__C)
                  0000c86c    00000004     app_pem3.oem3 (.const:xdc_runtime_System_extendFxn__C)
                  0000c870    00000004     app_pem3.oem3 (.const:xdc_runtime_System_maxAtexitHandlers__C)
                  0000c874    00000004     app_pem3.oem3 (.const:xdc_runtime_Text_charTab__C)
                  0000c878    00000004     app_pem3.oem3 (.const:xdc_runtime_Text_nameEmpty__C)
                  0000c87c    00000004     app_pem3.oem3 (.const:xdc_runtime_Text_nameStatic__C)
                  0000c880    00000004     app_pem3.oem3 (.const:xdc_runtime_Text_nameUnknown__C)
                  0000c884    00000004     app_pem3.oem3 (.const:xdc_runtime_Text_nodeTab__C)
                  0000c888    00000004     app_pem3.oem3 (.const:xdc_runtime_Text_visitRopeFxn__C)
                  0000c88c    00000002     app_pem3.oem3 (.const:ti_sysbios_family_arm_lm3_TimestampProvider_useClockTimer__C)
                  0000c88e    00000002     app_pem3.oem3 (.const:ti_sysbios_family_arm_m3_Hwi_Module__id__C)
                  0000c890    00000002     app_pem3.oem3 (.const:ti_sysbios_family_arm_m3_Hwi_Module__loggerDefined__C)
                  0000c892    00000002     app_pem3.oem3 (.const:ti_sysbios_family_arm_m3_Timer_Module__id__C)
                  0000c894    00000002     app_pem3.oem3 (.const:ti_sysbios_gates_GateMutex_Module__id__C)
                  0000c896    00000002     app_pem3.oem3 (.const:ti_sysbios_hal_Hwi_Module__id__C)
                  0000c898    00000002     app_pem3.oem3 (.const:ti_sysbios_heaps_HeapMem_Module__id__C)
                  0000c89a    00000002     app_pem3.oem3 (.const:ti_sysbios_knl_Clock_Module__id__C)
                  0000c89c    00000002     app_pem3.oem3 (.const:ti_sysbios_knl_Clock_Module__loggerDefined__C)
                  0000c89e    00000002     app_pem3.oem3 (.const:ti_sysbios_knl_Semaphore_Module__id__C)
                  0000c8a0    00000002     app_pem3.oem3 (.const:ti_sysbios_knl_Semaphore_Module__loggerDefined__C)
                  0000c8a2    00000002     app_pem3.oem3 (.const:ti_sysbios_knl_Swi_Module__id__C)
                  0000c8a4    00000002     app_pem3.oem3 (.const:ti_sysbios_knl_Swi_Module__loggerDefined__C)
                  0000c8a6    00000002     app_pem3.oem3 (.const:ti_sysbios_knl_Task_Module__id__C)
                  0000c8a8    00000002     app_pem3.oem3 (.const:ti_sysbios_knl_Task_Module__loggerDefined__C)
                  0000c8aa    00000002     app_pem3.oem3 (.const:ti_sysbios_knl_Task_initStackFlag__C)
                  0000c8ac    00000002     app_pem3.oem3 (.const:xdc_runtime_Core_Module__id__C)
                  0000c8ae    00000002     app_pem3.oem3 (.const:xdc_runtime_Error_Module__loggerDefined__C)
                  0000c8b0    00000002     app_pem3.oem3 (.const:xdc_runtime_Error_maxDepth__C)
                  0000c8b2    00000002     app_pem3.oem3 (.const:xdc_runtime_LoggerBuf_Module__id__C)
                  0000c8b4    00000002     app_pem3.oem3 (.const:xdc_runtime_LoggerBuf_filterByLevel__C)
                  0000c8b6    00000002     app_pem3.oem3 (.const:xdc_runtime_Memory_Module__id__C)
                  0000c8b8    00000002     app_pem3.oem3 (.const:xdc_runtime_SysMin_flushAtExit__C)
                  0000c8ba    00000002     app_pem3.oem3 (.const:xdc_runtime_Text_charCnt__C)
                  0000c8bc    00000002     app_pem3.oem3 (.const:xdc_runtime_Text_isLoaded__C)
                  0000c8be    00000002     app_pem3.oem3 (.const:xdc_runtime_Text_registryModsLastId__C)
                  0000c8c0    00000002     app_pem3.oem3 (.const:xdc_runtime_Text_unnamedModsLastId__C)

.cinit     0    0000c8c8    00000558     
                  0000c8c8    00000522     (.cinit..data.load) [load image, compression = rle]
                  0000cdea    00000002     --HOLE-- [fill = 0]
                  0000cdec    0000000c     (__TI_handler_table)
                  0000cdf8    00000008     (.cinit..bss.load) [load image, compression = zero_init]
                  0000ce00    00000008     (.cinit..vecs.load) [load image, compression = zero_init]
                  0000ce08    00000018     (__TI_cinit_table)

.vecs      0    20000000    00000140     UNINITIALIZED
                  20000000    00000140     app_pem3.oem3 (.vecs)

.bss       0    20000140    0000c961     UNINITIALIZED
                  20000140    00002800     app_pem3.oem3 (.bss:taskStackSection)
                  20002940    00002108     main.obj (.bss:kiss_fft_cfg_buffer$2)
                  20004a48    00002000     main.obj (.bss:in)
                  20006a48    00002000     main.obj (.bss:out$3)
                  20008a48    00001800     frame_graphics.obj (.bss:g_pucFrame)
                  2000a248    00001000     main.obj (.bss:g_pusADCBuffer)
                  2000b248    00001000     app_pem3.oem3 (.bss:ti_sysbios_heaps_HeapMem_Instance_State_0_buf__A)
                  2000c248    00000200     app_pem3.oem3 (.bss:xdc_runtime_LoggerBuf_Instance_State_0_entryArr__A)
                  2000c448    00000200     app_pem3.oem3 (.bss:xdc_runtime_SysMin_Module_State_0_outbuf__A)
                  2000c648    00000140     app_pem3.oem3 (.bss:ti_sysbios_family_arm_m3_Hwi_dispatchTable)
                  2000c788    00000120     rtsv7M3_T_le_eabi.lib : trgmsg.obj (.bss:__CIOBUF_)
                  2000c8a8    00000100     main.obj (.bss:ADCBuffer)
                  2000c9a8    000000a0     app_pem3.oem3 (.bss:ti_sysbios_knl_Mailbox_Instance_State_0_allocBuf__A)
                  2000ca48    00000014     (.common:g_MsgRx)
                  2000ca5c    00000014     (.common:g_MsgTx)
                  2000ca70    00000014     (.common:piState$1)
                  2000ca84    00000008     (.common:g_pucBuffer)
                  2000ca8c    00000008     (.common:parmbuf)
                  2000ca94    00000004     (.common:g_ulRxData)
                  2000ca98    00000004     (.common:g_ulSSIFlags)
                  2000ca9c    00000004     (.common:g_ulfrequency)
                  2000caa0    00000001     (.common:g_ulButtons)

.data      0    2000caa8    00000878     UNINITIALIZED
                  2000caa8    00000180     app_pem3.oem3 (.data)
                  2000cc28    0000017c     app_pem3.oem3 (.data:ti_sysbios_knl_Task_Object__table__V)
                  2000cda4    000000b0     rtsv7M3_T_le_eabi.lib : signal.obj (.data:sigtable)
                  2000ce54    00000004                           : errno.obj (.data)
                  2000ce58    00000080                           : xvalues.obj (.data)
                  2000ced8    00000080     app_pem3.oem3 (.data:ti_sysbios_knl_Swi_Module_State_0_readyQ__A)
                  2000cf58    00000080     app_pem3.oem3 (.data:ti_sysbios_knl_Task_Module_State_0_readyQ__A)
                  2000cfd8    00000068     rtsv7M3_T_le_eabi.lib : xfvalues.obj (.data)
                  2000d040    00000060     app_pem3.oem3 (.data:ti_sysbios_family_arm_m3_Hwi_Object__table__V)
                  2000d0a0    00000050     app_pem3.oem3 (.data:ti_sysbios_knl_Mailbox_Object__table__V)
                  2000d0f0    00000044     app_pem3.oem3 (.data:ti_sysbios_knl_Task_Module__state__V)
                  2000d134    0000003c     app_pem3.oem3 (.data:ti_sysbios_knl_Semaphore_Object__table__V)
                  2000d170    00000038     app_pem3.oem3 (.data:ti_sysbios_gates_GateMutex_Object__table__V)
                  2000d1a8    00000034     app_pem3.oem3 (.data:ti_sysbios_family_arm_m3_Hwi_Module__state__V)
                  2000d1dc    00000030     app_pem3.oem3 (.data:ti_sysbios_family_arm_lm3_Timer_Object__table__V)
                  2000d20c    00000030     app_pem3.oem3 (.data:ti_sysbios_family_arm_m3_Timer_Object__table__V)
                  2000d23c    00000030     app_pem3.oem3 (.data:ti_sysbios_knl_Swi_Object__table__V)
                  2000d26c    0000002c     app_pem3.oem3 (.data:ti_sysbios_knl_Clock_Module__state__V)
                  2000d298    00000024     app_pem3.oem3 (.data:ti_sysbios_BIOS_Module__state__V)
                  2000d2bc    00000024     app_pem3.oem3 (.data:xdc_runtime_LoggerBuf_Object__table__V)
                  2000d2e0    00000020     main.obj (.data)
                  2000d300    00000008     rtsv7M3_T_le_eabi.lib : _lock.obj (.data)
                  2000d308    00000008                           : exit.obj (.data)
                  2000d310    00000008                           : feraiseexcept.obj (.data)
                  2000d318    00000004                           : stkdepth_vars.obj (.data)
                  2000d31c    00000004     ustdlib.obj (.data)

.stack     0    2000d320    00000400     UNINITIALIZED
                  2000d320    00000400     --HOLE--


LINKER GENERATED COPY TABLES

__TI_cinit_table @ 0000ce08 records: 3, size/record: 8, table size: 24
	.data: load addr=0000c8c8, load size=00000522 bytes, run addr=2000caa8, run size=00000878 bytes, compression=rle
	.bss: load addr=0000cdf8, load size=00000008 bytes, run addr=20000140, run size=0000c961 bytes, compression=zero_init
	.vecs: load addr=0000ce00, load size=00000008 bytes, run addr=20000000, run size=00000140 bytes, compression=zero_init


LINKER GENERATED HANDLER TABLE

__TI_handler_table @ 0000cdec records: 3, size/record: 4, table size: 12
	index: 0, handler: __TI_zero_init
	index: 1, handler: __TI_decompress_rle24
	index: 2, handler: __TI_decompress_none


GLOBAL SYMBOLS: SORTED ALPHABETICALLY BY Name 

address    name
--------   ----
2000c8a8   ADCBuffer
0000c378   ADCHwi_handle
00001f9d   ADCInit
0000a1a1   ADCIntEnable
000098c5   ADCSequenceConfigure
0000a2b1   ADCSequenceDisable
0000a2bf   ADCSequenceEnable
0000816d   ADCSequenceStepConfigure
00002011   ADC_Hwi
00007679   ButtonDebounce
00008d1d   C$$EXIT
000084d3   C$$IO$$
000079f1   CANBitRateSet
0000a015   CANEnable
0000c3a0   CANHwi_handle
00007ea5   CANInit
00008f81   CANIntClear
00009fe9   CANIntEnable
000093e5   CANIntStatus
00005051   CANMessageGet
00004ab1   CANMessageSet
00008013   CANStatusGet
000058fd   CAN_ISR
000024ad   DrawChar
0000266f   DrawCircle
0000270d   DrawFilledRectangle
00002393   DrawLine
00002323   DrawPoint
00002585   DrawString
0000c398   FFTSemaphore
0000c39c   FFTdisplay
000022b1   FillFrame
00009705   GPIODirModeSet
0000694d   GPIOPadConfigSet
0000a0c9   GPIOPinTypeCAN
0000a0db   GPIOPinTypeGPIOInput
0000a0ed   GPIOPinTypeGPIOOutput
0000a0ff   GPIOPinTypeSSI
0000a3c1   GPIOPinWrite
00003e11   HOSTclock
00003dd9   HOSTclose
00003d9b   HOSTgetenv
00003d3f   HOSTlseek
00003ced   HOSTopen
00003ca1   HOSTread
00003c43   HOSTrename
00003c09   HOSTtime
00003bd1   HOSTunlink
00003b85   HOSTwrite
00008319   IntDisable
0000837d   IntEnable
0000a403   LoggerBuf_instanceStartup
0000593d   NetworkInit
00005977   NetworkMsgInit
000059d5   NetworkRxCallback
000059bd   NetworkTx
00002a41   RIT128x96x4Clear
00002cbb   RIT128x96x4Disable
00002e15   RIT128x96x4DisplayOff
00002de1   RIT128x96x4DisplayOn
00002c61   RIT128x96x4Enable
00002bd9   RIT128x96x4ImageDraw
00002d35   RIT128x96x4Init
00002a9d   RIT128x96x4StringDraw
UNDEFED    SHT$$INIT_ARRAY$$Base
UNDEFED    SHT$$INIT_ARRAY$$Limit
0000a39b   SSIBusy
00008c95   SSIConfigSetExpClk
0000a111   SSIDataGetNonBlocking
0000a355   SSIDataPut
0000a35f   SSIDisable
0000a369   SSIEnable
00009b8d   SysCtlADCSpeedSet
00004919   SysCtlClockGet
000086dd   SysCtlPeripheralEnable
2000cd58   TSK_idle
2000ce58   _Denorm
00006add   _Dnorm
00005fe9   _Dscale
00008da5   _Dtest
000083e1   _Dunscale
2000ce68   _Eps
2000ce54   _Errno
2000cfd8   _FDenorm
2000cfe8   _FEps
2000cff8   _FInf
2000d008   _FNan
2000d028   _FRteps
2000d018   _FSnan
2000d038   _FXbig
2000d03c   _FZero
2000d310   _Fenv
00009585   _Feraise
2000ce78   _Hugeval
2000ce88   _Inf
000038a1   _Log
2000ce98   _Nan
2000ceb8   _Rteps
00003e59   _Sin
2000cea8   _Snan
2000d314   _Tls_setup__Fenv
2000cec8   _Xbig
2000ced0   _Zero
00000000   __ASM__
2000c788   __CIOBUF_
000000aa   __ISA__
000000bc   __PLAT__
2000d720   __STACK_END
00000400   __STACK_SIZE
2000d520   __STACK_TOP
000000e2   __TARG__
0000ce08   __TI_CINIT_Base
0000ce20   __TI_CINIT_Limit
0000cdec   __TI_Handler_Table_Base
0000cdf8   __TI_Handler_Table_Limit
00000001   __TI_args_main
00007405   __TI_auto_init
2000d308   __TI_cleanup_ptr
0000a2cd   __TI_decompress_none
0000a3cd   __TI_decompress_rle24
2000d30c   __TI_dtors_ptr
000084d7   __TI_readmsg
00000000   __TI_static_base__
000084a9   __TI_writemsg
0000a123   __TI_zero_init
00000107   __TRDR__
00007c19   __aeabi_cdcmpeq
00007c19   __aeabi_cdcmple
00007c9f   __aeabi_cdrcmple
00008a0d   __aeabi_d2f
00008a57   __aeabi_d2iz
00008d61   __aeabi_d2uiz
0000476b   __aeabi_dadd
000057c5   __aeabi_ddiv
000061fd   __aeabi_dmul
00004761   __aeabi_dsub
000091eb   __aeabi_f2d
00009223   __aeabi_f2iz
000063f9   __aeabi_fadd
0000795d   __aeabi_fdiv
00007f1f   __aeabi_fmul
000063f5   __aeabi_fsub
00009761   __aeabi_i2d
0000925b   __aeabi_i2f
00007f99   __aeabi_memclr
00007f99   __aeabi_memclr4
00007f99   __aeabi_memclr8
000074a5   __aeabi_memcpy
000074a5   __aeabi_memcpy4
000074a5   __aeabi_memcpy8
00007f9b   __aeabi_memset
00007f9b   __aeabi_memset4
00007f9b   __aeabi_memset8
000099b7   __aeabi_ui2f
00008fc3   __aeabi_uidivmod
ffffffff   __binit__
ffffffff   __c_args__
2000d320   __stack
0000a3c7   __xdc__init
2000cc24   __xdc__init__addr
00009f29   _args_main
00008c51   _c_int00
2000d300   _lock
0000a037   _nop
0000a02f   _register_lock
0000a029   _register_unlock
2000d304   _unlock
00008d21   abort
ffffffff   binit
00001dd1   buttonHandler
0000c380   buttonMailbox
00001e91   buttonScanning
00001ee1   calculateFFT
0000c37c   clock0
00008cd9   copy_in
0000a3d3   cos
2000d2fc   displayFFT
0000c384   displaySemaphore
0000c390   displayTask
00001b99   drawFrame
000020a1   drawGrid
000021f1   drawSlope
2000d2f4   editValue
2000d2f0   editingValue
00008d29   exit
00009419   feraiseexcept
000019d1   findTrigger
00006d25   floor
00004da9   fmod
00009f11   free
2000d2e4   g_iADCBufferIndex
0000bdc9   g_pucFont
20008a48   g_pucFrame
2000a248   g_pusADCBuffer
2000d2e8   g_ulADCErrors
2000caa0   g_ulButtons
2000d2e0   g_ulTime
2000ca9c   g_ulfrequency
00000ed1   kiss_fft
00000d57   kiss_fft_alloc
00000ee7   kiss_fft_cleanup
00000ee9   kiss_fft_next_fast_size
00000e69   kiss_fft_stride
0000a3d9   log10
000019b5   main
2000d318   main_func_sp
00009733   malloc
000074a5   memcpy
00007fa1   memset
0000978f   raise
00009005   signal
0000a3df   sin
2000d2ec   slope
00005199   sqrt
0000a135   strcpy
0000a03d   strlen
00002061   switchesInit
0000a2e9   ti_catalog_arm_cortexm3_lm3init_Boot_init
00005ecd   ti_catalog_arm_cortexm3_lm3init_Boot_sysCtlClockSet
0000a3bb   ti_catalog_arm_cortexm3_lm3init_Boot_sysCtlDelay
2000d298   ti_sysbios_BIOS_Module__state__V
0000a407   ti_sysbios_BIOS_RtsGateProxy_enter__E
0000a40b   ti_sysbios_BIOS_RtsGateProxy_leave__E
0000a41b   ti_sysbios_BIOS_RtsGateProxy_query__E
000095b5   ti_sysbios_BIOS_atExitFunc__I
000099dd   ti_sysbios_BIOS_errorRaiseHook__I
00009fff   ti_sysbios_BIOS_exitFunc__I
00004917   ti_sysbios_BIOS_nullFunc__I
00009a01   ti_sysbios_BIOS_registerRTSLock__I
00009a25   ti_sysbios_BIOS_removeRTSLock__I
00009d49   ti_sysbios_BIOS_rtsLock__I
00009f41   ti_sysbios_BIOS_rtsUnlock__I
0000a1b1   ti_sysbios_BIOS_setThreadType__E
00009941   ti_sysbios_BIOS_startFunc__I
0000a1c1   ti_sysbios_BIOS_start__E
2000cab0   ti_sysbios_family_arm_lm3_Timer_Module_State_0_device__A
2000cad0   ti_sysbios_family_arm_lm3_Timer_Module_State_0_handles__A
2000caa8   ti_sysbios_family_arm_lm3_Timer_Module__root__V
2000cae0   ti_sysbios_family_arm_lm3_Timer_Module__state__V
00008089   ti_sysbios_family_arm_lm3_Timer_Module_startup__E
2000d1dc   ti_sysbios_family_arm_lm3_Timer_Object__table__V
0000c05c   ti_sysbios_family_arm_lm3_Timer_WRALLOW__C
0000c64c   ti_sysbios_family_arm_lm3_Timer_enableFunc__C
000085c9   ti_sysbios_family_arm_lm3_Timer_enableStellaris__I
00007a7d   ti_sysbios_family_arm_lm3_Timer_enableTimers__I
00009a49   ti_sysbios_family_arm_lm3_Timer_isrStub__E
0000c650   ti_sysbios_family_arm_lm3_Timer_numTimerDevices__C
00007e29   ti_sysbios_family_arm_lm3_Timer_start__E
0000c654   ti_sysbios_family_arm_lm3_Timer_startupNeeded__C
00006c65   ti_sysbios_family_arm_lm3_Timer_startup__E
00009a6d   ti_sysbios_family_arm_lm3_Timer_stop__E
2000caec   ti_sysbios_family_arm_lm3_TimestampProvider_Module__state__V
0000a3e5   ti_sysbios_family_arm_lm3_TimestampProvider_Module_startup__E
00007361   ti_sysbios_family_arm_lm3_TimestampProvider_get64__E
0000a1d1   ti_sysbios_family_arm_lm3_TimestampProvider_rolloverFunc__E
0000a2f5   ti_sysbios_family_arm_lm3_TimestampProvider_startTimer__E
0000c88c   ti_sysbios_family_arm_lm3_TimestampProvider_useClockTimer__C
0000c658   ti_sysbios_family_arm_m3_Hwi_E_NMI__C
0000c65c   ti_sysbios_family_arm_m3_Hwi_E_busFault__C
0000c660   ti_sysbios_family_arm_m3_Hwi_E_debugMon__C
0000c664   ti_sysbios_family_arm_m3_Hwi_E_hardFault__C
0000c668   ti_sysbios_family_arm_m3_Hwi_E_memFault__C
0000c66c   ti_sysbios_family_arm_m3_Hwi_E_noIsr__C
0000c670   ti_sysbios_family_arm_m3_Hwi_E_reserved__C
0000c674   ti_sysbios_family_arm_m3_Hwi_E_svCall__C
0000c678   ti_sysbios_family_arm_m3_Hwi_E_usageFault__C
00009e0d   ti_sysbios_family_arm_m3_Hwi_Handle__label__S
0000c67c   ti_sysbios_family_arm_m3_Hwi_LD_end__C
0000c680   ti_sysbios_family_arm_m3_Hwi_LM_begin__C
2000cafc   ti_sysbios_family_arm_m3_Hwi_Module_State_0_excActive__A
2000cb00   ti_sysbios_family_arm_m3_Hwi_Module_State_0_excContext__A
2000cb04   ti_sysbios_family_arm_m3_Hwi_Module_State_0_excStack__A
0000c684   ti_sysbios_family_arm_m3_Hwi_Module__diagsEnabled__C
0000c688   ti_sysbios_family_arm_m3_Hwi_Module__diagsIncluded__C
0000c68c   ti_sysbios_family_arm_m3_Hwi_Module__diagsMask__C
0000c88e   ti_sysbios_family_arm_m3_Hwi_Module__id__C
0000c890   ti_sysbios_family_arm_m3_Hwi_Module__loggerDefined__C
0000c690   ti_sysbios_family_arm_m3_Hwi_Module__loggerFxn1__C
0000c694   ti_sysbios_family_arm_m3_Hwi_Module__loggerFxn8__C
0000c698   ti_sysbios_family_arm_m3_Hwi_Module__loggerObj__C
2000caf4   ti_sysbios_family_arm_m3_Hwi_Module__root__V
00009f59   ti_sysbios_family_arm_m3_Hwi_Module__startupDone__F
00009f59   ti_sysbios_family_arm_m3_Hwi_Module__startupDone__S
2000d1a8   ti_sysbios_family_arm_m3_Hwi_Module__state__V
00006ba1   ti_sysbios_family_arm_m3_Hwi_Module_startup__E
0000c69c   ti_sysbios_family_arm_m3_Hwi_NUM_INTERRUPTS__C
0000c6a0   ti_sysbios_family_arm_m3_Hwi_Object__count__C
0000a051   ti_sysbios_family_arm_m3_Hwi_Object__get__S
2000d040   ti_sysbios_family_arm_m3_Hwi_Object__table__V
0000c6a4   ti_sysbios_family_arm_m3_Hwi_ccr__C
00008de9   ti_sysbios_family_arm_m3_Hwi_disableInterrupt__E
00005555   ti_sysbios_family_arm_m3_Hwi_dispatchC__I
2000c648   ti_sysbios_family_arm_m3_Hwi_dispatchTable
000066e1   ti_sysbios_family_arm_m3_Hwi_dispatch__I
0000a3a3   ti_sysbios_family_arm_m3_Hwi_doSwiRestore__I
00009a91   ti_sysbios_family_arm_m3_Hwi_doTaskRestore__I
00008e2d   ti_sysbios_family_arm_m3_Hwi_enableInterrupt__E
00004c41   ti_sysbios_family_arm_m3_Hwi_excBusFault__I
000070b9   ti_sysbios_family_arm_m3_Hwi_excDebugMon__I
00002e45   ti_sysbios_family_arm_m3_Hwi_excDumpRegs__I
00009bad   ti_sysbios_family_arm_m3_Hwi_excHandlerAsm__I
0000c6a8   ti_sysbios_family_arm_m3_Hwi_excHandlerFunc__C
00004569   ti_sysbios_family_arm_m3_Hwi_excHandlerMax__I
00009bcd   ti_sysbios_family_arm_m3_Hwi_excHandler__I
00006e9d   ti_sysbios_family_arm_m3_Hwi_excHardFault__I
0000c62c   ti_sysbios_family_arm_m3_Hwi_excHookFuncs__A
0000c6ac   ti_sysbios_family_arm_m3_Hwi_excHookFuncs__C
000052d9   ti_sysbios_family_arm_m3_Hwi_excMemFault__I
0000944d   ti_sysbios_family_arm_m3_Hwi_excNmi__I
00009295   ti_sysbios_family_arm_m3_Hwi_excNoIsr__I
00008aa1   ti_sysbios_family_arm_m3_Hwi_excReserved__I
000090c1   ti_sysbios_family_arm_m3_Hwi_excSvCall__I
00004efd   ti_sysbios_family_arm_m3_Hwi_excUsageFault__I
000092cd   ti_sysbios_family_arm_m3_Hwi_getStackInfo__E
00007b09   ti_sysbios_family_arm_m3_Hwi_initNVIC__E
00008ae9   ti_sysbios_family_arm_m3_Hwi_initStacks__E
0000c6b0   ti_sysbios_family_arm_m3_Hwi_nullIsrFunc__C
e000e000   ti_sysbios_family_arm_m3_Hwi_nvic
00009e27   ti_sysbios_family_arm_m3_Hwi_pendSV__I
0000c6b4   ti_sysbios_family_arm_m3_Hwi_priGroup__C
20000000   ti_sysbios_family_arm_m3_Hwi_ramVectors
00000000   ti_sysbios_family_arm_m3_Hwi_resetVectors
00009e3f   ti_sysbios_family_arm_m3_Hwi_return
0000a3ab   ti_sysbios_family_arm_m3_Hwi_startup__E
0000a065   ti_sysbios_family_arm_m3_Hwi_switchFromBootStack__E
0000a40f   ti_sysbios_family_arm_m3_TaskSupport_Module__startupDone__S
00008929   ti_sysbios_family_arm_m3_TaskSupport_buildTaskStack
0000a301   ti_sysbios_family_arm_m3_TaskSupport_checkStack__E
0000a1e1   ti_sysbios_family_arm_m3_TaskSupport_glue
00009305   ti_sysbios_family_arm_m3_TaskSupport_start__E
0000a1f1   ti_sysbios_family_arm_m3_TaskSupport_swap__E
0000c6b8   ti_sysbios_family_arm_m3_Timer_E_cannotSupport__C
0000c892   ti_sysbios_family_arm_m3_Timer_Module__id__C
2000cb08   ti_sysbios_family_arm_m3_Timer_Module__root__V
00009f71   ti_sysbios_family_arm_m3_Timer_Module__startupDone__F
00009f71   ti_sysbios_family_arm_m3_Timer_Module__startupDone__S
2000cb10   ti_sysbios_family_arm_m3_Timer_Module__state__V
00009045   ti_sysbios_family_arm_m3_Timer_Module_startup__E
2000d20c   ti_sysbios_family_arm_m3_Timer_Object__table__V
0000a413   ti_sysbios_family_arm_m3_Timer_getMaxTicks__E
00008b31   ti_sysbios_family_arm_m3_Timer_initDevice__I
00009481   ti_sysbios_family_arm_m3_Timer_periodicStub__I
000087e5   ti_sysbios_family_arm_m3_Timer_setPeriod__E
00008839   ti_sysbios_family_arm_m3_Timer_start__E
0000c6bc   ti_sysbios_family_arm_m3_Timer_startupNeeded__C
00009ab5   ti_sysbios_family_arm_m3_Timer_startup__E
00009d0d   ti_sysbios_family_xxx_Hwi_switchAndRunFunc
00009e41   ti_sysbios_gates_GateHwi_Handle__label__S
000058fb   ti_sysbios_gates_GateHwi_Instance_init__E
0000c3cc   ti_sysbios_gates_GateHwi_Module__FXNS__C
2000cb1c   ti_sysbios_gates_GateHwi_Module__root__V
0000c4a0   ti_sysbios_gates_GateHwi_Object__DESC__C
0000c57c   ti_sysbios_gates_GateHwi_Object__PARAMS__C
000095e5   ti_sysbios_gates_GateHwi_Object__create__S
[...]
0000a015   CANEnable
0000a029   _register_unlock
0000a02f   _register_lock
0000a037   _nop
0000a03d   strlen
0000a051   ti_sysbios_family_arm_m3_Hwi_Object__get__S
0000a065   ti_sysbios_family_arm_m3_Hwi_switchFromBootStack__E
0000a065   ti_sysbios_hal_Hwi_HwiProxy_switchFromBootStack__E
0000a079   ti_sysbios_heaps_HeapMem_Object__get__S
0000a08d   ti_sysbios_knl_Mailbox_Object__get__S
0000a0a1   ti_sysbios_knl_Swi_Object__get__S
0000a0b5   xdc_runtime_LoggerBuf_Object__get__S
0000a0c9   GPIOPinTypeCAN
0000a0db   GPIOPinTypeGPIOInput
0000a0ed   GPIOPinTypeGPIOOutput
0000a0ff   GPIOPinTypeSSI
0000a111   SSIDataGetNonBlocking
0000a123   __TI_zero_init
0000a135   strcpy
0000a147   ti_sysbios_hal_Hwi_Module_startup__E
0000a159   xdc_runtime_LoggerBuf_Instance_finalize__E
0000a16b   xdc_runtime_LoggerBuf_write1__E
0000a17d   xdc_runtime_LoggerBuf_write2__E
0000a18f   xdc_runtime_Startup_exec__I
0000a1a1   ADCIntEnable
0000a1b1   ti_sysbios_BIOS_setThreadType__E
0000a1c1   ti_sysbios_BIOS_start__E
0000a1d1   ti_sysbios_family_arm_lm3_TimestampProvider_rolloverFunc__E
0000a1e1   ti_sysbios_family_arm_m3_TaskSupport_glue
0000a1f1   ti_sysbios_family_arm_m3_TaskSupport_swap__E
0000a1f1   ti_sysbios_knl_Task_SupportProxy_swap__E
0000a1f9   ti_sysbios_knl_Task_swapReturn
0000a201   ti_sysbios_gates_GateMutex_Instance_finalize__E
0000a211   ti_sysbios_knl_Semaphore_Instance_finalize__E
0000a221   ti_sysbios_knl_Swi_disable__E
0000a231   ti_sysbios_knl_Task_Object__get__S
0000a241   ti_sysbios_knl_Task_disable__E
0000a251   xdc_runtime_Gate_leaveSystem__E
0000a261   xdc_runtime_LoggerBuf_write0__E
0000a271   xdc_runtime_Memory_free__E
0000a281   xdc_runtime_SysMin_ready__E
0000a281   xdc_runtime_System_SupportProxy_ready__E
0000a291   xdc_runtime_System_vsnprintf__E
0000a2a1   xdc_runtime_Text_visitRope__I
0000a2b1   ADCSequenceDisable
0000a2bf   ADCSequenceEnable
0000a2cd   __TI_decompress_none
0000a2db   ti_sysbios_knl_Queue_empty__E
0000a2e9   ti_catalog_arm_cortexm3_lm3init_Boot_init
0000a2f5   ti_sysbios_family_arm_lm3_TimestampProvider_startTimer__E
0000a301   ti_sysbios_family_arm_m3_TaskSupport_checkStack__E
0000a301   ti_sysbios_knl_Task_SupportProxy_checkStack__E
0000a30d   ti_sysbios_gates_GateHwi_enter__E
0000a319   ti_sysbios_knl_Queue_Object__get__S
0000a325   xdc_runtime_Error_init__E
0000a331   xdc_runtime_Gate_enterSystem__E
0000a33d   xdc_runtime_Memory_calloc__E
0000a349   xdc_runtime_Memory_getMaxDefaultTypeAlign__E
0000a355   SSIDataPut
0000a35f   SSIDisable
0000a369   SSIEnable
0000a387   xdc_runtime_LoggerBuf_disable__E
0000a391   xdc_runtime_LoggerBuf_enable__E
0000a39b   SSIBusy
0000a3a3   ti_sysbios_family_arm_m3_Hwi_doSwiRestore__I
0000a3ab   ti_sysbios_family_arm_m3_Hwi_startup__E
0000a3ab   ti_sysbios_hal_Hwi_HwiProxy_startup__E
0000a3ab   ti_sysbios_hal_Hwi_startup__E
0000a3b3   ti_sysbios_knl_Idle_loop__E
0000a3bb   ti_catalog_arm_cortexm3_lm3init_Boot_sysCtlDelay
0000a3c1   GPIOPinWrite
0000a3c7   __xdc__init
0000a3cd   __TI_decompress_rle24
0000a3d3   cos
0000a3d9   log10
0000a3df   sin
0000a3e5   ti_sysbios_family_arm_lm3_TimestampProvider_Module_startup__E
0000a3eb   ti_sysbios_gates_GateHwi_leave__E
0000a3f1   ti_sysbios_heaps_HeapMem_isBlocking__E
0000a3f7   ti_sysbios_knl_Queue_Instance_init__E
0000a3fd   xdc_runtime_System_Module_startup__E
0000a403   LoggerBuf_instanceStartup
0000a407   ti_sysbios_BIOS_RtsGateProxy_enter__E
0000a40b   ti_sysbios_BIOS_RtsGateProxy_leave__E
0000a40f   ti_sysbios_family_arm_m3_TaskSupport_Module__startupDone__S
0000a413   ti_sysbios_family_arm_m3_Timer_getMaxTicks__E
0000a417   ti_sysbios_gates_GateHwi_query__E
0000a417   xdc_runtime_LoggerBuf_Module_GateProxy_query__E
0000a417   xdc_runtime_Main_Module_GateProxy_query__E
0000a417   xdc_runtime_System_Module_GateProxy_query__E
0000a41b   ti_sysbios_BIOS_RtsGateProxy_query__E
0000a41b   ti_sysbios_gates_GateMutex_query__E
0000a41b   ti_sysbios_heaps_HeapMem_Module_GateProxy_query__E
0000a41f   ti_sysbios_hal_Hwi_HwiProxy_Module__startupDone__S
0000a423   ti_sysbios_heaps_HeapMem_Module_GateProxy_enter__E
0000a427   ti_sysbios_heaps_HeapMem_Module_GateProxy_leave__E
0000a42b   ti_sysbios_knl_Clock_TimerProxy_Module__startupDone__S
0000a42f   ti_sysbios_knl_Clock_TimerProxy_getMaxTicks__E
0000a433   ti_sysbios_knl_Queue_destruct
0000a437   ti_sysbios_knl_Semaphore_destruct
0000a43b   ti_sysbios_knl_Task_SupportProxy_Module__startupDone__S
0000a43f   ti_sysbios_knl_Task_startup__E
0000a443   xdc_runtime_Error_getSite__E
0000a447   xdc_runtime_LoggerBuf_Module_GateProxy_enter__E
0000a44b   xdc_runtime_LoggerBuf_Module_GateProxy_leave__E
0000a44f   xdc_runtime_Memory_HeapProxy_alloc__E
0000a453   xdc_runtime_Memory_HeapProxy_free__E
0000a457   xdc_runtime_Startup_reset__I
0000a45b   xdc_runtime_System_Module_GateProxy_enter__E
0000a45f   xdc_runtime_System_Module_GateProxy_leave__E
0000a463   xdc_runtime_System_aprintf_va__F
0000a467   xdc_runtime_System_printf_va__F
0000a470   xdc_runtime_Text_charTab__A
0000bdc9   g_pucFont
0000bfa4   xdc_runtime_Text_nodeTab__A
0000c05c   ti_sysbios_family_arm_lm3_Timer_WRALLOW__C
0000c20b   xdc_runtime_Error_policy__C
0000c2d4   xdc_runtime_LoggerBuf_Module__FXNS__C
0000c348   xdc_runtime_Startup_sfxnTab__A
0000c378   ADCHwi_handle
0000c37c   clock0
0000c380   buttonMailbox
0000c384   displaySemaphore
0000c388   waveSemaphore
0000c38c   userInputTask
0000c390   displayTask
0000c394   waveFormTask
0000c398   FFTSemaphore
0000c39c   FFTdisplay
0000c3a0   CANHwi_handle
0000c3a4   ti_sysbios_heaps_HeapMem_Module__FXNS__C
0000c3cc   ti_sysbios_gates_GateHwi_Module__FXNS__C
0000c3f0   ti_sysbios_gates_GateMutex_Module__FXNS__C
0000c414   ti_sysbios_heaps_HeapMem_Object__PARAMS__C
0000c438   ti_sysbios_knl_Semaphore_Object__PARAMS__C
0000c45c   xdc_runtime_LoggerBuf_Object__PARAMS__C
0000c4a0   ti_sysbios_gates_GateHwi_Object__DESC__C
0000c4c0   ti_sysbios_gates_GateMutex_Object__DESC__C
0000c4e0   ti_sysbios_heaps_HeapMem_Object__DESC__C
0000c500   ti_sysbios_knl_Queue_Object__DESC__C
0000c520   ti_sysbios_knl_Semaphore_Object__DESC__C
0000c540   xdc_runtime_LoggerBuf_Object__DESC__C
0000c57c   ti_sysbios_gates_GateHwi_Object__PARAMS__C
0000c594   ti_sysbios_gates_GateMutex_Object__PARAMS__C
0000c5ac   ti_sysbios_knl_Queue_Object__PARAMS__C
0000c5c4   xdc_runtime_Startup_sfxnRts__A
0000c610   xdc_runtime_Startup_firstFxns__A
0000c62c   ti_sysbios_family_arm_m3_Hwi_excHookFuncs__A
0000c634   ti_sysbios_knl_Idle_funcList__C
0000c63c   xdc_runtime_Startup_firstFxns__C
0000c644   xdc_runtime_Startup_lastFxns__C
0000c64c   ti_sysbios_family_arm_lm3_Timer_enableFunc__C
0000c650   ti_sysbios_family_arm_lm3_Timer_numTimerDevices__C
0000c654   ti_sysbios_family_arm_lm3_Timer_startupNeeded__C
0000c658   ti_sysbios_family_arm_m3_Hwi_E_NMI__C
0000c65c   ti_sysbios_family_arm_m3_Hwi_E_busFault__C
0000c660   ti_sysbios_family_arm_m3_Hwi_E_debugMon__C
0000c664   ti_sysbios_family_arm_m3_Hwi_E_hardFault__C
0000c668   ti_sysbios_family_arm_m3_Hwi_E_memFault__C
0000c66c   ti_sysbios_family_arm_m3_Hwi_E_noIsr__C
0000c670   ti_sysbios_family_arm_m3_Hwi_E_reserved__C
0000c674   ti_sysbios_family_arm_m3_Hwi_E_svCall__C
0000c678   ti_sysbios_family_arm_m3_Hwi_E_usageFault__C
0000c67c   ti_sysbios_family_arm_m3_Hwi_LD_end__C
0000c680   ti_sysbios_family_arm_m3_Hwi_LM_begin__C
0000c684   ti_sysbios_family_arm_m3_Hwi_Module__diagsEnabled__C
0000c688   ti_sysbios_family_arm_m3_Hwi_Module__diagsIncluded__C
0000c68c   ti_sysbios_family_arm_m3_Hwi_Module__diagsMask__C
0000c690   ti_sysbios_family_arm_m3_Hwi_Module__loggerFxn1__C
0000c694   ti_sysbios_family_arm_m3_Hwi_Module__loggerFxn8__C
0000c698   ti_sysbios_family_arm_m3_Hwi_Module__loggerObj__C
0000c69c   ti_sysbios_family_arm_m3_Hwi_NUM_INTERRUPTS__C
0000c6a0   ti_sysbios_family_arm_m3_Hwi_Object__count__C
0000c6a4   ti_sysbios_family_arm_m3_Hwi_ccr__C
0000c6a8   ti_sysbios_family_arm_m3_Hwi_excHandlerFunc__C
0000c6ac   ti_sysbios_family_arm_m3_Hwi_excHookFuncs__C
0000c6b0   ti_sysbios_family_arm_m3_Hwi_nullIsrFunc__C
0000c6b4   ti_sysbios_family_arm_m3_Hwi_priGroup__C
0000c6b8   ti_sysbios_family_arm_m3_Timer_E_cannotSupport__C
0000c6bc   ti_sysbios_family_arm_m3_Timer_startupNeeded__C
0000c6c0   ti_sysbios_gates_GateMutex_A_badContext__C
0000c6c4   ti_sysbios_gates_GateMutex_Instance_State_sem__O
0000c6c8   ti_sysbios_gates_GateMutex_Module__diagsEnabled__C
0000c6cc   ti_sysbios_gates_GateMutex_Module__diagsIncluded__C
0000c6d0   ti_sysbios_gates_GateMutex_Module__diagsMask__C
0000c6d4   ti_sysbios_hal_Hwi_E_stackOverflow__C
0000c6d8   ti_sysbios_heaps_HeapMem_A_align__C
0000c6dc   ti_sysbios_heaps_HeapMem_A_heapSize__C
0000c6e0   ti_sysbios_heaps_HeapMem_A_invalidFree__C
0000c6e4   ti_sysbios_heaps_HeapMem_A_zeroBlock__C
0000c6e8   ti_sysbios_heaps_HeapMem_E_memory__C
0000c6ec   ti_sysbios_heaps_HeapMem_Module__diagsEnabled__C
0000c6f0   ti_sysbios_heaps_HeapMem_Module__diagsIncluded__C
0000c6f4   ti_sysbios_heaps_HeapMem_Module__diagsMask__C
0000c6f8   ti_sysbios_heaps_HeapMem_Module__gateObj__C
0000c6fc   ti_sysbios_heaps_HeapMem_Object__count__C
0000c700   ti_sysbios_heaps_HeapMem_reqAlign__C
0000c704   ti_sysbios_knl_Clock_LM_begin__C
0000c708   ti_sysbios_knl_Clock_LM_tick__C
0000c70c   ti_sysbios_knl_Clock_LW_delayed__C
0000c710   ti_sysbios_knl_Clock_Module_State_clockQ__O
0000c714   ti_sysbios_knl_Clock_Module__diagsEnabled__C
0000c718   ti_sysbios_knl_Clock_Module__diagsIncluded__C
0000c71c   ti_sysbios_knl_Clock_Module__diagsMask__C
0000c720   ti_sysbios_knl_Clock_Module__loggerFxn1__C
0000c724   ti_sysbios_knl_Clock_Module__loggerFxn2__C
0000c728   ti_sysbios_knl_Clock_Module__loggerObj__C
0000c72c   ti_sysbios_knl_Idle_funcList__A
0000c730   ti_sysbios_knl_Mailbox_Instance_State_dataQue__O
0000c734   ti_sysbios_knl_Mailbox_Instance_State_dataSem__O
0000c738   ti_sysbios_knl_Mailbox_Instance_State_freeQue__O
0000c73c   ti_sysbios_knl_Mailbox_Instance_State_freeSem__O
0000c740   ti_sysbios_knl_Mailbox_Object__count__C
0000c744   ti_sysbios_knl_Mailbox_maxTypeAlign__C
0000c748   ti_sysbios_knl_Semaphore_A_badContext__C
0000c74c   ti_sysbios_knl_Semaphore_A_noEvents__C
0000c750   ti_sysbios_knl_Semaphore_A_overflow__C
0000c754   ti_sysbios_knl_Semaphore_A_pendTaskDisabled__C
0000c758   ti_sysbios_knl_Semaphore_Instance_State_pendQ__O
0000c75c   ti_sysbios_knl_Semaphore_LM_pend__C
0000c760   ti_sysbios_knl_Semaphore_LM_post__C
0000c764   ti_sysbios_knl_Semaphore_Module__diagsEnabled__C
0000c768   ti_sysbios_knl_Semaphore_Module__diagsIncluded__C
0000c76c   ti_sysbios_knl_Semaphore_Module__diagsMask__C
0000c770   ti_sysbios_knl_Semaphore_Module__loggerFxn2__C
0000c774   ti_sysbios_knl_Semaphore_Module__loggerFxn4__C
0000c778   ti_sysbios_knl_Semaphore_Module__loggerObj__C
0000c77c   ti_sysbios_knl_Swi_LD_end__C
0000c780   ti_sysbios_knl_Swi_LM_begin__C
0000c784   ti_sysbios_knl_Swi_LM_post__C
0000c788   ti_sysbios_knl_Swi_Module__diagsEnabled__C
0000c78c   ti_sysbios_knl_Swi_Module__diagsIncluded__C
0000c790   ti_sysbios_knl_Swi_Module__diagsMask__C
0000c794   ti_sysbios_knl_Swi_Module__loggerFxn1__C
0000c798   ti_sysbios_knl_Swi_Module__loggerFxn4__C
0000c79c   ti_sysbios_knl_Swi_Module__loggerObj__C
0000c7a0   ti_sysbios_knl_Swi_Object__count__C
0000c7a4   ti_sysbios_knl_Task_E_spOutOfBounds__C
0000c7a8   ti_sysbios_knl_Task_E_stackOverflow__C
0000c7ac   ti_sysbios_knl_Task_LD_block__C
0000c7b0   ti_sysbios_knl_Task_LD_exit__C
0000c7b4   ti_sysbios_knl_Task_LD_ready__C
0000c7b8   ti_sysbios_knl_Task_LM_switch__C
0000c7bc   ti_sysbios_knl_Task_Module_State_inactiveQ__O
0000c7c0   ti_sysbios_knl_Task_Module__diagsEnabled__C
0000c7c4   ti_sysbios_knl_Task_Module__diagsIncluded__C
0000c7c8   ti_sysbios_knl_Task_Module__diagsMask__C
0000c7cc   ti_sysbios_knl_Task_Module__loggerFxn2__C
0000c7d0   ti_sysbios_knl_Task_Module__loggerFxn4__C
0000c7d4   ti_sysbios_knl_Task_Module__loggerObj__C
0000c7d8   ti_sysbios_knl_Task_Object__count__C
0000c7dc   ti_sysbios_knl_Task_allBlockedFunc__C
0000c7e0   ti_sysbios_knl_Task_numConstructedTasks__C
0000c7e4   xdc_runtime_Assert_E_assertFailed__C
0000c7e8   xdc_runtime_Core_A_initializedParams__C
0000c7ec   xdc_runtime_Core_Module__diagsEnabled__C
0000c7f0   xdc_runtime_Core_Module__diagsIncluded__C
0000c7f4   xdc_runtime_Core_Module__diagsMask__C
0000c7f8   xdc_runtime_Error_E_memory__C
0000c7fc   xdc_runtime_Error_Module__diagsEnabled__C
0000c800   xdc_runtime_Error_Module__diagsIncluded__C
0000c804   xdc_runtime_Error_Module__diagsMask__C
0000c808   xdc_runtime_Error_Module__loggerFxn8__C
0000c80c   xdc_runtime_Error_Module__loggerObj__C
0000c810   xdc_runtime_Error_policyFxn__C
0000c814   xdc_runtime_Error_raiseHook__C
0000c818   xdc_runtime_IFilterLogger_Interface__BASE__C
0000c81c   xdc_runtime_IGateProvider_Interface__BASE__C
0000c820   xdc_runtime_IHeap_Interface__BASE__C
0000c824   xdc_runtime_ILogger_Interface__BASE__C
0000c828   xdc_runtime_IModule_Interface__BASE__C
0000c82c   xdc_runtime_Log_L_error__C
0000c830   xdc_runtime_LoggerBuf_E_badLevel__C
0000c834   xdc_runtime_LoggerBuf_Module__gateObj__C
0000c838   xdc_runtime_LoggerBuf_Object__count__C
0000c83c   xdc_runtime_LoggerBuf_statusLogger__C
0000c840   xdc_runtime_Memory_defaultHeapInstance__C
0000c844   xdc_runtime_Startup_execImpl__C
0000c848   xdc_runtime_Startup_lastFxns__A
0000c84c   xdc_runtime_Startup_maxPasses__C
0000c850   xdc_runtime_Startup_sfxnRts__C
0000c854   xdc_runtime_Startup_sfxnTab__C
0000c858   xdc_runtime_SysMin_bufSize__C
0000c85c   xdc_runtime_SysMin_outputFunc__C
0000c860   xdc_runtime_System_Module__gateObj__C
0000c864   xdc_runtime_System_abortFxn__C
0000c868   xdc_runtime_System_exitFxn__C
0000c86c   xdc_runtime_System_extendFxn__C
0000c870   xdc_runtime_System_maxAtexitHandlers__C
0000c874   xdc_runtime_Text_charTab__C
0000c878   xdc_runtime_Text_nameEmpty__C
0000c87c   xdc_runtime_Text_nameStatic__C
0000c880   xdc_runtime_Text_nameUnknown__C
0000c884   xdc_runtime_Text_nodeTab__C
0000c888   xdc_runtime_Text_visitRopeFxn__C
0000c88c   ti_sysbios_family_arm_lm3_TimestampProvider_useClockTimer__C
0000c88e   ti_sysbios_family_arm_m3_Hwi_Module__id__C
0000c890   ti_sysbios_family_arm_m3_Hwi_Module__loggerDefined__C
0000c892   ti_sysbios_family_arm_m3_Timer_Module__id__C
0000c894   ti_sysbios_gates_GateMutex_Module__id__C
0000c896   ti_sysbios_hal_Hwi_Module__id__C
0000c898   ti_sysbios_heaps_HeapMem_Module__id__C
0000c89a   ti_sysbios_knl_Clock_Module__id__C
0000c89c   ti_sysbios_knl_Clock_Module__loggerDefined__C
0000c89e   ti_sysbios_knl_Semaphore_Module__id__C
0000c8a0   ti_sysbios_knl_Semaphore_Module__loggerDefined__C
0000c8a2   ti_sysbios_knl_Swi_Module__id__C
0000c8a4   ti_sysbios_knl_Swi_Module__loggerDefined__C
0000c8a6   ti_sysbios_knl_Task_Module__id__C
0000c8a8   ti_sysbios_knl_Task_Module__loggerDefined__C
0000c8aa   ti_sysbios_knl_Task_initStackFlag__C
0000c8ac   xdc_runtime_Core_Module__id__C
0000c8ae   xdc_runtime_Error_Module__loggerDefined__C
0000c8b0   xdc_runtime_Error_maxDepth__C
0000c8b2   xdc_runtime_LoggerBuf_Module__id__C
0000c8b4   xdc_runtime_LoggerBuf_filterByLevel__C
0000c8b6   xdc_runtime_Memory_Module__id__C
0000c8b8   xdc_runtime_SysMin_flushAtExit__C
0000c8ba   xdc_runtime_Text_charCnt__C
0000c8bc   xdc_runtime_Text_isLoaded__C
0000c8be   xdc_runtime_Text_registryModsLastId__C
0000c8c0   xdc_runtime_Text_unnamedModsLastId__C
0000cdec   __TI_Handler_Table_Base
0000cdf8   __TI_Handler_Table_Limit
0000ce08   __TI_CINIT_Base
0000ce20   __TI_CINIT_Limit
20000000   ti_sysbios_family_arm_m3_Hwi_ramVectors
20000140   ti_sysbios_knl_Task_Instance_State_0_stack__A
20000940   ti_sysbios_knl_Task_Instance_State_1_stack__A
20001140   ti_sysbios_knl_Task_Instance_State_2_stack__A
20001940   ti_sysbios_knl_Task_Instance_State_3_stack__A
20002140   ti_sysbios_knl_Task_Instance_State_4_stack__A
20008a48   g_pucFrame
2000a248   g_pusADCBuffer
2000b248   ti_sysbios_heaps_HeapMem_Instance_State_0_buf__A
2000c248   xdc_runtime_LoggerBuf_Instance_State_0_entryArr__A
2000c448   xdc_runtime_SysMin_Module_State_0_outbuf__A
2000c648   ti_sysbios_family_arm_m3_Hwi_dispatchTable
2000c788   __CIOBUF_
2000c8a8   ADCBuffer
2000c9a8   ti_sysbios_knl_Mailbox_Instance_State_0_allocBuf__A
2000ca9c   g_ulfrequency
2000caa0   g_ulButtons
2000caa8   ti_sysbios_family_arm_lm3_Timer_Module__root__V
2000cab0   ti_sysbios_family_arm_lm3_Timer_Module_State_0_device__A
2000cad0   ti_sysbios_family_arm_lm3_Timer_Module_State_0_handles__A
2000cae0   ti_sysbios_family_arm_lm3_Timer_Module__state__V
2000caec   ti_sysbios_family_arm_lm3_TimestampProvider_Module__state__V
2000caf4   ti_sysbios_family_arm_m3_Hwi_Module__root__V
2000cafc   ti_sysbios_family_arm_m3_Hwi_Module_State_0_excActive__A
2000cb00   ti_sysbios_family_arm_m3_Hwi_Module_State_0_excContext__A
2000cb04   ti_sysbios_family_arm_m3_Hwi_Module_State_0_excStack__A
2000cb08   ti_sysbios_family_arm_m3_Timer_Module__root__V
2000cb10   ti_sysbios_family_arm_m3_Timer_Module__state__V
2000cb1c   ti_sysbios_gates_GateHwi_Module__root__V
2000cb24   ti_sysbios_gates_GateHwi_Object__table__V
2000cb28   ti_sysbios_gates_GateMutex_Module__root__V
2000cb30   ti_sysbios_hal_Hwi_Module__root__V
2000cb38   ti_sysbios_heaps_HeapMem_Module__root__V
2000cb40   ti_sysbios_heaps_HeapMem_Object__table__V
2000cb58   ti_sysbios_knl_Clock_Module__root__V
2000cb60   ti_sysbios_knl_Clock_Object__table__V
2000cb80   ti_sysbios_knl_Event_Module__root__V
2000cb88   ti_sysbios_knl_Mailbox_Module__root__V
2000cb90   ti_sysbios_knl_Queue_Module__root__V
2000cb98   ti_sysbios_knl_Semaphore_Module__root__V
2000cba0   ti_sysbios_knl_Swi_Module__root__V
2000cba8   ti_sysbios_knl_Swi_Module__state__V
2000cbc4   ti_sysbios_knl_Task_Module__root__V
2000cbcc   ti_sysbios_knl_Task_Module_State_0_idleTask__A
2000cbd0   xdc_runtime_Error_Module__state__V
2000cbd4   xdc_runtime_LoggerBuf_Module__root__V
2000cbdc   xdc_runtime_LoggerBuf_Module__state__V
2000cbe4   xdc_runtime_Memory_Module__state__V
2000cbe8   xdc_runtime_Registry_Module__state__V
2000cbf0   xdc_runtime_Startup_Module__state__V
2000cbf8   xdc_runtime_SysMin_Module__state__V
2000cc04   xdc_runtime_System_Module_State_0_atexitHandlers__A
2000cc14   xdc_runtime_System_Module__state__V
2000cc1c   xdc_runtime_Text_Module__state__V
2000cc24   __xdc__init__addr
2000cc28   ti_sysbios_knl_Task_Object__table__V
2000cd58   TSK_idle
2000ce54   _Errno
2000ce58   _Denorm
2000ce68   _Eps
2000ce78   _Hugeval
2000ce88   _Inf
2000ce98   _Nan
2000cea8   _Snan
2000ceb8   _Rteps
2000cec8   _Xbig
2000ced0   _Zero
2000ced8   ti_sysbios_knl_Swi_Module_State_0_readyQ__A
2000cf58   ti_sysbios_knl_Task_Module_State_0_readyQ__A
2000cfd8   _FDenorm
2000cfe8   _FEps
2000cff8   _FInf
2000d008   _FNan
2000d018   _FSnan
2000d028   _FRteps
2000d038   _FXbig
2000d03c   _FZero
2000d040   ti_sysbios_family_arm_m3_Hwi_Object__table__V
2000d0a0   ti_sysbios_knl_Mailbox_Object__table__V
2000d0f0   ti_sysbios_knl_Task_Module__state__V
2000d134   ti_sysbios_knl_Semaphore_Object__table__V
2000d170   ti_sysbios_gates_GateMutex_Object__table__V
2000d1a8   ti_sysbios_family_arm_m3_Hwi_Module__state__V
2000d1dc   ti_sysbios_family_arm_lm3_Timer_Object__table__V
2000d20c   ti_sysbios_family_arm_m3_Timer_Object__table__V
2000d23c   ti_sysbios_knl_Swi_Object__table__V
2000d26c   ti_sysbios_knl_Clock_Module__state__V
2000d298   ti_sysbios_BIOS_Module__state__V
2000d2bc   xdc_runtime_LoggerBuf_Object__table__V
2000d2e0   g_ulTime
2000d2e4   g_iADCBufferIndex
2000d2e8   g_ulADCErrors
2000d2ec   slope
2000d2f0   editingValue
2000d2f4   editValue
2000d2f8   voltageScaleSelect
2000d2fc   displayFFT
2000d300   _lock
2000d304   _unlock
2000d308   __TI_cleanup_ptr
2000d30c   __TI_dtors_ptr
2000d310   _Fenv
2000d314   _Tls_setup__Fenv
2000d318   main_func_sp
2000d320   __stack
2000d520   __STACK_TOP
2000d720   __STACK_END
e000e000   ti_sysbios_family_arm_m3_Hwi_nvic
ffffffff   __binit__
ffffffff   __c_args__
ffffffff   binit
UNDEFED    SHT$$INIT_ARRAY$$Base
UNDEFED    SHT$$INIT_ARRAY$$Limit

[768 symbols]
