******************************************************************************
                  TI ARM Linker PC v5.1.8                      
******************************************************************************
>> Linked Tue Dec 02 20:34:02 2014

OUTPUT FILE NAME:   <ece3849b14_lab1_hfloreshuerta_ardymek.out>
ENTRY POINT SYMBOL: "_c_int00"  address: 00002a39


MEMORY CONFIGURATION

         name            origin    length      used     unused   attr    fill
----------------------  --------  ---------  --------  --------  ----  --------
  FLASH                 00000000   00040000  00003356  0003ccaa  R  X
  SRAM                  20000000   00010000  00003060  0000cfa0  RW X


SEGMENT ALLOCATION MAP

run origin  load origin   length   init length attrs members
----------  ----------- ---------- ----------- ----- -------
00000000    00000000    00003358   00003358    r-x
  00000000    00000000    000000f0   000000f0    r-- .intvecs
  000000f0    000000f0    00002bd6   00002bd6    r-x .text
  00002cc8    00002cc8    00000650   00000650    r-- .const
  00003318    00003318    00000040   00000040    r-- .cinit
20000000    20000000    00003060   00000000    rw-
  20000000    20000000    00002834   00000000    rw- .bss
  20002834    20002834    00000800   00000000    rw- .stack
  20003034    20003034    0000002c   00000000    rw- .data


SECTION ALLOCATION MAP

 output                                  attributes/
section   page    origin      length       input sections
--------  ----  ----------  ----------   ----------------
.intvecs   0    00000000    000000f0     
                  00000000    000000f0     lm3s8962_startup_ccs.obj (.intvecs)

.init_array 
*          0    00000000    00000000     UNINITIALIZED

.text      0    000000f0    00002bd6     
                  000000f0    00000a48     ustdlib.obj (.text)
                  00000b38    000008f4     main.obj (.text)
                  0000142c    00000684     frame_graphics.obj (.text)
                  00001ab0    00000510     rit128x96x4.obj (.text)
                  00001fc0    00000198     driverlib-cm3.lib : sysctl.obj (.text:SysCtlClockGet)
                  00002158    00000144                       : sysctl.obj (.text:SysCtlClockSet)
                  0000229c    000000fa     rtsv7M3_T_le_eabi.lib : fs_add_t2.obj (.text)
                  00002396    000000c8     driverlib-cm3.lib : gpio.obj (.text:GPIOPadConfigSet)
                  0000245e    0000009c     rtsv7M3_T_le_eabi.lib : memcpy_t2.obj (.text)
                  000024fa    00000002     --HOLE-- [fill = 0]
                  000024fc    00000094     buttons.obj (.text)
                  00002590    00000094     rtsv7M3_T_le_eabi.lib : auto_init.obj (.text)
                  00002624    00000092                           : fs_div_t2.obj (.text)
                  000026b6    0000007a                           : fs_mul_t2.obj (.text)
                  00002730    0000006c     driverlib-cm3.lib : adc.obj (.text:ADCSequenceStepConfigure)
                  0000279c    00000064                       : interrupt.obj (.text:IntEnable)
                  00002800    0000005e     rtsv7M3_T_le_eabi.lib : copy_decompress_rle.obj (.text)
                  0000285e    00000002     --HOLE-- [fill = 0]
                  00002860    00000058     driverlib-cm3.lib : sysctl.obj (.text:SysCtlPeripheralEnable)
                  000028b8    00000044                       : ssi.obj (.text:SSIConfigSetExpClk)
                  000028fc    00000044     rtsv7M3_T_le_eabi.lib : cpy_tbl.obj (.text)
                  00002940    00000044                           : exit.obj (.text)
                  00002984    00000042                           : u_divt2.obj (.text)
                  000029c6    00000038                           : fs_toi_t2.obj (.text)
                  000029fe    00000038                           : i_tofs_t2.obj (.text)
                  00002a36    00000002     --HOLE-- [fill = 0]
                  00002a38    00000034                           : boot.obj (.text)
                  00002a6c    0000002e     driverlib-cm3.lib : gpio.obj (.text:GPIODirModeSet)
                  00002a9a    0000002a                       : adc.obj (.text:ADCSequenceConfigure)
                  00002ac4    00000024                       : interrupt.obj (.text:IntPrioritySet)
                  00002ae8    00000024                       : timer.obj (.text:TimerConfigure)
                  00002b0c    00000020                       : sysctl.obj (.text:SysCtlADCSpeedSet)
                  00002b2c    00000018     rtsv7M3_T_le_eabi.lib : args_main.obj (.text)
                  00002b44    00000014     driverlib-cm3.lib : timer.obj (.text:TimerDisable)
                  00002b58    00000014     rtsv7M3_T_le_eabi.lib : _lock.obj (.text)
                  00002b6c    00000012     driverlib-cm3.lib : gpio.obj (.text:GPIOPinTypeGPIOInput)
                  00002b7e    00000012                       : gpio.obj (.text:GPIOPinTypeGPIOOutput)
                  00002b90    00000012                       : gpio.obj (.text:GPIOPinTypeSSI)
                  00002ba2    00000012                       : ssi.obj (.text:SSIDataGetNonBlocking)
                  00002bb4    00000012                       : timer.obj (.text:TimerLoadSet)
                  00002bc6    00000012                       : timer.obj (.text:TimerPrescaleSet)
                  00002bd8    00000012     rtsv7M3_T_le_eabi.lib : copy_zero_init.obj (.text:decompress:ZI)
                  00002bea    00000010     driverlib-cm3.lib : adc.obj (.text:ADCIntEnable)
                  00002bfa    0000000e                       : adc.obj (.text:ADCSequenceDisable)
                  00002c08    0000000e                       : adc.obj (.text:ADCSequenceEnable)
                  00002c16    0000000e                       : timer.obj (.text:TimerEnable)
                  00002c24    0000000e     rtsv7M3_T_le_eabi.lib : copy_decompress_none.obj (.text:decompress:none)
                  00002c32    0000000c     driverlib-cm3.lib : cpu.obj (.text:CPUcpsid)
                  00002c3e    0000000c                       : cpu.obj (.text:CPUcpsie)
                  00002c4a    00000002     --HOLE-- [fill = 0]
                  00002c4c    0000000c                       : sysctl.obj (.text:SysCtlLDOSet)
                  00002c58    0000000c     lm3s8962_startup_ccs.obj (.text)
                  00002c64    0000000a     driverlib-cm3.lib : interrupt.obj (.text:IntMasterDisable)
                  00002c6e    0000000a                       : interrupt.obj (.text:IntMasterEnable)
                  00002c78    0000000a                       : ssi.obj (.text:SSIDataPut)
                  00002c82    0000000a                       : ssi.obj (.text:SSIDisable)
                  00002c8c    0000000a                       : ssi.obj (.text:SSIEnable)
                  00002c96    0000000a                       : timer.obj (.text:TimerIntStatus)
                  00002ca0    00000008                       : ssi.obj (.text:SSIBusy)
                  00002ca8    00000008                       : timer.obj (.text:TimerIntEnable)
                  00002cb0    00000006                       : gpio.obj (.text:GPIOPinWrite)
                  00002cb6    00000006                       : sysctl.obj (.text:SysCtlDelay)
                  00002cbc    00000006     rtsv7M3_T_le_eabi.lib : copy_decompress_rle.obj (.text:decompress:rle24)
                  00002cc2    00000004     driverlib-cm3.lib : timer.obj (.text:TimerIntClear)

.const     0    00002cc8    00000650     
                  00002cc8    000001e0     rit128x96x4.obj (.const:g_pucFont)
                  00002ea8    000001db     frame_graphics.obj (.const:g_pucFont)
                  00003083    00000001     --HOLE-- [fill = 0]
                  00003084    0000009c     driverlib-cm3.lib : interrupt.obj (.const:g_pulRegs)
                  00003120    00000070                       : interrupt.obj (.const)
                  00003190    0000006c                       : sysctl.obj (.const:g_pulXtals)
                  000031fc    0000004f     rit128x96x4.obj (.const:.string:g_pucRIT128x96x4Init)
                  0000324b    00000001     --HOLE-- [fill = 0]
                  0000324c    00000040     driverlib-cm3.lib : sysctl.obj (.const)
                  0000328c    00000040     frame_graphics.obj (.const)
                  000032cc    0000001c     ustdlib.obj (.const)
                  000032e8    00000012     ustdlib.obj (.const:.string)
                  000032fa    00000002     --HOLE-- [fill = 0]
                  000032fc    00000010     main.obj (.const)
                  0000330c    0000000c     rit128x96x4.obj (.const:.string)

.cinit     0    00003318    00000040     
                  00003318    0000001b     (.cinit..data.load) [load image, compression = rle]
                  00003333    00000001     --HOLE-- [fill = 0]
                  00003334    0000000c     (__TI_handler_table)
                  00003340    00000008     (.cinit..bss.load) [load image, compression = zero_init]
                  00003348    00000010     (__TI_cinit_table)

.bss       0    20000000    00002834     UNINITIALIZED
                  20000000    00001800     frame_graphics.obj (.bss:g_pucFrame)
                  20001800    00001000     main.obj (.bss:g_pusADCBuffer)
                  20002800    00000014     (.common:piState$1)
                  20002814    0000000c     (.common:buttonFIFO)
                  20002820    00000008     (.common:g_pucBuffer)
                  20002828    00000004     (.common:g_ulButtons)
                  2000282c    00000004     (.common:g_ulSSIFlags)
                  20002830    00000004     (.common:g_ulSystemClock)

.stack     0    20002834    00000800     UNINITIALIZED
                  20002834    00000800     --HOLE--

.data      0    20003034    0000002c     UNINITIALIZED
                  20003034    00000014     main.obj (.data)
                  20003048    00000008     rtsv7M3_T_le_eabi.lib : _lock.obj (.data)
                  20003050    00000008                           : exit.obj (.data)
                  20003058    00000004                           : stkdepth_vars.obj (.data)
                  2000305c    00000004     ustdlib.obj (.data)


LINKER GENERATED COPY TABLES

__TI_cinit_table @ 00003348 records: 2, size/record: 8, table size: 16
	.data: load addr=00003318, load size=0000001b bytes, run addr=20003034, run size=0000002c bytes, compression=rle
	.bss: load addr=00003340, load size=00000008 bytes, run addr=20000000, run size=00002834 bytes, compression=zero_init


LINKER GENERATED HANDLER TABLE

__TI_handler_table @ 00003334 records: 3, size/record: 4, table size: 12
	index: 0, handler: __TI_decompress_rle24
	index: 1, handler: __TI_decompress_none
	index: 2, handler: __TI_zero_init


GLOBAL SYMBOLS: SORTED ALPHABETICALLY BY Name 

address    name
--------   ----
00000fe7   ADCInit
00002beb   ADCIntEnable
00002a9b   ADCSequenceConfigure
00002bfb   ADCSequenceDisable
00002c09   ADCSequenceEnable
00002731   ADCSequenceStepConfigure
00001037   ADC_ISR
000024fd   ButtonDebounce
00002941   C$$EXIT
00002c33   CPUcpsid
00002c3f   CPUcpsie
00001629   DrawChar
000017eb   DrawCircle
00001889   DrawFilledRectangle
0000150f   DrawLine
0000149f   DrawPoint
00001701   DrawString
0000142d   FillFrame
00002a6d   GPIODirModeSet
00002397   GPIOPadConfigSet
00002b6d   GPIOPinTypeGPIOInput
00002b7f   GPIOPinTypeGPIOOutput
00002b91   GPIOPinTypeSSI
00002cb1   GPIOPinWrite
0000279d   IntEnable
00002c65   IntMasterDisable
00002c6f   IntMasterEnable
00002ac5   IntPrioritySet
00001bbd   RIT128x96x4Clear
00001e37   RIT128x96x4Disable
00001f91   RIT128x96x4DisplayOff
00001f5d   RIT128x96x4DisplayOn
00001ddd   RIT128x96x4Enable
00001d55   RIT128x96x4ImageDraw
00001eb1   RIT128x96x4Init
00001c19   RIT128x96x4StringDraw
00002c59   ResetISR
UNDEFED    SHT$$INIT_ARRAY$$Base
UNDEFED    SHT$$INIT_ARRAY$$Limit
00002ca1   SSIBusy
000028b9   SSIConfigSetExpClk
00002ba3   SSIDataGetNonBlocking
00002c79   SSIDataPut
00002c83   SSIDisable
00002c8d   SSIEnable
00002b0d   SysCtlADCSpeedSet
00001fc1   SysCtlClockGet
00002159   SysCtlClockSet
00002cb7   SysCtlDelay
00002c4d   SysCtlLDOSet
00002861   SysCtlPeripheralEnable
00002ae9   TimerConfigure
00002b45   TimerDisable
00002c17   TimerEnable
00001129   TimerISR
00002cc3   TimerIntClear
00002ca9   TimerIntEnable
00002c97   TimerIntStatus
00002bb5   TimerLoadSet
00002bc7   TimerPrescaleSet
20003034   __STACK_END
00000800   __STACK_SIZE
20002a34   __STACK_TOP
00003348   __TI_CINIT_Base
00003358   __TI_CINIT_Limit
00003334   __TI_Handler_Table_Base
00003340   __TI_Handler_Table_Limit
00000001   __TI_args_main
00002591   __TI_auto_init
20003050   __TI_cleanup_ptr
00002c25   __TI_decompress_none
00002cbd   __TI_decompress_rle24
20003054   __TI_dtors_ptr
00000000   __TI_static_base__
00002bd9   __TI_zero_init
000029c7   __aeabi_f2iz
000022a1   __aeabi_fadd
00002625   __aeabi_fdiv
000026b7   __aeabi_fmul
0000229d   __aeabi_fsub
000029ff   __aeabi_i2f
0000245f   __aeabi_memcpy
0000245f   __aeabi_memcpy4
0000245f   __aeabi_memcpy8
00002985   __aeabi_uidivmod
ffffffff   __binit__
ffffffff   __c_args__
20002834   __stack
00002b2d   _args_main
00002a39   _c_int00
20003048   _lock
00002b67   _nop
00002b5f   _register_lock
00002b59   _register_unlock
2000304c   _unlock
00002945   abort
ffffffff   binit
20002814   buttonFIFO
000028fd   copy_in
0000116d   cpu_load_count
0000123d   drawGrid
000013a9   drawSlope
0000294d   exit
20003038   g_iADCBufferIndex
00000000   g_pfnVectors
00002ea8   g_pucFont
20000000   g_pucFrame
20001800   g_pusADCBuffer
2000303c   g_ulADCErrors
20002828   g_ulButtons
20002830   g_ulSystemClock
20003034   g_ulTime
0000119b   getButtons
20003040   headFIFO
00000b39   main
20003058   main_func_sp
0000245f   memcpy
000011d5   putButtons
00001079   switchesInit
20003044   tailFIFO
000010b1   timersInit
000005d5   ulocaltime
000007d7   umktime
00000b15   urand
000005a5   usnprintf
00000573   usprintf
00000b05   usrand
00000a7d   ustrcasecmp
00000af1   ustrcmp
00000989   ustrlen
00000a91   ustrncmp
000000f1   ustrncpy
000009dd   ustrnicmp
000009ab   ustrstr
00000851   ustrtoul
00000149   uvsnprintf


GLOBAL SYMBOLS: SORTED BY Symbol Address 

address    name
--------   ----
00000000   __TI_static_base__
00000000   g_pfnVectors
00000001   __TI_args_main
000000f1   ustrncpy
00000149   uvsnprintf
00000573   usprintf
000005a5   usnprintf
000005d5   ulocaltime
000007d7   umktime
00000800   __STACK_SIZE
00000851   ustrtoul
00000989   ustrlen
000009ab   ustrstr
000009dd   ustrnicmp
00000a7d   ustrcasecmp
00000a91   ustrncmp
00000af1   ustrcmp
00000b05   usrand
00000b15   urand
00000b39   main
00000fe7   ADCInit
00001037   ADC_ISR
00001079   switchesInit
000010b1   timersInit
00001129   TimerISR
0000116d   cpu_load_count
0000119b   getButtons
000011d5   putButtons
0000123d   drawGrid
000013a9   drawSlope
0000142d   FillFrame
0000149f   DrawPoint
0000150f   DrawLine
00001629   DrawChar
00001701   DrawString
000017eb   DrawCircle
00001889   DrawFilledRectangle
00001bbd   RIT128x96x4Clear
00001c19   RIT128x96x4StringDraw
00001d55   RIT128x96x4ImageDraw
00001ddd   RIT128x96x4Enable
00001e37   RIT128x96x4Disable
00001eb1   RIT128x96x4Init
00001f5d   RIT128x96x4DisplayOn
00001f91   RIT128x96x4DisplayOff
00001fc1   SysCtlClockGet
00002159   SysCtlClockSet
0000229d   __aeabi_fsub
000022a1   __aeabi_fadd
00002397   GPIOPadConfigSet
0000245f   __aeabi_memcpy
0000245f   __aeabi_memcpy4
0000245f   __aeabi_memcpy8
0000245f   memcpy
000024fd   ButtonDebounce
00002591   __TI_auto_init
00002625   __aeabi_fdiv
000026b7   __aeabi_fmul
00002731   ADCSequenceStepConfigure
0000279d   IntEnable
00002861   SysCtlPeripheralEnable
000028b9   SSIConfigSetExpClk
000028fd   copy_in
00002941   C$$EXIT
00002945   abort
0000294d   exit
00002985   __aeabi_uidivmod
000029c7   __aeabi_f2iz
000029ff   __aeabi_i2f
00002a39   _c_int00
00002a6d   GPIODirModeSet
00002a9b   ADCSequenceConfigure
00002ac5   IntPrioritySet
00002ae9   TimerConfigure
00002b0d   SysCtlADCSpeedSet
00002b2d   _args_main
00002b45   TimerDisable
00002b59   _register_unlock
00002b5f   _register_lock
00002b67   _nop
00002b6d   GPIOPinTypeGPIOInput
00002b7f   GPIOPinTypeGPIOOutput
00002b91   GPIOPinTypeSSI
00002ba3   SSIDataGetNonBlocking
00002bb5   TimerLoadSet
00002bc7   TimerPrescaleSet
00002bd9   __TI_zero_init
00002beb   ADCIntEnable
00002bfb   ADCSequenceDisable
00002c09   ADCSequenceEnable
00002c17   TimerEnable
00002c25   __TI_decompress_none
00002c33   CPUcpsid
00002c3f   CPUcpsie
00002c4d   SysCtlLDOSet
00002c59   ResetISR
00002c65   IntMasterDisable
00002c6f   IntMasterEnable
00002c79   SSIDataPut
00002c83   SSIDisable
00002c8d   SSIEnable
00002c97   TimerIntStatus
00002ca1   SSIBusy
00002ca9   TimerIntEnable
00002cb1   GPIOPinWrite
00002cb7   SysCtlDelay
00002cbd   __TI_decompress_rle24
00002cc3   TimerIntClear
00002ea8   g_pucFont
00003334   __TI_Handler_Table_Base
00003340   __TI_Handler_Table_Limit
00003348   __TI_CINIT_Base
00003358   __TI_CINIT_Limit
20000000   g_pucFrame
20001800   g_pusADCBuffer
20002814   buttonFIFO
20002828   g_ulButtons
20002830   g_ulSystemClock
20002834   __stack
20002a34   __STACK_TOP
20003034   __STACK_END
20003034   g_ulTime
20003038   g_iADCBufferIndex
2000303c   g_ulADCErrors
20003040   headFIFO
20003044   tailFIFO
20003048   _lock
2000304c   _unlock
20003050   __TI_cleanup_ptr
20003054   __TI_dtors_ptr
20003058   main_func_sp
ffffffff   __binit__
ffffffff   __c_args__
ffffffff   binit
UNDEFED    SHT$$INIT_ARRAY$$Base
UNDEFED    SHT$$INIT_ARRAY$$Limit

[136 symbols]
