******************************************************************************
                  TI ARM Linker PC v5.1.8                      
******************************************************************************
>> Linked Tue Nov 04 13:58:09 2014

OUTPUT FILE NAME:   <ece3849b14_lab0_hfloreshuerta_ardymek.out>
ENTRY POINT SYMBOL: "_c_int00"  address: 00002091


MEMORY CONFIGURATION

         name            origin    length      used     unused   attr    fill
----------------------  --------  ---------  --------  --------  ----  --------
  FLASH                 00000000   00040000  00002904  0003d6fc  R  X
  SRAM                  20000000   00010000  0000204c  0000dfb4  RW X


SEGMENT ALLOCATION MAP

run origin  load origin   length   init length attrs members
----------  ----------- ---------- ----------- ----- -------
00000000    00000000    00002908   00002908    r-x
  00000000    00000000    000000f0   000000f0    r-- .intvecs
  000000f0    000000f0    00002196   00002196    r-x .text
  00002288    00002288    0000063e   0000063e    r-- .const
  000028c8    000028c8    00000040   00000040    r-- .cinit
20000000    20000000    0000204c   00000000    rw-
  20000000    20000000    00001828   00000000    rw- .bss
  20001828    20001828    00000800   00000000    rw- .stack
  20002028    20002028    00000024   00000000    rw- .data


SECTION ALLOCATION MAP

 output                                  attributes/
section   page    origin      length       input sections
--------  ----  ----------  ----------   ----------------
.intvecs   0    00000000    000000f0     
                  00000000    000000f0     lm3s8962_startup_ccs.obj (.intvecs)

.init_array 
*          0    00000000    00000000     UNINITIALIZED

.text      0    000000f0    00002196     
                  000000f0    00000a48     ustdlib.obj (.text)
                  00000b38    00000684     frame_graphics.obj (.text)
                  000011bc    00000510     rit128x96x4.obj (.text)
                  000016cc    00000230     main.obj (.text)
                  000018fc    00000198     driverlib-cm3.lib : sysctl.obj (.text:SysCtlClockGet)
                  00001a94    00000144                       : sysctl.obj (.text:SysCtlClockSet)
                  00001bd8    000000c8                       : gpio.obj (.text:GPIOPadConfigSet)
                  00001ca0    0000009c     rtsv7M3_T_le_eabi.lib : memcpy_t2.obj (.text)
                  00001d3c    00000094     buttons.obj (.text)
                  00001dd0    00000094     rtsv7M3_T_le_eabi.lib : auto_init.obj (.text)
                  00001e64    00000064     driverlib-cm3.lib : interrupt.obj (.text:IntEnable)
                  00001ec8    0000005e     rtsv7M3_T_le_eabi.lib : copy_decompress_rle.obj (.text)
                  00001f26    00000002     --HOLE-- [fill = 0]
                  00001f28    00000058     driverlib-cm3.lib : sysctl.obj (.text:SysCtlPeripheralEnable)
                  00001f80    00000044                       : ssi.obj (.text:SSIConfigSetExpClk)
                  00001fc4    00000044     rtsv7M3_T_le_eabi.lib : cpy_tbl.obj (.text)
                  00002008    00000044                           : exit.obj (.text)
                  0000204c    00000042                           : u_divt2.obj (.text)
                  0000208e    00000002     --HOLE-- [fill = 0]
                  00002090    00000034                           : boot.obj (.text)
                  000020c4    0000002e     driverlib-cm3.lib : gpio.obj (.text:GPIODirModeSet)
                  000020f2    00000002     --HOLE-- [fill = 0]
                  000020f4    00000024                       : interrupt.obj (.text:IntPrioritySet)
                  00002118    00000024                       : timer.obj (.text:TimerConfigure)
                  0000213c    00000018     rtsv7M3_T_le_eabi.lib : args_main.obj (.text)
                  00002154    00000014     driverlib-cm3.lib : timer.obj (.text:TimerDisable)
                  00002168    00000014     rtsv7M3_T_le_eabi.lib : _lock.obj (.text)
                  0000217c    00000012     driverlib-cm3.lib : gpio.obj (.text:GPIOPinTypeGPIOInput)
                  0000218e    00000012                       : gpio.obj (.text:GPIOPinTypeGPIOOutput)
                  000021a0    00000012                       : gpio.obj (.text:GPIOPinTypeSSI)
                  000021b2    00000012                       : ssi.obj (.text:SSIDataGetNonBlocking)
                  000021c4    00000012                       : timer.obj (.text:TimerLoadSet)
                  000021d6    00000012                       : timer.obj (.text:TimerPrescaleSet)
                  000021e8    00000012     rtsv7M3_T_le_eabi.lib : copy_zero_init.obj (.text:decompress:ZI)
                  000021fa    0000000e     driverlib-cm3.lib : timer.obj (.text:TimerEnable)
                  00002208    0000000e     rtsv7M3_T_le_eabi.lib : copy_decompress_none.obj (.text:decompress:none)
                  00002216    0000000c     driverlib-cm3.lib : cpu.obj (.text:CPUcpsie)
                  00002222    00000002     --HOLE-- [fill = 0]
                  00002224    0000000c                       : sysctl.obj (.text:SysCtlLDOSet)
                  00002230    0000000c     lm3s8962_startup_ccs.obj (.text)
                  0000223c    0000000a     driverlib-cm3.lib : interrupt.obj (.text:IntMasterEnable)
                  00002246    0000000a                       : ssi.obj (.text:SSIDataPut)
                  00002250    0000000a                       : ssi.obj (.text:SSIDisable)
                  0000225a    0000000a                       : ssi.obj (.text:SSIEnable)
                  00002264    00000008                       : ssi.obj (.text:SSIBusy)
                  0000226c    00000008                       : timer.obj (.text:TimerIntEnable)
                  00002274    00000006                       : gpio.obj (.text:GPIOPinWrite)
                  0000227a    00000006                       : sysctl.obj (.text:SysCtlDelay)
                  00002280    00000006     rtsv7M3_T_le_eabi.lib : copy_decompress_rle.obj (.text:decompress:rle24)

.const     0    00002288    0000063e     
                  00002288    000001e0     rit128x96x4.obj (.const:g_pucFont)
                  00002468    000001db     frame_graphics.obj (.const:g_pucFont)
                  00002643    00000001     --HOLE-- [fill = 0]
                  00002644    0000009c     driverlib-cm3.lib : interrupt.obj (.const:g_pulRegs)
                  000026e0    00000070                       : interrupt.obj (.const)
                  00002750    0000006c                       : sysctl.obj (.const:g_pulXtals)
                  000027bc    0000004f     rit128x96x4.obj (.const:.string:g_pucRIT128x96x4Init)
                  0000280b    00000001     --HOLE-- [fill = 0]
                  0000280c    00000040     driverlib-cm3.lib : sysctl.obj (.const)
                  0000284c    00000040     frame_graphics.obj (.const)
                  0000288c    0000001c     ustdlib.obj (.const)
                  000028a8    00000012     ustdlib.obj (.const:.string)
                  000028ba    0000000c     rit128x96x4.obj (.const:.string)

.cinit     0    000028c8    00000040     
                  000028c8    0000001c     (.cinit..data.load) [load image, compression = rle]
                  000028e4    0000000c     (__TI_handler_table)
                  000028f0    00000008     (.cinit..bss.load) [load image, compression = zero_init]
                  000028f8    00000010     (__TI_cinit_table)

.bss       0    20000000    00001828     UNINITIALIZED
                  20000000    00001800     frame_graphics.obj (.bss:g_pucFrame)
                  20001800    00000014     (.common:piState$1)
                  20001814    00000008     (.common:g_pucBuffer)
                  2000181c    00000004     (.common:g_ulButtons)
                  20001820    00000004     (.common:g_ulSSIFlags)
                  20001824    00000004     (.common:g_ulSystemClock)

.stack     0    20001828    00000800     UNINITIALIZED
                  20001828    00000800     --HOLE--

.data      0    20002028    00000024     UNINITIALIZED
                  20002028    0000000c     main.obj (.data)
                  20002034    00000008     rtsv7M3_T_le_eabi.lib : _lock.obj (.data)
                  2000203c    00000008                           : exit.obj (.data)
                  20002044    00000004                           : stkdepth_vars.obj (.data)
                  20002048    00000004     ustdlib.obj (.data)


LINKER GENERATED COPY TABLES

__TI_cinit_table @ 000028f8 records: 2, size/record: 8, table size: 16
	.data: load addr=000028c8, load size=0000001c bytes, run addr=20002028, run size=00000024 bytes, compression=rle
	.bss: load addr=000028f0, load size=00000008 bytes, run addr=20000000, run size=00001828 bytes, compression=zero_init


LINKER GENERATED HANDLER TABLE

__TI_handler_table @ 000028e4 records: 3, size/record: 4, table size: 12
	index: 0, handler: __TI_decompress_rle24
	index: 1, handler: __TI_decompress_none
	index: 2, handler: __TI_zero_init


GLOBAL SYMBOLS: SORTED ALPHABETICALLY BY Name 

address    name
--------   ----
00001d3d   ButtonDebounce
00002009   C$$EXIT
00002217   CPUcpsie
00000d35   DrawChar
00000ef7   DrawCircle
00000f95   DrawFilledRectangle
00000c1b   DrawLine
00000bab   DrawPoint
00000e0d   DrawString
00000b39   FillFrame
000020c5   GPIODirModeSet
00001bd9   GPIOPadConfigSet
0000217d   GPIOPinTypeGPIOInput
0000218f   GPIOPinTypeGPIOOutput
000021a1   GPIOPinTypeSSI
00002275   GPIOPinWrite
00001e65   IntEnable
0000223d   IntMasterEnable
000020f5   IntPrioritySet
000012c9   RIT128x96x4Clear
00001543   RIT128x96x4Disable
0000169d   RIT128x96x4DisplayOff
00001669   RIT128x96x4DisplayOn
000014e9   RIT128x96x4Enable
00001461   RIT128x96x4ImageDraw
000015bd   RIT128x96x4Init
00001325   RIT128x96x4StringDraw
00002231   ResetISR
UNDEFED    SHT$$INIT_ARRAY$$Base
UNDEFED    SHT$$INIT_ARRAY$$Limit
00002265   SSIBusy
00001f81   SSIConfigSetExpClk
000021b3   SSIDataGetNonBlocking
00002247   SSIDataPut
00002251   SSIDisable
0000225b   SSIEnable
000018fd   SysCtlClockGet
00001a95   SysCtlClockSet
0000227b   SysCtlDelay
00002225   SysCtlLDOSet
00001f29   SysCtlPeripheralEnable
00002119   TimerConfigure
00002155   TimerDisable
000021fb   TimerEnable
0000181d   TimerISR
0000226d   TimerIntEnable
000021c5   TimerLoadSet
000021d7   TimerPrescaleSet
20002028   __STACK_END
00000800   __STACK_SIZE
20001a28   __STACK_TOP
000028f8   __TI_CINIT_Base
00002908   __TI_CINIT_Limit
000028e4   __TI_Handler_Table_Base
000028f0   __TI_Handler_Table_Limit
00000001   __TI_args_main
00001dd1   __TI_auto_init
2000203c   __TI_cleanup_ptr
00002209   __TI_decompress_none
00002281   __TI_decompress_rle24
20002040   __TI_dtors_ptr
00000000   __TI_static_base__
000021e9   __TI_zero_init
00001ca1   __aeabi_memcpy
00001ca1   __aeabi_memcpy4
00001ca1   __aeabi_memcpy8
0000204d   __aeabi_uidivmod
ffffffff   __binit__
ffffffff   __c_args__
20001828   __stack
0000213d   _args_main
00002091   _c_int00
20002034   _lock
00002177   _nop
0000216f   _register_lock
00002169   _register_unlock
20002038   _unlock
0000200d   abort
ffffffff   binit
00001fc5   copy_in
00002015   exit
00000000   g_pfnVectors
00002468   g_pucFont
20000000   g_pucFrame
2000181c   g_ulButtons
20001824   g_ulSystemClock
20002028   g_ulTime
000016cd   main
20002044   main_func_sp
00001ca1   memcpy
0000176d   switchesInit
000017a5   timersInit
000005d5   ulocaltime
000007d7   umktime
00000b15   urand
000005a5   usnprintf
00000573   usprintf
00000b05   usrand
00000a7d   ustrcasecmp
00000af1   ustrcmp
00000989   ustrlen
00000a91   ustrncmp
000000f1   ustrncpy
000009dd   ustrnicmp
000009ab   ustrstr
00000851   ustrtoul
00000149   uvsnprintf


GLOBAL SYMBOLS: SORTED BY Symbol Address 

address    name
--------   ----
00000000   __TI_static_base__
00000000   g_pfnVectors
00000001   __TI_args_main
000000f1   ustrncpy
00000149   uvsnprintf
00000573   usprintf
000005a5   usnprintf
000005d5   ulocaltime
000007d7   umktime
00000800   __STACK_SIZE
00000851   ustrtoul
00000989   ustrlen
000009ab   ustrstr
000009dd   ustrnicmp
00000a7d   ustrcasecmp
00000a91   ustrncmp
00000af1   ustrcmp
00000b05   usrand
00000b15   urand
00000b39   FillFrame
00000bab   DrawPoint
00000c1b   DrawLine
00000d35   DrawChar
00000e0d   DrawString
00000ef7   DrawCircle
00000f95   DrawFilledRectangle
000012c9   RIT128x96x4Clear
00001325   RIT128x96x4StringDraw
00001461   RIT128x96x4ImageDraw
000014e9   RIT128x96x4Enable
00001543   RIT128x96x4Disable
000015bd   RIT128x96x4Init
00001669   RIT128x96x4DisplayOn
0000169d   RIT128x96x4DisplayOff
000016cd   main
0000176d   switchesInit
000017a5   timersInit
0000181d   TimerISR
000018fd   SysCtlClockGet
00001a95   SysCtlClockSet
00001bd9   GPIOPadConfigSet
00001ca1   __aeabi_memcpy
00001ca1   __aeabi_memcpy4
00001ca1   __aeabi_memcpy8
00001ca1   memcpy
00001d3d   ButtonDebounce
00001dd1   __TI_auto_init
00001e65   IntEnable
00001f29   SysCtlPeripheralEnable
00001f81   SSIConfigSetExpClk
00001fc5   copy_in
00002009   C$$EXIT
0000200d   abort
00002015   exit
0000204d   __aeabi_uidivmod
00002091   _c_int00
000020c5   GPIODirModeSet
000020f5   IntPrioritySet
00002119   TimerConfigure
0000213d   _args_main
00002155   TimerDisable
00002169   _register_unlock
0000216f   _register_lock
00002177   _nop
0000217d   GPIOPinTypeGPIOInput
0000218f   GPIOPinTypeGPIOOutput
000021a1   GPIOPinTypeSSI
000021b3   SSIDataGetNonBlocking
000021c5   TimerLoadSet
000021d7   TimerPrescaleSet
000021e9   __TI_zero_init
000021fb   TimerEnable
00002209   __TI_decompress_none
00002217   CPUcpsie
00002225   SysCtlLDOSet
00002231   ResetISR
0000223d   IntMasterEnable
00002247   SSIDataPut
00002251   SSIDisable
0000225b   SSIEnable
00002265   SSIBusy
0000226d   TimerIntEnable
00002275   GPIOPinWrite
0000227b   SysCtlDelay
00002281   __TI_decompress_rle24
00002468   g_pucFont
000028e4   __TI_Handler_Table_Base
000028f0   __TI_Handler_Table_Limit
000028f8   __TI_CINIT_Base
00002908   __TI_CINIT_Limit
20000000   g_pucFrame
2000181c   g_ulButtons
20001824   g_ulSystemClock
20001828   __stack
20001a28   __STACK_TOP
20002028   __STACK_END
20002028   g_ulTime
20002034   _lock
20002038   _unlock
2000203c   __TI_cleanup_ptr
20002040   __TI_dtors_ptr
20002044   main_func_sp
ffffffff   __binit__
ffffffff   __c_args__
ffffffff   binit
UNDEFED    SHT$$INIT_ARRAY$$Base
UNDEFED    SHT$$INIT_ARRAY$$Limit

[107 symbols]
