<?xml version="1.0"?>
<link_info>
   <banner>TI ARM Linker PC v5.1.8</banner>
   <copyright>Copyright (c) 1996-2014 Texas Instruments Incorporated</copyright>
   <link_time>0x547e92ba</link_time>
   <link_errors>0x0</link_errors>
   <output_file>ece3849b14_lab1_hfloreshuerta_ardymek.out</output_file>
   <entry_point>
      <name>_c_int00</name>
      <address>0x2a39</address>
   </entry_point>
   <input_file_list>
      <input_file id="fl-2">
         <path>.\</path>
         <kind>object</kind>
         <file>buttons.obj</file>
         <name>buttons.obj</name>
      </input_file>
      <input_file id="fl-3">
         <path>.\</path>
         <kind>object</kind>
         <file>frame_graphics.obj</file>
         <name>frame_graphics.obj</name>
      </input_file>
      <input_file id="fl-4">
         <path>.\</path>
         <kind>object</kind>
         <file>lm3s8962_startup_ccs.obj</file>
         <name>lm3s8962_startup_ccs.obj</name>
      </input_file>
      <input_file id="fl-5">
         <path>.\</path>
         <kind>object</kind>
         <file>main.obj</file>
         <name>main.obj</name>
      </input_file>
      <input_file id="fl-6">
         <path>.\</path>
         <kind>object</kind>
         <file>rit128x96x4.obj</file>
         <name>rit128x96x4.obj</name>
      </input_file>
      <input_file id="fl-7">
         <path>.\</path>
         <kind>object</kind>
         <file>ustdlib.obj</file>
         <name>ustdlib.obj</name>
      </input_file>
      <input_file id="fl-135">
         <path>c:\ti\ccsv6\tools\compiler\arm_5.1.8\lib\</path>
         <kind>archive</kind>
         <file>rtsv7M3_T_le_eabi.lib</file>
         <name>boot.obj</name>
      </input_file>
      <input_file id="fl-136">
         <path>c:\ti\ccsv6\tools\compiler\arm_5.1.8\lib\</path>
         <kind>archive</kind>
         <file>rtsv7M3_T_le_eabi.lib</file>
         <name>copy_decompress_none.obj</name>
      </input_file>
      <input_file id="fl-137">
         <path>c:\ti\ccsv6\tools\compiler\arm_5.1.8\lib\</path>
         <kind>archive</kind>
         <file>rtsv7M3_T_le_eabi.lib</file>
         <name>copy_decompress_rle.obj</name>
      </input_file>
      <input_file id="fl-138">
         <path>c:\ti\ccsv6\tools\compiler\arm_5.1.8\lib\</path>
         <kind>archive</kind>
         <file>rtsv7M3_T_le_eabi.lib</file>
         <name>copy_zero_init.obj</name>
      </input_file>
      <input_file id="fl-139">
         <path>c:\ti\ccsv6\tools\compiler\arm_5.1.8\lib\</path>
         <kind>archive</kind>
         <file>rtsv7M3_T_le_eabi.lib</file>
         <name>exit.obj</name>
      </input_file>
      <input_file id="fl-13a">
         <path>c:\ti\ccsv6\tools\compiler\arm_5.1.8\lib\</path>
         <kind>archive</kind>
         <file>rtsv7M3_T_le_eabi.lib</file>
         <name>fs_add_t2.obj</name>
      </input_file>
      <input_file id="fl-13b">
         <path>c:\ti\ccsv6\tools\compiler\arm_5.1.8\lib\</path>
         <kind>archive</kind>
         <file>rtsv7M3_T_le_eabi.lib</file>
         <name>fs_div_t2.obj</name>
      </input_file>
      <input_file id="fl-13c">
         <path>c:\ti\ccsv6\tools\compiler\arm_5.1.8\lib\</path>
         <kind>archive</kind>
         <file>rtsv7M3_T_le_eabi.lib</file>
         <name>fs_mul_t2.obj</name>
      </input_file>
      <input_file id="fl-13d">
         <path>c:\ti\ccsv6\tools\compiler\arm_5.1.8\lib\</path>
         <kind>archive</kind>
         <file>rtsv7M3_T_le_eabi.lib</file>
         <name>fs_toi_t2.obj</name>
      </input_file>
      <input_file id="fl-13e">
         <path>c:\ti\ccsv6\tools\compiler\arm_5.1.8\lib\</path>
         <kind>archive</kind>
         <file>rtsv7M3_T_le_eabi.lib</file>
         <name>i_tofs_t2.obj</name>
      </input_file>
      <input_file id="fl-13f">
         <path>c:\ti\ccsv6\tools\compiler\arm_5.1.8\lib\</path>
         <kind>archive</kind>
         <file>rtsv7M3_T_le_eabi.lib</file>
         <name>memcpy_t2.obj</name>
      </input_file>
      <input_file id="fl-140">
         <path>c:\ti\ccsv6\tools\compiler\arm_5.1.8\lib\</path>
         <kind>archive</kind>
         <file>rtsv7M3_T_le_eabi.lib</file>
         <name>stkdepth_vars.obj</name>
      </input_file>
      <input_file id="fl-141">
         <path>c:\ti\ccsv6\tools\compiler\arm_5.1.8\lib\</path>
         <kind>archive</kind>
         <file>rtsv7M3_T_le_eabi.lib</file>
         <name>u_divt2.obj</name>
      </input_file>
      <input_file id="fl-142">
         <path>c:\ti\ccsv6\tools\compiler\arm_5.1.8\lib\</path>
         <kind>archive</kind>
         <file>rtsv7M3_T_le_eabi.lib</file>
         <name>_lock.obj</name>
      </input_file>
      <input_file id="fl-143">
         <path>c:\ti\ccsv6\tools\compiler\arm_5.1.8\lib\</path>
         <kind>archive</kind>
         <file>rtsv7M3_T_le_eabi.lib</file>
         <name>args_main.obj</name>
      </input_file>
      <input_file id="fl-144">
         <path>c:\ti\ccsv6\tools\compiler\arm_5.1.8\lib\</path>
         <kind>archive</kind>
         <file>rtsv7M3_T_le_eabi.lib</file>
         <name>auto_init.obj</name>
      </input_file>
      <input_file id="fl-145">
         <path>c:\ti\ccsv6\tools\compiler\arm_5.1.8\lib\</path>
         <kind>archive</kind>
         <file>rtsv7M3_T_le_eabi.lib</file>
         <name>cpy_tbl.obj</name>
      </input_file>
      <input_file id="fl-146">
         <path>C:\StellarisWare\driverlib\ccs-cm3\Debug\</path>
         <kind>archive</kind>
         <file>driverlib-cm3.lib</file>
         <name>timer.obj</name>
      </input_file>
      <input_file id="fl-147">
         <path>C:\StellarisWare\driverlib\ccs-cm3\Debug\</path>
         <kind>archive</kind>
         <file>driverlib-cm3.lib</file>
         <name>sysctl.obj</name>
      </input_file>
      <input_file id="fl-148">
         <path>C:\StellarisWare\driverlib\ccs-cm3\Debug\</path>
         <kind>archive</kind>
         <file>driverlib-cm3.lib</file>
         <name>ssi.obj</name>
      </input_file>
      <input_file id="fl-149">
         <path>C:\StellarisWare\driverlib\ccs-cm3\Debug\</path>
         <kind>archive</kind>
         <file>driverlib-cm3.lib</file>
         <name>interrupt.obj</name>
      </input_file>
      <input_file id="fl-14a">
         <path>C:\StellarisWare\driverlib\ccs-cm3\Debug\</path>
         <kind>archive</kind>
         <file>driverlib-cm3.lib</file>
         <name>gpio.obj</name>
      </input_file>
      <input_file id="fl-14b">
         <path>C:\StellarisWare\driverlib\ccs-cm3\Debug\</path>
         <kind>archive</kind>
         <file>driverlib-cm3.lib</file>
         <name>cpu.obj</name>
      </input_file>
      <input_file id="fl-14c">
         <path>C:\StellarisWare\driverlib\ccs-cm3\Debug\</path>
         <kind>archive</kind>
         <file>driverlib-cm3.lib</file>
         <name>adc.obj</name>
      </input_file>
   </input_file_list>
   <object_component_list>
      <object_component id="oc-e">
         <name>.intvecs</name>
         <load_address>0x0</load_address>
         <run_address>0x0</run_address>
         <size>0xf0</size>
         <input_file_ref idref="fl-4"/>
      </object_component>
      <object_component id="oc-c3">
         <name>.text</name>
         <load_address>0xf0</load_address>
         <run_address>0xf0</run_address>
         <size>0xa48</size>
         <input_file_ref idref="fl-7"/>
      </object_component>
      <object_component id="oc-2f">
         <name>.text</name>
         <load_address>0xb38</load_address>
         <run_address>0xb38</run_address>
         <size>0x8f4</size>
         <input_file_ref idref="fl-5"/>
      </object_component>
      <object_component id="oc-b4">
         <name>.text</name>
         <load_address>0x142c</load_address>
         <run_address>0x142c</run_address>
         <size>0x684</size>
         <input_file_ref idref="fl-3"/>
      </object_component>
      <object_component id="oc-84">
         <name>.text</name>
         <load_address>0x1ab0</load_address>
         <run_address>0x1ab0</run_address>
         <size>0x510</size>
         <input_file_ref idref="fl-6"/>
      </object_component>
      <object_component id="oc-80">
         <name>.text:SysCtlClockGet</name>
         <load_address>0x1fc0</load_address>
         <run_address>0x1fc0</run_address>
         <size>0x198</size>
         <input_file_ref idref="fl-147"/>
      </object_component>
      <object_component id="oc-7c">
         <name>.text:SysCtlClockSet</name>
         <load_address>0x2158</load_address>
         <run_address>0x2158</run_address>
         <size>0x144</size>
         <input_file_ref idref="fl-147"/>
      </object_component>
      <object_component id="oc-a7">
         <name>.text</name>
         <load_address>0x229c</load_address>
         <run_address>0x229c</run_address>
         <size>0xfa</size>
         <input_file_ref idref="fl-13a"/>
      </object_component>
      <object_component id="oc-ed">
         <name>.text:GPIOPadConfigSet</name>
         <load_address>0x2396</load_address>
         <run_address>0x2396</run_address>
         <size>0xc8</size>
         <input_file_ref idref="fl-14a"/>
      </object_component>
      <object_component id="oc-4d">
         <name>.text</name>
         <load_address>0x245e</load_address>
         <run_address>0x245e</run_address>
         <size>0x9c</size>
         <input_file_ref idref="fl-13f"/>
      </object_component>
      <object_component id="oc-fd">
         <name>.text</name>
         <load_address>0x24fc</load_address>
         <run_address>0x24fc</run_address>
         <size>0x94</size>
         <input_file_ref idref="fl-2"/>
      </object_component>
      <object_component id="oc-38">
         <name>.text</name>
         <load_address>0x2590</load_address>
         <run_address>0x2590</run_address>
         <size>0x94</size>
         <input_file_ref idref="fl-144"/>
      </object_component>
      <object_component id="oc-73">
         <name>.text</name>
         <load_address>0x2624</load_address>
         <run_address>0x2624</run_address>
         <size>0x92</size>
         <input_file_ref idref="fl-13b"/>
      </object_component>
      <object_component id="oc-6e">
         <name>.text</name>
         <load_address>0x26b6</load_address>
         <run_address>0x26b6</run_address>
         <size>0x7a</size>
         <input_file_ref idref="fl-13c"/>
      </object_component>
      <object_component id="oc-d5">
         <name>.text:ADCSequenceStepConfigure</name>
         <load_address>0x2730</load_address>
         <run_address>0x2730</run_address>
         <size>0x6c</size>
         <input_file_ref idref="fl-14c"/>
      </object_component>
      <object_component id="oc-e5">
         <name>.text:IntEnable</name>
         <load_address>0x279c</load_address>
         <run_address>0x279c</run_address>
         <size>0x64</size>
         <input_file_ref idref="fl-149"/>
      </object_component>
      <object_component id="oc-60">
         <name>.text</name>
         <load_address>0x2800</load_address>
         <run_address>0x2800</run_address>
         <size>0x5e</size>
         <input_file_ref idref="fl-137"/>
      </object_component>
      <object_component id="oc-8e">
         <name>.text:SysCtlPeripheralEnable</name>
         <load_address>0x2860</load_address>
         <run_address>0x2860</run_address>
         <size>0x58</size>
         <input_file_ref idref="fl-147"/>
      </object_component>
      <object_component id="oc-166">
         <name>.text:SSIConfigSetExpClk</name>
         <load_address>0x28b8</load_address>
         <run_address>0x28b8</run_address>
         <size>0x44</size>
         <input_file_ref idref="fl-148"/>
      </object_component>
      <object_component id="oc-120">
         <name>.text</name>
         <load_address>0x28fc</load_address>
         <run_address>0x28fc</run_address>
         <size>0x44</size>
         <input_file_ref idref="fl-145"/>
      </object_component>
      <object_component id="oc-43">
         <name>.text</name>
         <load_address>0x2940</load_address>
         <run_address>0x2940</run_address>
         <size>0x44</size>
         <input_file_ref idref="fl-139"/>
      </object_component>
      <object_component id="oc-1b4">
         <name>.text</name>
         <load_address>0x2984</load_address>
         <run_address>0x2984</run_address>
         <size>0x42</size>
         <input_file_ref idref="fl-141"/>
      </object_component>
      <object_component id="oc-ac">
         <name>.text</name>
         <load_address>0x29c6</load_address>
         <run_address>0x29c6</run_address>
         <size>0x38</size>
         <input_file_ref idref="fl-13d"/>
      </object_component>
      <object_component id="oc-a2">
         <name>.text</name>
         <load_address>0x29fe</load_address>
         <run_address>0x29fe</run_address>
         <size>0x38</size>
         <input_file_ref idref="fl-13e"/>
      </object_component>
      <object_component id="oc-11">
         <name>.text</name>
         <load_address>0x2a38</load_address>
         <run_address>0x2a38</run_address>
         <size>0x34</size>
         <input_file_ref idref="fl-135"/>
      </object_component>
      <object_component id="oc-1d9">
         <name>.text:GPIODirModeSet</name>
         <load_address>0x2a6c</load_address>
         <run_address>0x2a6c</run_address>
         <size>0x2e</size>
         <input_file_ref idref="fl-14a"/>
      </object_component>
      <object_component id="oc-d1">
         <name>.text:ADCSequenceConfigure</name>
         <load_address>0x2a9a</load_address>
         <run_address>0x2a9a</run_address>
         <size>0x2a</size>
         <input_file_ref idref="fl-14c"/>
      </object_component>
      <object_component id="oc-e1">
         <name>.text:IntPrioritySet</name>
         <load_address>0x2ac4</load_address>
         <run_address>0x2ac4</run_address>
         <size>0x24</size>
         <input_file_ref idref="fl-149"/>
      </object_component>
      <object_component id="oc-96">
         <name>.text:TimerConfigure</name>
         <load_address>0x2ae8</load_address>
         <run_address>0x2ae8</run_address>
         <size>0x24</size>
         <input_file_ref idref="fl-146"/>
      </object_component>
      <object_component id="oc-c9">
         <name>.text:SysCtlADCSpeedSet</name>
         <load_address>0x2b0c</load_address>
         <run_address>0x2b0c</run_address>
         <size>0x20</size>
         <input_file_ref idref="fl-147"/>
      </object_component>
      <object_component id="oc-3d">
         <name>.text</name>
         <load_address>0x2b2c</load_address>
         <run_address>0x2b2c</run_address>
         <size>0x18</size>
         <input_file_ref idref="fl-143"/>
      </object_component>
      <object_component id="oc-92">
         <name>.text:TimerDisable</name>
         <load_address>0x2b44</load_address>
         <run_address>0x2b44</run_address>
         <size>0x14</size>
         <input_file_ref idref="fl-146"/>
      </object_component>
      <object_component id="oc-1f5">
         <name>.text</name>
         <load_address>0x2b58</load_address>
         <run_address>0x2b58</run_address>
         <size>0x14</size>
         <input_file_ref idref="fl-142"/>
      </object_component>
      <object_component id="oc-e9">
         <name>.text:GPIOPinTypeGPIOInput</name>
         <load_address>0x2b6c</load_address>
         <run_address>0x2b6c</run_address>
         <size>0x12</size>
         <input_file_ref idref="fl-14a"/>
      </object_component>
      <object_component id="oc-176">
         <name>.text:GPIOPinTypeGPIOOutput</name>
         <load_address>0x2b7e</load_address>
         <run_address>0x2b7e</run_address>
         <size>0x12</size>
         <input_file_ref idref="fl-14a"/>
      </object_component>
      <object_component id="oc-16a">
         <name>.text:GPIOPinTypeSSI</name>
         <load_address>0x2b90</load_address>
         <run_address>0x2b90</run_address>
         <size>0x12</size>
         <input_file_ref idref="fl-14a"/>
      </object_component>
      <object_component id="oc-172">
         <name>.text:SSIDataGetNonBlocking</name>
         <load_address>0x2ba2</load_address>
         <run_address>0x2ba2</run_address>
         <size>0x12</size>
         <input_file_ref idref="fl-148"/>
      </object_component>
      <object_component id="oc-9a">
         <name>.text:TimerLoadSet</name>
         <load_address>0x2bb4</load_address>
         <run_address>0x2bb4</run_address>
         <size>0x12</size>
         <input_file_ref idref="fl-146"/>
      </object_component>
      <object_component id="oc-f1">
         <name>.text:TimerPrescaleSet</name>
         <load_address>0x2bc6</load_address>
         <run_address>0x2bc6</run_address>
         <size>0x12</size>
         <input_file_ref idref="fl-146"/>
      </object_component>
      <object_component id="oc-1c">
         <name>.text:decompress:ZI</name>
         <load_address>0x2bd8</load_address>
         <run_address>0x2bd8</run_address>
         <size>0x12</size>
         <input_file_ref idref="fl-138"/>
      </object_component>
      <object_component id="oc-d9">
         <name>.text:ADCIntEnable</name>
         <load_address>0x2bea</load_address>
         <run_address>0x2bea</run_address>
         <size>0x10</size>
         <input_file_ref idref="fl-14c"/>
      </object_component>
      <object_component id="oc-cd">
         <name>.text:ADCSequenceDisable</name>
         <load_address>0x2bfa</load_address>
         <run_address>0x2bfa</run_address>
         <size>0xe</size>
         <input_file_ref idref="fl-14c"/>
      </object_component>
      <object_component id="oc-dd">
         <name>.text:ADCSequenceEnable</name>
         <load_address>0x2c08</load_address>
         <run_address>0x2c08</run_address>
         <size>0xe</size>
         <input_file_ref idref="fl-14c"/>
      </object_component>
      <object_component id="oc-f9">
         <name>.text:TimerEnable</name>
         <load_address>0x2c16</load_address>
         <run_address>0x2c16</run_address>
         <size>0xe</size>
         <input_file_ref idref="fl-146"/>
      </object_component>
      <object_component id="oc-16">
         <name>.text:decompress:none</name>
         <load_address>0x2c24</load_address>
         <run_address>0x2c24</run_address>
         <size>0xe</size>
         <input_file_ref idref="fl-136"/>
      </object_component>
      <object_component id="oc-189">
         <name>.text:CPUcpsid</name>
         <load_address>0x2c32</load_address>
         <run_address>0x2c32</run_address>
         <size>0xc</size>
         <input_file_ref idref="fl-14b"/>
      </object_component>
      <object_component id="oc-199">
         <name>.text:CPUcpsie</name>
         <load_address>0x2c3e</load_address>
         <run_address>0x2c3e</run_address>
         <size>0xc</size>
         <input_file_ref idref="fl-14b"/>
      </object_component>
      <object_component id="oc-78">
         <name>.text:SysCtlLDOSet</name>
         <load_address>0x2c4c</load_address>
         <run_address>0x2c4c</run_address>
         <size>0xc</size>
         <input_file_ref idref="fl-147"/>
      </object_component>
      <object_component id="oc-29">
         <name>.text</name>
         <load_address>0x2c58</load_address>
         <run_address>0x2c58</run_address>
         <size>0xc</size>
         <input_file_ref idref="fl-4"/>
      </object_component>
      <object_component id="oc-8a">
         <name>.text:IntMasterDisable</name>
         <load_address>0x2c64</load_address>
         <run_address>0x2c64</run_address>
         <size>0xa</size>
         <input_file_ref idref="fl-149"/>
      </object_component>
      <object_component id="oc-9e">
         <name>.text:IntMasterEnable</name>
         <load_address>0x2c6e</load_address>
         <run_address>0x2c6e</run_address>
         <size>0xa</size>
         <input_file_ref idref="fl-149"/>
      </object_component>
      <object_component id="oc-15b">
         <name>.text:SSIDataPut</name>
         <load_address>0x2c78</load_address>
         <run_address>0x2c78</run_address>
         <size>0xa</size>
         <input_file_ref idref="fl-148"/>
      </object_component>
      <object_component id="oc-162">
         <name>.text:SSIDisable</name>
         <load_address>0x2c82</load_address>
         <run_address>0x2c82</run_address>
         <size>0xa</size>
         <input_file_ref idref="fl-148"/>
      </object_component>
      <object_component id="oc-16e">
         <name>.text:SSIEnable</name>
         <load_address>0x2c8c</load_address>
         <run_address>0x2c8c</run_address>
         <size>0xa</size>
         <input_file_ref idref="fl-148"/>
      </object_component>
      <object_component id="oc-107">
         <name>.text:TimerIntStatus</name>
         <load_address>0x2c96</load_address>
         <run_address>0x2c96</run_address>
         <size>0xa</size>
         <input_file_ref idref="fl-146"/>
      </object_component>
      <object_component id="oc-153">
         <name>.text:SSIBusy</name>
         <load_address>0x2ca0</load_address>
         <run_address>0x2ca0</run_address>
         <size>0x8</size>
         <input_file_ref idref="fl-148"/>
      </object_component>
      <object_component id="oc-f5">
         <name>.text:TimerIntEnable</name>
         <load_address>0x2ca8</load_address>
         <run_address>0x2ca8</run_address>
         <size>0x8</size>
         <input_file_ref idref="fl-146"/>
      </object_component>
      <object_component id="oc-157">
         <name>.text:GPIOPinWrite</name>
         <load_address>0x2cb0</load_address>
         <run_address>0x2cb0</run_address>
         <size>0x6</size>
         <input_file_ref idref="fl-14a"/>
      </object_component>
      <object_component id="oc-14e">
         <name>.text:SysCtlDelay</name>
         <load_address>0x2cb6</load_address>
         <run_address>0x2cb6</run_address>
         <size>0x6</size>
         <input_file_ref idref="fl-147"/>
      </object_component>
      <object_component id="oc-22">
         <name>.text:decompress:rle24</name>
         <load_address>0x2cbc</load_address>
         <run_address>0x2cbc</run_address>
         <size>0x6</size>
         <input_file_ref idref="fl-137"/>
      </object_component>
      <object_component id="oc-103">
         <name>.text:TimerIntClear</name>
         <load_address>0x2cc2</load_address>
         <run_address>0x2cc2</run_address>
         <size>0x4</size>
         <input_file_ref idref="fl-146"/>
      </object_component>
      <object_component id="oc-181">
         <name>.const:g_pucFont</name>
         <load_address>0x2cc8</load_address>
         <run_address>0x2cc8</run_address>
         <size>0x1e0</size>
         <input_file_ref idref="fl-6"/>
      </object_component>
      <object_component id="oc-1a3">
         <name>.const:g_pucFont</name>
         <load_address>0x2ea8</load_address>
         <run_address>0x2ea8</run_address>
         <size>0x1db</size>
         <input_file_ref idref="fl-3"/>
      </object_component>
      <object_component id="oc-1d2">
         <name>.const:g_pulRegs</name>
         <load_address>0x3084</load_address>
         <run_address>0x3084</run_address>
         <size>0x9c</size>
         <input_file_ref idref="fl-149"/>
      </object_component>
      <object_component id="oc-1d6">
         <name>.const</name>
         <load_address>0x3120</load_address>
         <run_address>0x3120</run_address>
         <size>0x70</size>
         <input_file_ref idref="fl-149"/>
      </object_component>
      <object_component id="oc-150">
         <name>.const:g_pulXtals</name>
         <load_address>0x3190</load_address>
         <run_address>0x3190</run_address>
         <size>0x6c</size>
         <input_file_ref idref="fl-147"/>
      </object_component>
      <object_component id="oc-185">
         <name>.const:.string:g_pucRIT128x96x4Init</name>
         <load_address>0x31fc</load_address>
         <run_address>0x31fc</run_address>
         <size>0x4f</size>
         <input_file_ref idref="fl-6"/>
      </object_component>
      <object_component id="oc-192">
         <name>.const</name>
         <load_address>0x324c</load_address>
         <run_address>0x324c</run_address>
         <size>0x40</size>
         <input_file_ref idref="fl-147"/>
      </object_component>
      <object_component id="oc-1a6">
         <name>.const</name>
         <load_address>0x328c</load_address>
         <run_address>0x328c</run_address>
         <size>0x40</size>
         <input_file_ref idref="fl-3"/>
      </object_component>
      <object_component id="oc-1b9">
         <name>.const</name>
         <load_address>0x32cc</load_address>
         <run_address>0x32cc</run_address>
         <size>0x1c</size>
         <input_file_ref idref="fl-7"/>
      </object_component>
      <object_component id="oc-224">
         <name>.const:.string</name>
         <load_address>0x32e8</load_address>
         <run_address>0x32e8</run_address>
         <size>0x12</size>
         <input_file_ref idref="fl-7"/>
      </object_component>
      <object_component id="oc-b1">
         <name>.const</name>
         <load_address>0x32fc</load_address>
         <run_address>0x32fc</run_address>
         <size>0x10</size>
         <input_file_ref idref="fl-5"/>
      </object_component>
      <object_component id="oc-17c">
         <name>.const:.string</name>
         <load_address>0x330c</load_address>
         <run_address>0x330c</run_address>
         <size>0xc</size>
         <input_file_ref idref="fl-6"/>
      </object_component>
      <object_component id="oc-260">
         <name>.cinit..data.load</name>
         <load_address>0x3318</load_address>
         <run_address>0x3318</run_address>
         <size>0x1b</size>
      </object_component>
      <object_component id="oc-25e">
         <name>__TI_handler_table</name>
         <load_address>0x3334</load_address>
         <run_address>0x3334</run_address>
         <size>0xc</size>
      </object_component>
      <object_component id="oc-261">
         <name>.cinit..bss.load</name>
         <load_address>0x3340</load_address>
         <run_address>0x3340</run_address>
         <size>0x8</size>
      </object_component>
      <object_component id="oc-25f">
         <name>__TI_cinit_table</name>
         <load_address>0x3348</load_address>
         <run_address>0x3348</run_address>
         <size>0x10</size>
      </object_component>
      <object_component id="oc-49">
         <name>.data</name>
         <load_address>0x20003058</load_address>
         <run_address>0x20003058</run_address>
         <size>0x4</size>
         <input_file_ref idref="fl-140"/>
      </object_component>
      <object_component id="oc-bd">
         <name>.data</name>
         <load_address>0x20003034</load_address>
         <run_address>0x20003034</run_address>
         <size>0x14</size>
         <input_file_ref idref="fl-5"/>
      </object_component>
      <object_component id="oc-129">
         <name>.data</name>
         <load_address>0x20003048</load_address>
         <run_address>0x20003048</run_address>
         <size>0x8</size>
         <input_file_ref idref="fl-142"/>
      </object_component>
      <object_component id="oc-12c">
         <name>.data</name>
         <load_address>0x20003050</load_address>
         <run_address>0x20003050</run_address>
         <size>0x8</size>
         <input_file_ref idref="fl-139"/>
      </object_component>
      <object_component id="oc-1bc">
         <name>.data</name>
         <load_address>0x2000305c</load_address>
         <run_address>0x2000305c</run_address>
         <size>0x4</size>
         <input_file_ref idref="fl-7"/>
      </object_component>
      <object_component id="oc-c0">
         <name>.bss:g_pusADCBuffer</name>
         <uninitialized>true</uninitialized>
         <run_address>0x20001800</run_address>
         <size>0x1000</size>
         <input_file_ref idref="fl-5"/>
      </object_component>
      <object_component id="oc-10b">
         <name>.bss:g_pucFrame</name>
         <uninitialized>true</uninitialized>
         <run_address>0x20000000</run_address>
         <size>0x1800</size>
         <input_file_ref idref="fl-3"/>
      </object_component>
      <object_component id="oc-1e3">
         <name>.common:piState$1</name>
         <uninitialized>true</uninitialized>
         <run_address>0x20002800</run_address>
         <size>0x14</size>
      </object_component>
      <object_component id="oc-1e4">
         <name>.common:g_ulButtons</name>
         <uninitialized>true</uninitialized>
         <run_address>0x20002828</run_address>
         <size>0x4</size>
      </object_component>
      <object_component id="oc-10e">
         <name>.common:g_ulSystemClock</name>
         <uninitialized>true</uninitialized>
         <run_address>0x20002830</run_address>
         <size>0x4</size>
      </object_component>
      <object_component id="oc-112">
         <name>.common:buttonFIFO</name>
         <uninitialized>true</uninitialized>
         <run_address>0x20002814</run_address>
         <size>0xc</size>
      </object_component>
      <object_component id="oc-184">
         <name>.common:g_ulSSIFlags</name>
         <uninitialized>true</uninitialized>
         <run_address>0x2000282c</run_address>
         <size>0x4</size>
      </object_component>
      <object_component id="oc-180">
         <name>.common:g_pucBuffer</name>
         <uninitialized>true</uninitialized>
         <run_address>0x20002820</run_address>
         <size>0x8</size>
      </object_component>
      <object_component id="oc-28">
         <name>.stack</name>
         <uninitialized>true</uninitialized>
         <run_address>0x20002834</run_address>
         <size>0x0</size>
         <input_file_ref idref="fl-135"/>
      </object_component>
      <object_component id="oc-262">
         <name>.stack</name>
         <uninitialized>true</uninitialized>
         <run_address>0x20002834</run_address>
         <size>0x0</size>
      </object_component>
      <object_component id="oc-f">
         <name>.debug_info</name>
         <load_address>0x0</load_address>
         <run_address>0x0</run_address>
         <size>0xfc</size>
         <input_file_ref idref="fl-4"/>
      </object_component>
      <object_component id="oc-12">
         <name>.debug_info</name>
         <load_address>0xfc</load_address>
         <run_address>0xfc</run_address>
         <size>0xf3</size>
         <input_file_ref idref="fl-135"/>
      </object_component>
      <object_component id="oc-1a">
         <name>.debug_info</name>
         <load_address>0x1ef</load_address>
         <run_address>0x1ef</run_address>
         <size>0x194</size>
         <input_file_ref idref="fl-136"/>
      </object_component>
      <object_component id="oc-1d">
         <name>.debug_info</name>
         <load_address>0x383</load_address>
         <run_address>0x383</run_address>
         <size>0x16a</size>
         <input_file_ref idref="fl-138"/>
      </object_component>
      <object_component id="oc-23">
         <name>.debug_info</name>
         <load_address>0x4ed</load_address>
         <run_address>0x4ed</run_address>
         <size>0x18e</size>
         <input_file_ref idref="fl-137"/>
      </object_component>
      <object_component id="oc-2b">
         <name>.debug_info</name>
         <load_address>0x67b</load_address>
         <run_address>0x67b</run_address>
         <size>0x24f</size>
         <input_file_ref idref="fl-4"/>
      </object_component>
      <object_component id="oc-30">
         <name>.debug_info</name>
         <load_address>0x8ca</load_address>
         <run_address>0x8ca</run_address>
         <size>0x1101</size>
         <input_file_ref idref="fl-5"/>
      </object_component>
      <object_component id="oc-37">
         <name>.debug_info</name>
         <load_address>0x19cb</load_address>
         <run_address>0x19cb</run_address>
         <size>0x144</size>
         <input_file_ref idref="fl-4"/>
      </object_component>
      <object_component id="oc-3a">
         <name>.debug_info</name>
         <load_address>0x1b0f</load_address>
         <run_address>0x1b0f</run_address>
         <size>0x13d</size>
         <input_file_ref idref="fl-144"/>
      </object_component>
      <object_component id="oc-3e">
         <name>.debug_info</name>
         <load_address>0x1c4c</load_address>
         <run_address>0x1c4c</run_address>
         <size>0x11c</size>
         <input_file_ref idref="fl-143"/>
      </object_component>
      <object_component id="oc-44">
         <name>.debug_info</name>
         <load_address>0x1d68</load_address>
         <run_address>0x1d68</run_address>
         <size>0x1c2</size>
         <input_file_ref idref="fl-139"/>
      </object_component>
      <object_component id="oc-4a">
         <name>.debug_info</name>
         <load_address>0x1f2a</load_address>
         <run_address>0x1f2a</run_address>
         <size>0xbe</size>
         <input_file_ref idref="fl-140"/>
      </object_component>
      <object_component id="oc-4f">
         <name>.debug_info</name>
         <load_address>0x1fe8</load_address>
         <run_address>0x1fe8</run_address>
         <size>0xcc</size>
         <input_file_ref idref="fl-13f"/>
      </object_component>
      <object_component id="oc-53">
         <name>.debug_info</name>
         <load_address>0x20b4</load_address>
         <run_address>0x20b4</run_address>
         <size>0x46</size>
         <input_file_ref idref="fl-136"/>
      </object_component>
      <object_component id="oc-58">
         <name>.debug_info</name>
         <load_address>0x20fa</load_address>
         <run_address>0x20fa</run_address>
         <size>0xf2</size>
         <input_file_ref idref="fl-136"/>
      </object_component>
      <object_component id="oc-5a">
         <name>.debug_info</name>
         <load_address>0x21ec</load_address>
         <run_address>0x21ec</run_address>
         <size>0x46</size>
         <input_file_ref idref="fl-138"/>
      </object_component>
      <object_component id="oc-5f">
         <name>.debug_info</name>
         <load_address>0x2232</load_address>
         <run_address>0x2232</run_address>
         <size>0xad</size>
         <input_file_ref idref="fl-138"/>
      </object_component>
      <object_component id="oc-61">
         <name>.debug_info</name>
         <load_address>0x22df</load_address>
         <run_address>0x22df</run_address>
         <size>0x1ef</size>
         <input_file_ref idref="fl-137"/>
      </object_component>
      <object_component id="oc-67">
         <name>.debug_info</name>
         <load_address>0x24ce</load_address>
         <run_address>0x24ce</run_address>
         <size>0xb7</size>
         <input_file_ref idref="fl-137"/>
      </object_component>
      <object_component id="oc-68">
         <name>.debug_info</name>
         <load_address>0x2585</load_address>
         <run_address>0x2585</run_address>
         <size>0x39</size>
         <input_file_ref idref="fl-137"/>
      </object_component>
      <object_component id="oc-6f">
         <name>.debug_info</name>
         <load_address>0x25be</load_address>
         <run_address>0x25be</run_address>
         <size>0xed</size>
         <input_file_ref idref="fl-13c"/>
      </object_component>
      <object_component id="oc-76">
         <name>.debug_info</name>
         <load_address>0x26ab</load_address>
         <run_address>0x26ab</run_address>
         <size>0xed</size>
         <input_file_ref idref="fl-13b"/>
      </object_component>
      <object_component id="oc-79">
         <name>.debug_info</name>
         <load_address>0x2798</load_address>
         <run_address>0x2798</run_address>
         <size>0x1ca</size>
         <input_file_ref idref="fl-147"/>
      </object_component>
      <object_component id="oc-7e">
         <name>.debug_info</name>
         <load_address>0x2962</load_address>
         <run_address>0x2962</run_address>
         <size>0x2e4</size>
         <input_file_ref idref="fl-147"/>
      </object_component>
      <object_component id="oc-82">
         <name>.debug_info</name>
         <load_address>0x2c46</load_address>
         <run_address>0x2c46</run_address>
         <size>0x1ea</size>
         <input_file_ref idref="fl-147"/>
      </object_component>
      <object_component id="oc-85">
         <name>.debug_info</name>
         <load_address>0x2e30</load_address>
         <run_address>0x2e30</run_address>
         <size>0xf81</size>
         <input_file_ref idref="fl-6"/>
      </object_component>
      <object_component id="oc-8b">
         <name>.debug_info</name>
         <load_address>0x3db1</load_address>
         <run_address>0x3db1</run_address>
         <size>0x1b5</size>
         <input_file_ref idref="fl-149"/>
      </object_component>
      <object_component id="oc-8f">
         <name>.debug_info</name>
         <load_address>0x3f66</load_address>
         <run_address>0x3f66</run_address>
         <size>0x1ea</size>
         <input_file_ref idref="fl-147"/>
      </object_component>
      <object_component id="oc-93">
         <name>.debug_info</name>
         <load_address>0x4150</load_address>
         <run_address>0x4150</run_address>
         <size>0x1e6</size>
         <input_file_ref idref="fl-146"/>
      </object_component>
      <object_component id="oc-97">
         <name>.debug_info</name>
         <load_address>0x4336</load_address>
         <run_address>0x4336</run_address>
         <size>0x1f1</size>
         <input_file_ref idref="fl-146"/>
      </object_component>
      <object_component id="oc-9b">
         <name>.debug_info</name>
         <load_address>0x4527</load_address>
         <run_address>0x4527</run_address>
         <size>0x217</size>
         <input_file_ref idref="fl-146"/>
      </object_component>
      <object_component id="oc-9f">
         <name>.debug_info</name>
         <load_address>0x473e</load_address>
         <run_address>0x473e</run_address>
         <size>0x1b3</size>
         <input_file_ref idref="fl-149"/>
      </object_component>
      <object_component id="oc-a3">
         <name>.debug_info</name>
         <load_address>0x48f1</load_address>
         <run_address>0x48f1</run_address>
         <size>0xdc</size>
         <input_file_ref idref="fl-13e"/>
      </object_component>
      <object_component id="oc-a9">
         <name>.debug_info</name>
         <load_address>0x49cd</load_address>
         <run_address>0x49cd</run_address>
         <size>0xf3</size>
         <input_file_ref idref="fl-13a"/>
      </object_component>
      <object_component id="oc-ad">
         <name>.debug_info</name>
         <load_address>0x4ac0</load_address>
         <run_address>0x4ac0</run_address>
         <size>0xe1</size>
         <input_file_ref idref="fl-13d"/>
      </object_component>
      <object_component id="oc-b2">
         <name>.debug_info</name>
         <load_address>0x4ba1</load_address>
         <run_address>0x4ba1</run_address>
         <size>0xe1</size>
         <input_file_ref idref="fl-5"/>
      </object_component>
      <object_component id="oc-b6">
         <name>.debug_info</name>
         <load_address>0x4c82</load_address>
         <run_address>0x4c82</run_address>
         <size>0xb00</size>
         <input_file_ref idref="fl-3"/>
      </object_component>
      <object_component id="oc-bb">
         <name>.debug_info</name>
         <load_address>0x5782</load_address>
         <run_address>0x5782</run_address>
         <size>0x8fd</size>
         <input_file_ref idref="fl-5"/>
      </object_component>
      <object_component id="oc-be">
         <name>.debug_info</name>
         <load_address>0x607f</load_address>
         <run_address>0x607f</run_address>
         <size>0x184</size>
         <input_file_ref idref="fl-5"/>
      </object_component>
      <object_component id="oc-c1">
         <name>.debug_info</name>
         <load_address>0x6203</load_address>
         <run_address>0x6203</run_address>
         <size>0xf0</size>
         <input_file_ref idref="fl-5"/>
      </object_component>
      <object_component id="oc-c4">
         <name>.debug_info</name>
         <load_address>0x62f3</load_address>
         <run_address>0x62f3</run_address>
         <size>0x118c</size>
         <input_file_ref idref="fl-7"/>
      </object_component>
      <object_component id="oc-cb">
         <name>.debug_info</name>
         <load_address>0x747f</load_address>
         <run_address>0x747f</run_address>
         <size>0x1cc</size>
         <input_file_ref idref="fl-147"/>
      </object_component>
      <object_component id="oc-ce">
         <name>.debug_info</name>
         <load_address>0x764b</load_address>
         <run_address>0x764b</run_address>
         <size>0x207</size>
         <input_file_ref idref="fl-14c"/>
      </object_component>
      <object_component id="oc-d2">
         <name>.debug_info</name>
         <load_address>0x7852</load_address>
         <run_address>0x7852</run_address>
         <size>0x27b</size>
         <input_file_ref idref="fl-14c"/>
      </object_component>
      <object_component id="oc-d6">
         <name>.debug_info</name>
         <load_address>0x7acd</load_address>
         <run_address>0x7acd</run_address>
         <size>0x2ae</size>
         <input_file_ref idref="fl-14c"/>
      </object_component>
      <object_component id="oc-da">
         <name>.debug_info</name>
         <load_address>0x7d7b</load_address>
         <run_address>0x7d7b</run_address>
         <size>0x1f8</size>
         <input_file_ref idref="fl-14c"/>
      </object_component>
      <object_component id="oc-de">
         <name>.debug_info</name>
         <load_address>0x7f73</load_address>
         <run_address>0x7f73</run_address>
         <size>0x205</size>
         <input_file_ref idref="fl-14c"/>
      </object_component>
      <object_component id="oc-e2">
         <name>.debug_info</name>
         <load_address>0x8178</load_address>
         <run_address>0x8178</run_address>
         <size>0x22e</size>
         <input_file_ref idref="fl-149"/>
      </object_component>
      <object_component id="oc-e6">
         <name>.debug_info</name>
         <load_address>0x83a6</load_address>
         <run_address>0x83a6</run_address>
         <size>0x1d5</size>
         <input_file_ref idref="fl-149"/>
      </object_component>
      <object_component id="oc-ea">
         <name>.debug_info</name>
         <load_address>0x857b</load_address>
         <run_address>0x857b</run_address>
         <size>0x1f4</size>
         <input_file_ref idref="fl-14a"/>
      </object_component>
      <object_component id="oc-ee">
         <name>.debug_info</name>
         <load_address>0x876f</load_address>
         <run_address>0x876f</run_address>
         <size>0x25a</size>
         <input_file_ref idref="fl-14a"/>
      </object_component>
      <object_component id="oc-f2">
         <name>.debug_info</name>
         <load_address>0x89c9</load_address>
         <run_address>0x89c9</run_address>
         <size>0x21f</size>
         <input_file_ref idref="fl-146"/>
      </object_component>
      <object_component id="oc-f6">
         <name>.debug_info</name>
         <load_address>0x8be8</load_address>
         <run_address>0x8be8</run_address>
         <size>0x1f9</size>
         <input_file_ref idref="fl-146"/>
      </object_component>
      <object_component id="oc-fa">
         <name>.debug_info</name>
         <load_address>0x8de1</load_address>
         <run_address>0x8de1</run_address>
         <size>0x1e4</size>
         <input_file_ref idref="fl-146"/>
      </object_component>
      <object_component id="oc-fe">
         <name>.debug_info</name>
         <load_address>0x8fc5</load_address>
         <run_address>0x8fc5</run_address>
         <size>0x195</size>
         <input_file_ref idref="fl-2"/>
      </object_component>
      <object_component id="oc-104">
         <name>.debug_info</name>
         <load_address>0x915a</load_address>
         <run_address>0x915a</run_address>
         <size>0x1f7</size>
         <input_file_ref idref="fl-146"/>
      </object_component>
      <object_component id="oc-108">
         <name>.debug_info</name>
         <load_address>0x9351</load_address>
         <run_address>0x9351</run_address>
         <size>0x1f1</size>
         <input_file_ref idref="fl-146"/>
      </object_component>
      <object_component id="oc-10c">
         <name>.debug_info</name>
         <load_address>0x9542</load_address>
         <run_address>0x9542</run_address>
         <size>0xf3</size>
         <input_file_ref idref="fl-3"/>
      </object_component>
      <object_component id="oc-110">
         <name>.debug_info</name>
         <load_address>0x9635</load_address>
         <run_address>0x9635</run_address>
         <size>0x106</size>
         <input_file_ref idref="fl-2"/>
      </object_component>
      <object_component id="oc-114">
         <name>.debug_info</name>
         <load_address>0x973b</load_address>
         <run_address>0x973b</run_address>
         <size>0x84</size>
         <input_file_ref idref="fl-2"/>
      </object_component>
      <object_component id="oc-11b">
         <name>.debug_info</name>
         <load_address>0x97bf</load_address>
         <run_address>0x97bf</run_address>
         <size>0x18b</size>
         <input_file_ref idref="fl-4"/>
      </object_component>
      <object_component id="oc-123">
         <name>.debug_info</name>
         <load_address>0x994a</load_address>
         <run_address>0x994a</run_address>
         <size>0x14b</size>
         <input_file_ref idref="fl-145"/>
      </object_component>
      <object_component id="oc-128">
         <name>.debug_info</name>
         <load_address>0x9a95</load_address>
         <run_address>0x9a95</run_address>
         <size>0x11b</size>
         <input_file_ref idref="fl-143"/>
      </object_component>
      <object_component id="oc-12a">
         <name>.debug_info</name>
         <load_address>0x9bb0</load_address>
         <run_address>0x9bb0</run_address>
         <size>0xc8</size>
         <input_file_ref idref="fl-142"/>
      </object_component>
      <object_component id="oc-12d">
         <name>.debug_info</name>
         <load_address>0x9c78</load_address>
         <run_address>0x9c78</run_address>
         <size>0xeb</size>
         <input_file_ref idref="fl-139"/>
      </object_component>
      <object_component id="oc-130">
         <name>.debug_info</name>
         <load_address>0x9d63</load_address>
         <run_address>0x9d63</run_address>
         <size>0x146</size>
         <input_file_ref idref="fl-139"/>
      </object_component>
      <object_component id="oc-135">
         <name>.debug_info</name>
         <load_address>0x9ea9</load_address>
         <run_address>0x9ea9</run_address>
         <size>0x2c</size>
         <input_file_ref idref="fl-136"/>
      </object_component>
      <object_component id="oc-13c">
         <name>.debug_info</name>
         <load_address>0x9ed5</load_address>
         <run_address>0x9ed5</run_address>
         <size>0x2c</size>
         <input_file_ref idref="fl-7"/>
      </object_component>
      <object_component id="oc-149">
         <name>.debug_info</name>
         <load_address>0x9f01</load_address>
         <run_address>0x9f01</run_address>
         <size>0x84</size>
         <input_file_ref idref="fl-146"/>
      </object_component>
      <object_component id="oc-14d">
         <name>.debug_info</name>
         <load_address>0x9f85</load_address>
         <run_address>0x9f85</run_address>
         <size>0x4cc</size>
         <input_file_ref idref="fl-147"/>
      </object_component>
      <object_component id="oc-151">
         <name>.debug_info</name>
         <load_address>0xa451</load_address>
         <run_address>0xa451</run_address>
         <size>0x10e</size>
         <input_file_ref idref="fl-147"/>
      </object_component>
      <object_component id="oc-155">
         <name>.debug_info</name>
         <load_address>0xa55f</load_address>
         <run_address>0xa55f</run_address>
         <size>0x1af</size>
         <input_file_ref idref="fl-148"/>
      </object_component>
      <object_component id="oc-158">
         <name>.debug_info</name>
         <load_address>0xa70e</load_address>
         <run_address>0xa70e</run_address>
         <size>0x208</size>
         <input_file_ref idref="fl-14a"/>
      </object_component>
      <object_component id="oc-15c">
         <name>.debug_info</name>
         <load_address>0xa916</load_address>
         <run_address>0xa916</run_address>
         <size>0x261</size>
         <input_file_ref idref="fl-148"/>
      </object_component>
      <object_component id="oc-160">
         <name>.debug_info</name>
         <load_address>0xab77</load_address>
         <run_address>0xab77</run_address>
         <size>0x43d</size>
         <input_file_ref idref="fl-6"/>
      </object_component>
      <object_component id="oc-163">
         <name>.debug_info</name>
         <load_address>0xafb4</load_address>
         <run_address>0xafb4</run_address>
         <size>0x1b1</size>
         <input_file_ref idref="fl-148"/>
      </object_component>
      <object_component id="oc-168">
         <name>.debug_info</name>
         <load_address>0xb165</load_address>
         <run_address>0xb165</run_address>
         <size>0x396</size>
         <input_file_ref idref="fl-148"/>
      </object_component>
      <object_component id="oc-16b">
         <name>.debug_info</name>
         <load_address>0xb4fb</load_address>
         <run_address>0xb4fb</run_address>
         <size>0x1e8</size>
         <input_file_ref idref="fl-14a"/>
      </object_component>
      <object_component id="oc-16f">
         <name>.debug_info</name>
         <load_address>0xb6e3</load_address>
         <run_address>0xb6e3</run_address>
         <size>0x1af</size>
         <input_file_ref idref="fl-148"/>
      </object_component>
      <object_component id="oc-173">
         <name>.debug_info</name>
         <load_address>0xb892</load_address>
         <run_address>0xb892</run_address>
         <size>0x1f9</size>
         <input_file_ref idref="fl-148"/>
      </object_component>
      <object_component id="oc-177">
         <name>.debug_info</name>
         <load_address>0xba8b</load_address>
         <run_address>0xba8b</run_address>
         <size>0x1f6</size>
         <input_file_ref idref="fl-14a"/>
      </object_component>
      <object_component id="oc-17d">
         <name>.debug_info</name>
         <load_address>0xbc81</load_address>
         <run_address>0xbc81</run_address>
         <size>0x183</size>
         <input_file_ref idref="fl-6"/>
      </object_component>
      <object_component id="oc-182">
         <name>.debug_info</name>
         <load_address>0xbe04</load_address>
         <run_address>0xbe04</run_address>
         <size>0x115</size>
         <input_file_ref idref="fl-6"/>
      </object_component>
      <object_component id="oc-186">
         <name>.debug_info</name>
         <load_address>0xbf19</load_address>
         <run_address>0xbf19</run_address>
         <size>0x12b</size>
         <input_file_ref idref="fl-6"/>
      </object_component>
      <object_component id="oc-18b">
         <name>.debug_info</name>
         <load_address>0xc044</load_address>
         <run_address>0xc044</run_address>
         <size>0x184</size>
         <input_file_ref idref="fl-14b"/>
      </object_component>
      <object_component id="oc-18e">
         <name>.debug_info</name>
         <load_address>0xc1c8</load_address>
         <run_address>0xc1c8</run_address>
         <size>0x2c</size>
         <input_file_ref idref="fl-146"/>
      </object_component>
      <object_component id="oc-193">
         <name>.debug_info</name>
         <load_address>0xc1f4</load_address>
         <run_address>0xc1f4</run_address>
         <size>0x1b8</size>
         <input_file_ref idref="fl-147"/>
      </object_component>
      <object_component id="oc-196">
         <name>.debug_info</name>
         <load_address>0xc3ac</load_address>
         <run_address>0xc3ac</run_address>
         <size>0x473</size>
         <input_file_ref idref="fl-146"/>
      </object_component>
      <object_component id="oc-19a">
         <name>.debug_info</name>
         <load_address>0xc81f</load_address>
         <run_address>0xc81f</run_address>
         <size>0x187</size>
         <input_file_ref idref="fl-14b"/>
      </object_component>
      <object_component id="oc-1a4">
         <name>.debug_info</name>
         <load_address>0xc9a6</load_address>
         <run_address>0xc9a6</run_address>
         <size>0xf1</size>
         <input_file_ref idref="fl-3"/>
      </object_component>
      <object_component id="oc-1a8">
         <name>.debug_info</name>
         <load_address>0xca97</load_address>
         <run_address>0xca97</run_address>
         <size>0x131</size>
         <input_file_ref idref="fl-3"/>
      </object_component>
      <object_component id="oc-1ab">
         <name>.debug_info</name>
         <load_address>0xcbc8</load_address>
         <run_address>0xcbc8</run_address>
         <size>0x2c</size>
         <input_file_ref idref="fl-2"/>
      </object_component>
      <object_component id="oc-1b5">
         <name>.debug_info</name>
         <load_address>0xcbf4</load_address>
         <run_address>0xcbf4</run_address>
         <size>0x137</size>
         <input_file_ref idref="fl-141"/>
      </object_component>
      <object_component id="oc-1ba">
         <name>.debug_info</name>
         <load_address>0xcd2b</load_address>
         <run_address>0xcd2b</run_address>
         <size>0x127</size>
         <input_file_ref idref="fl-7"/>
      </object_component>
      <object_component id="oc-1bd">
         <name>.debug_info</name>
         <load_address>0xce52</load_address>
         <run_address>0xce52</run_address>
         <size>0x107</size>
         <input_file_ref idref="fl-7"/>
      </object_component>
      <object_component id="oc-1c0">
         <name>.debug_info</name>
         <load_address>0xcf59</load_address>
         <run_address>0xcf59</run_address>
         <size>0x115</size>
         <input_file_ref idref="fl-7"/>
      </object_component>
      <object_component id="oc-1c1">
         <name>.debug_info</name>
         <load_address>0xd06e</load_address>
         <run_address>0xd06e</run_address>
         <size>0x4e</size>
         <input_file_ref idref="fl-5"/>
      </object_component>
      <object_component id="oc-1c6">
         <name>.debug_info</name>
         <load_address>0xd0bc</load_address>
         <run_address>0xd0bc</run_address>
         <size>0xc2</size>
         <input_file_ref idref="fl-5"/>
      </object_component>
      <object_component id="oc-1cd">
         <name>.debug_info</name>
         <load_address>0xd17e</load_address>
         <run_address>0xd17e</run_address>
         <size>0x466</size>
         <input_file_ref idref="fl-14c"/>
      </object_component>
      <object_component id="oc-1d3">
         <name>.debug_info</name>
         <load_address>0xd5e4</load_address>
         <run_address>0xd5e4</run_address>
         <size>0x10f</size>
         <input_file_ref idref="fl-149"/>
      </object_component>
      <object_component id="oc-1d5">
         <name>.debug_info</name>
         <load_address>0xd6f3</load_address>
         <run_address>0xd6f3</run_address>
         <size>0x478</size>
         <input_file_ref idref="fl-149"/>
      </object_component>
      <object_component id="oc-1d7">
         <name>.debug_info</name>
         <load_address>0xdb6b</load_address>
         <run_address>0xdb6b</run_address>
         <size>0x1bd</size>
         <input_file_ref idref="fl-149"/>
      </object_component>
      <object_component id="oc-1da">
         <name>.debug_info</name>
         <load_address>0xdd28</load_address>
         <run_address>0xdd28</run_address>
         <size>0x214</size>
         <input_file_ref idref="fl-14a"/>
      </object_component>
      <object_component id="oc-1df">
         <name>.debug_info</name>
         <load_address>0xdf3c</load_address>
         <run_address>0xdf3c</run_address>
         <size>0x471</size>
         <input_file_ref idref="fl-14a"/>
      </object_component>
      <object_component id="oc-1ed">
         <name>.debug_info</name>
         <load_address>0xe3ad</load_address>
         <run_address>0xe3ad</run_address>
         <size>0x148</size>
         <input_file_ref idref="fl-145"/>
      </object_component>
      <object_component id="oc-1f0">
         <name>.debug_info</name>
         <load_address>0xe4f5</load_address>
         <run_address>0xe4f5</run_address>
         <size>0x5e</size>
         <input_file_ref idref="fl-143"/>
      </object_component>
      <object_component id="oc-1f6">
         <name>.debug_info</name>
         <load_address>0xe553</load_address>
         <run_address>0xe553</run_address>
         <size>0x1d4</size>
         <input_file_ref idref="fl-142"/>
      </object_component>
      <object_component id="oc-1fd">
         <name>.debug_info</name>
         <load_address>0xe727</load_address>
         <run_address>0xe727</run_address>
         <size>0xd9</size>
         <input_file_ref idref="fl-142"/>
      </object_component>
      <object_component id="oc-208">
         <name>.debug_info</name>
         <load_address>0xe800</load_address>
         <run_address>0xe800</run_address>
         <size>0x477</size>
         <input_file_ref idref="fl-148"/>
      </object_component>
      <object_component id="oc-238">
         <name>.debug_info</name>
         <load_address>0xec77</load_address>
         <run_address>0xec77</run_address>
         <size>0xcd</size>
         <input_file_ref idref="fl-145"/>
      </object_component>
      <object_component id="oc-263">
         <name>.debug_info</name>
         <load_address>0xed44</load_address>
         <run_address>0xed44</run_address>
         <size>0xba</size>
      </object_component>
      <object_component id="oc-10">
         <name>.debug_pubnames</name>
         <load_address>0x0</load_address>
         <run_address>0x0</run_address>
         <size>0x23</size>
         <input_file_ref idref="fl-4"/>
      </object_component>
      <object_component id="oc-14">
         <name>.debug_pubnames</name>
         <load_address>0x23</load_address>
         <run_address>0x23</run_address>
         <size>0x1f</size>
         <input_file_ref idref="fl-135"/>
      </object_component>
      <object_component id="oc-1b">
         <name>.debug_pubnames</name>
         <load_address>0x42</load_address>
         <run_address>0x42</run_address>
         <size>0x2b</size>
         <input_file_ref idref="fl-136"/>
      </object_component>
      <object_component id="oc-1f">
         <name>.debug_pubnames</name>
         <load_address>0x6d</load_address>
         <run_address>0x6d</run_address>
         <size>0x25</size>
         <input_file_ref idref="fl-138"/>
      </object_component>
      <object_component id="oc-24">
         <name>.debug_pubnames</name>
         <load_address>0x92</load_address>
         <run_address>0x92</run_address>
         <size>0x2c</size>
         <input_file_ref idref="fl-137"/>
      </object_component>
      <object_component id="oc-2c">
         <name>.debug_pubnames</name>
         <load_address>0xbe</load_address>
         <run_address>0xbe</run_address>
         <size>0x4c</size>
         <input_file_ref idref="fl-4"/>
      </object_component>
      <object_component id="oc-31">
         <name>.debug_pubnames</name>
         <load_address>0x10a</load_address>
         <run_address>0x10a</run_address>
         <size>0xac</size>
         <input_file_ref idref="fl-5"/>
      </object_component>
      <object_component id="oc-3c">
         <name>.debug_pubnames</name>
         <load_address>0x1b6</load_address>
         <run_address>0x1b6</run_address>
         <size>0x37</size>
         <input_file_ref idref="fl-144"/>
      </object_component>
      <object_component id="oc-40">
         <name>.debug_pubnames</name>
         <load_address>0x1ed</load_address>
         <run_address>0x1ed</run_address>
         <size>0x21</size>
         <input_file_ref idref="fl-143"/>
      </object_component>
      <object_component id="oc-45">
         <name>.debug_pubnames</name>
         <load_address>0x20e</load_address>
         <run_address>0x20e</run_address>
         <size>0x35</size>
         <input_file_ref idref="fl-139"/>
      </object_component>
      <object_component id="oc-4b">
         <name>.debug_pubnames</name>
         <load_address>0x243</load_address>
         <run_address>0x243</run_address>
         <size>0x23</size>
         <input_file_ref idref="fl-140"/>
      </object_component>
      <object_component id="oc-50">
         <name>.debug_pubnames</name>
         <load_address>0x266</load_address>
         <run_address>0x266</run_address>
         <size>0x1d</size>
         <input_file_ref idref="fl-13f"/>
      </object_component>
      <object_component id="oc-63">
         <name>.debug_pubnames</name>
         <load_address>0x283</load_address>
         <run_address>0x283</run_address>
         <size>0x2f</size>
         <input_file_ref idref="fl-137"/>
      </object_component>
      <object_component id="oc-70">
         <name>.debug_pubnames</name>
         <load_address>0x2b2</load_address>
         <run_address>0x2b2</run_address>
         <size>0x23</size>
         <input_file_ref idref="fl-13c"/>
      </object_component>
      <object_component id="oc-77">
         <name>.debug_pubnames</name>
         <load_address>0x2d5</load_address>
         <run_address>0x2d5</run_address>
         <size>0x23</size>
         <input_file_ref idref="fl-13b"/>
      </object_component>
      <object_component id="oc-86">
         <name>.debug_pubnames</name>
         <load_address>0x2f8</load_address>
         <run_address>0x2f8</run_address>
         <size>0xf3</size>
         <input_file_ref idref="fl-6"/>
      </object_component>
      <object_component id="oc-a5">
         <name>.debug_pubnames</name>
         <load_address>0x3eb</load_address>
         <run_address>0x3eb</run_address>
         <size>0x22</size>
         <input_file_ref idref="fl-13e"/>
      </object_component>
      <object_component id="oc-aa">
         <name>.debug_pubnames</name>
         <load_address>0x40d</load_address>
         <run_address>0x40d</run_address>
         <size>0x23</size>
         <input_file_ref idref="fl-13a"/>
      </object_component>
      <object_component id="oc-ae">
         <name>.debug_pubnames</name>
         <load_address>0x430</load_address>
         <run_address>0x430</run_address>
         <size>0x23</size>
         <input_file_ref idref="fl-13d"/>
      </object_component>
      <object_component id="oc-b3">
         <name>.debug_pubnames</name>
         <load_address>0x453</load_address>
         <run_address>0x453</run_address>
         <size>0x1e</size>
         <input_file_ref idref="fl-5"/>
      </object_component>
      <object_component id="oc-b7">
         <name>.debug_pubnames</name>
         <load_address>0x471</load_address>
         <run_address>0x471</run_address>
         <size>0x8d</size>
         <input_file_ref idref="fl-3"/>
      </object_component>
      <object_component id="oc-bc">
         <name>.debug_pubnames</name>
         <load_address>0x4fe</load_address>
         <run_address>0x4fe</run_address>
         <size>0x35</size>
         <input_file_ref idref="fl-5"/>
      </object_component>
      <object_component id="oc-bf">
         <name>.debug_pubnames</name>
         <load_address>0x533</load_address>
         <run_address>0x533</run_address>
         <size>0x61</size>
         <input_file_ref idref="fl-5"/>
      </object_component>
      <object_component id="oc-c2">
         <name>.debug_pubnames</name>
         <load_address>0x594</load_address>
         <run_address>0x594</run_address>
         <size>0x25</size>
         <input_file_ref idref="fl-5"/>
      </object_component>
      <object_component id="oc-c5">
         <name>.debug_pubnames</name>
         <load_address>0x5b9</load_address>
         <run_address>0x5b9</run_address>
         <size>0xe2</size>
         <input_file_ref idref="fl-7"/>
      </object_component>
      <object_component id="oc-ff">
         <name>.debug_pubnames</name>
         <load_address>0x69b</load_address>
         <run_address>0x69b</run_address>
         <size>0x25</size>
         <input_file_ref idref="fl-2"/>
      </object_component>
      <object_component id="oc-10d">
         <name>.debug_pubnames</name>
         <load_address>0x6c0</load_address>
         <run_address>0x6c0</run_address>
         <size>0x21</size>
         <input_file_ref idref="fl-3"/>
      </object_component>
      <object_component id="oc-111">
         <name>.debug_pubnames</name>
         <load_address>0x6e1</load_address>
         <run_address>0x6e1</run_address>
         <size>0x22</size>
         <input_file_ref idref="fl-2"/>
      </object_component>
      <object_component id="oc-124">
         <name>.debug_pubnames</name>
         <load_address>0x703</load_address>
         <run_address>0x703</run_address>
         <size>0x1e</size>
         <input_file_ref idref="fl-145"/>
      </object_component>
      <object_component id="oc-12b">
         <name>.debug_pubnames</name>
         <load_address>0x721</load_address>
         <run_address>0x721</run_address>
         <size>0x28</size>
         <input_file_ref idref="fl-142"/>
      </object_component>
      <object_component id="oc-12e">
         <name>.debug_pubnames</name>
         <load_address>0x749</load_address>
         <run_address>0x749</run_address>
         <size>0x3a</size>
         <input_file_ref idref="fl-139"/>
      </object_component>
      <object_component id="oc-161">
         <name>.debug_pubnames</name>
         <load_address>0x783</load_address>
         <run_address>0x783</run_address>
         <size>0x33</size>
         <input_file_ref idref="fl-6"/>
      </object_component>
      <object_component id="oc-17e">
         <name>.debug_pubnames</name>
         <load_address>0x7b6</load_address>
         <run_address>0x7b6</run_address>
         <size>0x54</size>
         <input_file_ref idref="fl-6"/>
      </object_component>
      <object_component id="oc-183">
         <name>.debug_pubnames</name>
         <load_address>0x80a</load_address>
         <run_address>0x80a</run_address>
         <size>0x20</size>
         <input_file_ref idref="fl-6"/>
      </object_component>
      <object_component id="oc-187">
         <name>.debug_pubnames</name>
         <load_address>0x82a</load_address>
         <run_address>0x82a</run_address>
         <size>0x2b</size>
         <input_file_ref idref="fl-6"/>
      </object_component>
      <object_component id="oc-1a5">
         <name>.debug_pubnames</name>
         <load_address>0x855</load_address>
         <run_address>0x855</run_address>
         <size>0x20</size>
         <input_file_ref idref="fl-3"/>
      </object_component>
      <object_component id="oc-1b7">
         <name>.debug_pubnames</name>
         <load_address>0x875</load_address>
         <run_address>0x875</run_address>
         <size>0x39</size>
         <input_file_ref idref="fl-141"/>
      </object_component>
      <object_component id="oc-1bb">
         <name>.debug_pubnames</name>
         <load_address>0x8ae</load_address>
         <run_address>0x8ae</run_address>
         <size>0x32</size>
         <input_file_ref idref="fl-7"/>
      </object_component>
      <object_component id="oc-1be">
         <name>.debug_pubnames</name>
         <load_address>0x8e0</load_address>
         <run_address>0x8e0</run_address>
         <size>0x25</size>
         <input_file_ref idref="fl-7"/>
      </object_component>
      <object_component id="oc-1f7">
         <name>.debug_pubnames</name>
         <load_address>0x905</load_address>
         <run_address>0x905</run_address>
         <size>0x43</size>
         <input_file_ref idref="fl-142"/>
      </object_component>
      <object_component id="oc-13">
         <name>.debug_aranges</name>
         <load_address>0x0</load_address>
         <run_address>0x0</run_address>
         <size>0x20</size>
         <input_file_ref idref="fl-135"/>
      </object_component>
      <object_component id="oc-17">
         <name>.debug_aranges</name>
         <load_address>0x20</load_address>
         <run_address>0x20</run_address>
         <size>0x20</size>
         <input_file_ref idref="fl-136"/>
      </object_component>
      <object_component id="oc-1e">
         <name>.debug_aranges</name>
         <load_address>0x40</load_address>
         <run_address>0x40</run_address>
         <size>0x20</size>
         <input_file_ref idref="fl-138"/>
      </object_component>
      <object_component id="oc-25">
         <name>.debug_aranges</name>
         <load_address>0x60</load_address>
         <run_address>0x60</run_address>
         <size>0x20</size>
         <input_file_ref idref="fl-137"/>
      </object_component>
      <object_component id="oc-2d">
         <name>.debug_aranges</name>
         <load_address>0x80</load_address>
         <run_address>0x80</run_address>
         <size>0x38</size>
         <input_file_ref idref="fl-4"/>
      </object_component>
      <object_component id="oc-32">
         <name>.debug_aranges</name>
         <load_address>0xb8</load_address>
         <run_address>0xb8</run_address>
         <size>0x70</size>
         <input_file_ref idref="fl-5"/>
      </object_component>
      <object_component id="oc-3b">
         <name>.debug_aranges</name>
         <load_address>0x128</load_address>
         <run_address>0x128</run_address>
         <size>0x28</size>
         <input_file_ref idref="fl-144"/>
      </object_component>
      <object_component id="oc-3f">
         <name>.debug_aranges</name>
         <load_address>0x150</load_address>
         <run_address>0x150</run_address>
         <size>0x20</size>
         <input_file_ref idref="fl-143"/>
      </object_component>
      <object_component id="oc-46">
         <name>.debug_aranges</name>
         <load_address>0x170</load_address>
         <run_address>0x170</run_address>
         <size>0x30</size>
         <input_file_ref idref="fl-139"/>
      </object_component>
      <object_component id="oc-51">
         <name>.debug_aranges</name>
         <load_address>0x1a0</load_address>
         <run_address>0x1a0</run_address>
         <size>0x20</size>
         <input_file_ref idref="fl-13f"/>
      </object_component>
      <object_component id="oc-62">
         <name>.debug_aranges</name>
         <load_address>0x1c0</load_address>
         <run_address>0x1c0</run_address>
         <size>0x20</size>
         <input_file_ref idref="fl-137"/>
      </object_component>
      <object_component id="oc-71">
         <name>.debug_aranges</name>
         <load_address>0x1e0</load_address>
         <run_address>0x1e0</run_address>
         <size>0x20</size>
         <input_file_ref idref="fl-13c"/>
      </object_component>
      <object_component id="oc-74">
         <name>.debug_aranges</name>
         <load_address>0x200</load_address>
         <run_address>0x200</run_address>
         <size>0x20</size>
         <input_file_ref idref="fl-13b"/>
      </object_component>
      <object_component id="oc-87">
         <name>.debug_aranges</name>
         <load_address>0x220</load_address>
         <run_address>0x220</run_address>
         <size>0x68</size>
         <input_file_ref idref="fl-6"/>
      </object_component>
      <object_component id="oc-a4">
         <name>.debug_aranges</name>
         <load_address>0x288</load_address>
         <run_address>0x288</run_address>
         <size>0x20</size>
         <input_file_ref idref="fl-13e"/>
      </object_component>
      <object_component id="oc-a8">
         <name>.debug_aranges</name>
         <load_address>0x2a8</load_address>
         <run_address>0x2a8</run_address>
         <size>0x20</size>
         <input_file_ref idref="fl-13a"/>
      </object_component>
      <object_component id="oc-af">
         <name>.debug_aranges</name>
         <load_address>0x2c8</load_address>
         <run_address>0x2c8</run_address>
         <size>0x20</size>
         <input_file_ref idref="fl-13d"/>
      </object_component>
      <object_component id="oc-b5">
         <name>.debug_aranges</name>
         <load_address>0x2e8</load_address>
         <run_address>0x2e8</run_address>
         <size>0x58</size>
         <input_file_ref idref="fl-3"/>
      </object_component>
      <object_component id="oc-c6">
         <name>.debug_aranges</name>
         <load_address>0x340</load_address>
         <run_address>0x340</run_address>
         <size>0x98</size>
         <input_file_ref idref="fl-7"/>
      </object_component>
      <object_component id="oc-100">
         <name>.debug_aranges</name>
         <load_address>0x3d8</load_address>
         <run_address>0x3d8</run_address>
         <size>0x20</size>
         <input_file_ref idref="fl-2"/>
      </object_component>
      <object_component id="oc-125">
         <name>.debug_aranges</name>
         <load_address>0x3f8</load_address>
         <run_address>0x3f8</run_address>
         <size>0x20</size>
         <input_file_ref idref="fl-145"/>
      </object_component>
      <object_component id="oc-1b6">
         <name>.debug_aranges</name>
         <load_address>0x418</load_address>
         <run_address>0x418</run_address>
         <size>0x28</size>
         <input_file_ref idref="fl-141"/>
      </object_component>
      <object_component id="oc-1f8">
         <name>.debug_aranges</name>
         <load_address>0x440</load_address>
         <run_address>0x440</run_address>
         <size>0x30</size>
         <input_file_ref idref="fl-142"/>
      </object_component>
      <object_component id="oc-15">
         <name>.debug_line</name>
         <load_address>0x0</load_address>
         <run_address>0x0</run_address>
         <size>0x49</size>
         <input_file_ref idref="fl-135"/>
      </object_component>
      <object_component id="oc-19">
         <name>.debug_line</name>
         <load_address>0x49</load_address>
         <run_address>0x49</run_address>
         <size>0x55</size>
         <input_file_ref idref="fl-136"/>
      </object_component>
      <object_component id="oc-20">
         <name>.debug_line</name>
         <load_address>0x9e</load_address>
         <run_address>0x9e</run_address>
         <size>0x4c</size>
         <input_file_ref idref="fl-138"/>
      </object_component>
      <object_component id="oc-27">
         <name>.debug_line</name>
         <load_address>0xea</load_address>
         <run_address>0xea</run_address>
         <size>0x4b</size>
         <input_file_ref idref="fl-137"/>
      </object_component>
      <object_component id="oc-2a">
         <name>.debug_line</name>
         <load_address>0x135</load_address>
         <run_address>0x135</run_address>
         <size>0x9d</size>
         <input_file_ref idref="fl-4"/>
      </object_component>
      <object_component id="oc-33">
         <name>.debug_line</name>
         <load_address>0x1d2</load_address>
         <run_address>0x1d2</run_address>
         <size>0x2c8</size>
         <input_file_ref idref="fl-5"/>
      </object_component>
      <object_component id="oc-36">
         <name>.debug_line</name>
         <load_address>0x49a</load_address>
         <run_address>0x49a</run_address>
         <size>0x3d</size>
         <input_file_ref idref="fl-4"/>
      </object_component>
      <object_component id="oc-39">
         <name>.debug_line</name>
         <load_address>0x4d7</load_address>
         <run_address>0x4d7</run_address>
         <size>0x87</size>
         <input_file_ref idref="fl-144"/>
      </object_component>
      <object_component id="oc-41">
         <name>.debug_line</name>
         <load_address>0x55e</load_address>
         <run_address>0x55e</run_address>
         <size>0x50</size>
         <input_file_ref idref="fl-143"/>
      </object_component>
      <object_component id="oc-48">
         <name>.debug_line</name>
         <load_address>0x5ae</load_address>
         <run_address>0x5ae</run_address>
         <size>0x7a</size>
         <input_file_ref idref="fl-139"/>
      </object_component>
      <object_component id="oc-4e">
         <name>.debug_line</name>
         <load_address>0x628</load_address>
         <run_address>0x628</run_address>
         <size>0x88</size>
         <input_file_ref idref="fl-13f"/>
      </object_component>
      <object_component id="oc-56">
         <name>.debug_line</name>
         <load_address>0x6b0</load_address>
         <run_address>0x6b0</run_address>
         <size>0x3a</size>
         <input_file_ref idref="fl-136"/>
      </object_component>
      <object_component id="oc-5d">
         <name>.debug_line</name>
         <load_address>0x6ea</load_address>
         <run_address>0x6ea</run_address>
         <size>0x34</size>
         <input_file_ref idref="fl-138"/>
      </object_component>
      <object_component id="oc-64">
         <name>.debug_line</name>
         <load_address>0x71e</load_address>
         <run_address>0x71e</run_address>
         <size>0x8c</size>
         <input_file_ref idref="fl-137"/>
      </object_component>
      <object_component id="oc-6b">
         <name>.debug_line</name>
         <load_address>0x7aa</load_address>
         <run_address>0x7aa</run_address>
         <size>0x39</size>
         <input_file_ref idref="fl-137"/>
      </object_component>
      <object_component id="oc-72">
         <name>.debug_line</name>
         <load_address>0x7e3</load_address>
         <run_address>0x7e3</run_address>
         <size>0x6e</size>
         <input_file_ref idref="fl-13c"/>
      </object_component>
      <object_component id="oc-75">
         <name>.debug_line</name>
         <load_address>0x851</load_address>
         <run_address>0x851</run_address>
         <size>0x7b</size>
         <input_file_ref idref="fl-13b"/>
      </object_component>
      <object_component id="oc-7a">
         <name>.debug_line</name>
         <load_address>0x8cc</load_address>
         <run_address>0x8cc</run_address>
         <size>0x70</size>
         <input_file_ref idref="fl-147"/>
      </object_component>
      <object_component id="oc-7f">
         <name>.debug_line</name>
         <load_address>0x93c</load_address>
         <run_address>0x93c</run_address>
         <size>0xc5</size>
         <input_file_ref idref="fl-147"/>
      </object_component>
      <object_component id="oc-83">
         <name>.debug_line</name>
         <load_address>0xa01</load_address>
         <run_address>0xa01</run_address>
         <size>0x109</size>
         <input_file_ref idref="fl-147"/>
      </object_component>
      <object_component id="oc-88">
         <name>.debug_line</name>
         <load_address>0xb0a</load_address>
         <run_address>0xb0a</run_address>
         <size>0x2aa</size>
         <input_file_ref idref="fl-6"/>
      </object_component>
      <object_component id="oc-8c">
         <name>.debug_line</name>
         <load_address>0xdb4</load_address>
         <run_address>0xdb4</run_address>
         <size>0x73</size>
         <input_file_ref idref="fl-149"/>
      </object_component>
      <object_component id="oc-90">
         <name>.debug_line</name>
         <load_address>0xe27</load_address>
         <run_address>0xe27</run_address>
         <size>0x78</size>
         <input_file_ref idref="fl-147"/>
      </object_component>
      <object_component id="oc-94">
         <name>.debug_line</name>
[...]
         <name>binit</name>
         <value>0xffffffff</value>
      </symbol>
      <symbol id="sm-7">
         <name>__binit__</name>
         <value>0xffffffff</value>
      </symbol>
      <symbol id="sm-8">
         <name>__STACK_SIZE</name>
         <value>0x800</value>
      </symbol>
      <symbol id="sm-9">
         <name>__STACK_END</name>
         <value>0x20003034</value>
      </symbol>
      <symbol id="sm-a">
         <name>__c_args__</name>
         <value>0xffffffff</value>
      </symbol>
      <symbol id="sm-3d">
         <name>g_ulButtons</name>
         <value>0x20002828</value>
      </symbol>
      <symbol id="sm-3e">
         <name>ButtonDebounce</name>
         <value>0x24fd</value>
         <object_component_ref idref="oc-fd"/>
      </symbol>
      <symbol id="sm-a3">
         <name>DrawCircle</name>
         <value>0x17eb</value>
         <object_component_ref idref="oc-b4"/>
      </symbol>
      <symbol id="sm-a4">
         <name>FillFrame</name>
         <value>0x142d</value>
         <object_component_ref idref="oc-b4"/>
      </symbol>
      <symbol id="sm-a5">
         <name>g_pucFrame</name>
         <value>0x20000000</value>
         <object_component_ref idref="oc-10b"/>
      </symbol>
      <symbol id="sm-a6">
         <name>DrawPoint</name>
         <value>0x149f</value>
         <object_component_ref idref="oc-b4"/>
      </symbol>
      <symbol id="sm-a7">
         <name>DrawFilledRectangle</name>
         <value>0x1889</value>
         <object_component_ref idref="oc-b4"/>
      </symbol>
      <symbol id="sm-a8">
         <name>DrawChar</name>
         <value>0x1629</value>
         <object_component_ref idref="oc-b4"/>
      </symbol>
      <symbol id="sm-a9">
         <name>DrawString</name>
         <value>0x1701</value>
         <object_component_ref idref="oc-b4"/>
      </symbol>
      <symbol id="sm-aa">
         <name>DrawLine</name>
         <value>0x150f</value>
         <object_component_ref idref="oc-b4"/>
      </symbol>
      <symbol id="sm-ab">
         <name>g_pucFont</name>
         <value>0x2ea8</value>
         <object_component_ref idref="oc-1a3"/>
      </symbol>
      <symbol id="sm-cc">
         <name>ResetISR</name>
         <value>0x2c59</value>
         <object_component_ref idref="oc-29"/>
      </symbol>
      <symbol id="sm-cd">
         <name>g_pfnVectors</name>
         <value>0x0</value>
         <object_component_ref idref="oc-e"/>
      </symbol>
      <symbol id="sm-16c">
         <name>g_ulSystemClock</name>
         <value>0x20002830</value>
      </symbol>
      <symbol id="sm-16d">
         <name>buttonFIFO</name>
         <value>0x20002814</value>
      </symbol>
      <symbol id="sm-16e">
         <name>ADC_ISR</name>
         <value>0x1037</value>
         <object_component_ref idref="oc-2f"/>
      </symbol>
      <symbol id="sm-16f">
         <name>cpu_load_count</name>
         <value>0x116d</value>
         <object_component_ref idref="oc-2f"/>
      </symbol>
      <symbol id="sm-170">
         <name>TimerISR</name>
         <value>0x1129</value>
         <object_component_ref idref="oc-2f"/>
      </symbol>
      <symbol id="sm-171">
         <name>g_ulTime</name>
         <value>0x20003034</value>
         <object_component_ref idref="oc-bd"/>
      </symbol>
      <symbol id="sm-172">
         <name>getButtons</name>
         <value>0x119b</value>
         <object_component_ref idref="oc-2f"/>
      </symbol>
      <symbol id="sm-173">
         <name>main</name>
         <value>0xb39</value>
         <object_component_ref idref="oc-2f"/>
      </symbol>
      <symbol id="sm-174">
         <name>switchesInit</name>
         <value>0x1079</value>
         <object_component_ref idref="oc-2f"/>
      </symbol>
      <symbol id="sm-175">
         <name>headFIFO</name>
         <value>0x20003040</value>
         <object_component_ref idref="oc-bd"/>
      </symbol>
      <symbol id="sm-176">
         <name>tailFIFO</name>
         <value>0x20003044</value>
         <object_component_ref idref="oc-bd"/>
      </symbol>
      <symbol id="sm-177">
         <name>putButtons</name>
         <value>0x11d5</value>
         <object_component_ref idref="oc-2f"/>
      </symbol>
      <symbol id="sm-178">
         <name>g_iADCBufferIndex</name>
         <value>0x20003038</value>
         <object_component_ref idref="oc-bd"/>
      </symbol>
      <symbol id="sm-179">
         <name>g_ulADCErrors</name>
         <value>0x2000303c</value>
         <object_component_ref idref="oc-bd"/>
      </symbol>
      <symbol id="sm-17a">
         <name>timersInit</name>
         <value>0x10b1</value>
         <object_component_ref idref="oc-2f"/>
      </symbol>
      <symbol id="sm-17b">
         <name>drawGrid</name>
         <value>0x123d</value>
         <object_component_ref idref="oc-2f"/>
      </symbol>
      <symbol id="sm-17c">
         <name>g_pusADCBuffer</name>
         <value>0x20001800</value>
         <object_component_ref idref="oc-c0"/>
      </symbol>
      <symbol id="sm-17d">
         <name>ADCInit</name>
         <value>0xfe7</value>
         <object_component_ref idref="oc-2f"/>
      </symbol>
      <symbol id="sm-17e">
         <name>drawSlope</name>
         <value>0x13a9</value>
         <object_component_ref idref="oc-2f"/>
      </symbol>
      <symbol id="sm-1ec">
         <name>RIT128x96x4StringDraw</name>
         <value>0x1c19</value>
         <object_component_ref idref="oc-84"/>
      </symbol>
      <symbol id="sm-1ed">
         <name>RIT128x96x4DisplayOn</name>
         <value>0x1f5d</value>
         <object_component_ref idref="oc-84"/>
      </symbol>
      <symbol id="sm-1ee">
         <name>RIT128x96x4Enable</name>
         <value>0x1ddd</value>
         <object_component_ref idref="oc-84"/>
      </symbol>
      <symbol id="sm-1ef">
         <name>RIT128x96x4Clear</name>
         <value>0x1bbd</value>
         <object_component_ref idref="oc-84"/>
      </symbol>
      <symbol id="sm-1f0">
         <name>RIT128x96x4Disable</name>
         <value>0x1e37</value>
         <object_component_ref idref="oc-84"/>
      </symbol>
      <symbol id="sm-1f1">
         <name>RIT128x96x4DisplayOff</name>
         <value>0x1f91</value>
         <object_component_ref idref="oc-84"/>
      </symbol>
      <symbol id="sm-1f2">
         <name>RIT128x96x4ImageDraw</name>
         <value>0x1d55</value>
         <object_component_ref idref="oc-84"/>
      </symbol>
      <symbol id="sm-1f3">
         <name>RIT128x96x4Init</name>
         <value>0x1eb1</value>
         <object_component_ref idref="oc-84"/>
      </symbol>
      <symbol id="sm-2ab">
         <name>uvsnprintf</name>
         <value>0x149</value>
         <object_component_ref idref="oc-c3"/>
      </symbol>
      <symbol id="sm-2ac">
         <name>ustrncpy</name>
         <value>0xf1</value>
         <object_component_ref idref="oc-c3"/>
      </symbol>
      <symbol id="sm-2ad">
         <name>ustrlen</name>
         <value>0x989</value>
         <object_component_ref idref="oc-c3"/>
      </symbol>
      <symbol id="sm-2ae">
         <name>ulocaltime</name>
         <value>0x5d5</value>
         <object_component_ref idref="oc-c3"/>
      </symbol>
      <symbol id="sm-2af">
         <name>ustrstr</name>
         <value>0x9ab</value>
         <object_component_ref idref="oc-c3"/>
      </symbol>
      <symbol id="sm-2b0">
         <name>ustrcmp</name>
         <value>0xaf1</value>
         <object_component_ref idref="oc-c3"/>
      </symbol>
      <symbol id="sm-2b1">
         <name>usprintf</name>
         <value>0x573</value>
         <object_component_ref idref="oc-c3"/>
      </symbol>
      <symbol id="sm-2b2">
         <name>usnprintf</name>
         <value>0x5a5</value>
         <object_component_ref idref="oc-c3"/>
      </symbol>
      <symbol id="sm-2b3">
         <name>ustrtoul</name>
         <value>0x851</value>
         <object_component_ref idref="oc-c3"/>
      </symbol>
      <symbol id="sm-2b4">
         <name>ustrcasecmp</name>
         <value>0xa7d</value>
         <object_component_ref idref="oc-c3"/>
      </symbol>
      <symbol id="sm-2b5">
         <name>ustrnicmp</name>
         <value>0x9dd</value>
         <object_component_ref idref="oc-c3"/>
      </symbol>
      <symbol id="sm-2b6">
         <name>umktime</name>
         <value>0x7d7</value>
         <object_component_ref idref="oc-c3"/>
      </symbol>
      <symbol id="sm-2b7">
         <name>usrand</name>
         <value>0xb05</value>
         <object_component_ref idref="oc-c3"/>
      </symbol>
      <symbol id="sm-2b8">
         <name>ustrncmp</name>
         <value>0xa91</value>
         <object_component_ref idref="oc-c3"/>
      </symbol>
      <symbol id="sm-2b9">
         <name>urand</name>
         <value>0xb15</value>
         <object_component_ref idref="oc-c3"/>
      </symbol>
      <symbol id="sm-2c8">
         <name>_c_int00</name>
         <value>0x2a39</value>
         <object_component_ref idref="oc-11"/>
      </symbol>
      <symbol id="sm-2c9">
         <name>__stack</name>
         <value>0x20002834</value>
         <object_component_ref idref="oc-28"/>
      </symbol>
      <symbol id="sm-2e0">
         <name>__TI_decompress_none</name>
         <value>0x2c25</value>
         <object_component_ref idref="oc-16"/>
      </symbol>
      <symbol id="sm-304">
         <name>__TI_decompress_rle24</name>
         <value>0x2cbd</value>
         <object_component_ref idref="oc-22"/>
      </symbol>
      <symbol id="sm-318">
         <name>__TI_zero_init</name>
         <value>0x2bd9</value>
         <object_component_ref idref="oc-1c"/>
      </symbol>
      <symbol id="sm-337">
         <name>C$$EXIT</name>
         <value>0x2941</value>
         <object_component_ref idref="oc-43"/>
      </symbol>
      <symbol id="sm-338">
         <name>abort</name>
         <value>0x2945</value>
         <object_component_ref idref="oc-43"/>
      </symbol>
      <symbol id="sm-339">
         <name>exit</name>
         <value>0x294d</value>
         <object_component_ref idref="oc-43"/>
      </symbol>
      <symbol id="sm-33a">
         <name>__TI_dtors_ptr</name>
         <value>0x20003054</value>
         <object_component_ref idref="oc-12c"/>
      </symbol>
      <symbol id="sm-33b">
         <name>__TI_cleanup_ptr</name>
         <value>0x20003050</value>
         <object_component_ref idref="oc-12c"/>
      </symbol>
      <symbol id="sm-34c">
         <name>__aeabi_fadd</name>
         <value>0x22a1</value>
         <object_component_ref idref="oc-a7"/>
      </symbol>
      <symbol id="sm-34d">
         <name>__aeabi_fsub</name>
         <value>0x229d</value>
         <object_component_ref idref="oc-a7"/>
      </symbol>
      <symbol id="sm-35a">
         <name>__aeabi_fdiv</name>
         <value>0x2625</value>
         <object_component_ref idref="oc-73"/>
      </symbol>
      <symbol id="sm-364">
         <name>__aeabi_fmul</name>
         <value>0x26b7</value>
         <object_component_ref idref="oc-6e"/>
      </symbol>
      <symbol id="sm-36e">
         <name>__aeabi_f2iz</name>
         <value>0x29c7</value>
         <object_component_ref idref="oc-ac"/>
      </symbol>
      <symbol id="sm-379">
         <name>__aeabi_i2f</name>
         <value>0x29ff</value>
         <object_component_ref idref="oc-a2"/>
      </symbol>
      <symbol id="sm-394">
         <name>memcpy</name>
         <value>0x245f</value>
         <object_component_ref idref="oc-4d"/>
      </symbol>
      <symbol id="sm-395">
         <name>__aeabi_memcpy</name>
         <value>0x245f</value>
         <object_component_ref idref="oc-4d"/>
      </symbol>
      <symbol id="sm-396">
         <name>__aeabi_memcpy8</name>
         <value>0x245f</value>
         <object_component_ref idref="oc-4d"/>
      </symbol>
      <symbol id="sm-397">
         <name>__aeabi_memcpy4</name>
         <value>0x245f</value>
         <object_component_ref idref="oc-4d"/>
      </symbol>
      <symbol id="sm-39f">
         <name>main_func_sp</name>
         <value>0x20003058</value>
         <object_component_ref idref="oc-49"/>
      </symbol>
      <symbol id="sm-3af">
         <name>__aeabi_uidivmod</name>
         <value>0x2985</value>
         <object_component_ref idref="oc-1b4"/>
      </symbol>
      <symbol id="sm-3c8">
         <name>_nop</name>
         <value>0x2b67</value>
         <object_component_ref idref="oc-1f5"/>
      </symbol>
      <symbol id="sm-3c9">
         <name>_lock</name>
         <value>0x20003048</value>
         <object_component_ref idref="oc-129"/>
      </symbol>
      <symbol id="sm-3ca">
         <name>_unlock</name>
         <value>0x2000304c</value>
         <object_component_ref idref="oc-129"/>
      </symbol>
      <symbol id="sm-3cb">
         <name>_register_lock</name>
         <value>0x2b5f</value>
         <object_component_ref idref="oc-1f5"/>
      </symbol>
      <symbol id="sm-3cc">
         <name>_register_unlock</name>
         <value>0x2b59</value>
         <object_component_ref idref="oc-1f5"/>
      </symbol>
      <symbol id="sm-3e0">
         <name>_args_main</name>
         <value>0x2b2d</value>
         <object_component_ref idref="oc-3d"/>
      </symbol>
      <symbol id="sm-3fd">
         <name>__TI_auto_init</name>
         <value>0x2591</value>
         <object_component_ref idref="oc-38"/>
      </symbol>
      <symbol id="sm-416">
         <name>copy_in</name>
         <value>0x28fd</value>
         <object_component_ref idref="oc-120"/>
      </symbol>
      <symbol id="sm-45d">
         <name>TimerLoadSet</name>
         <value>0x2bb5</value>
         <object_component_ref idref="oc-9a"/>
      </symbol>
      <symbol id="sm-45e">
         <name>TimerDisable</name>
         <value>0x2b45</value>
         <object_component_ref idref="oc-92"/>
      </symbol>
      <symbol id="sm-45f">
         <name>TimerEnable</name>
         <value>0x2c17</value>
         <object_component_ref idref="oc-f9"/>
      </symbol>
      <symbol id="sm-460">
         <name>TimerIntStatus</name>
         <value>0x2c97</value>
         <object_component_ref idref="oc-107"/>
      </symbol>
      <symbol id="sm-461">
         <name>TimerPrescaleSet</name>
         <value>0x2bc7</value>
         <object_component_ref idref="oc-f1"/>
      </symbol>
      <symbol id="sm-462">
         <name>TimerIntEnable</name>
         <value>0x2ca9</value>
         <object_component_ref idref="oc-f5"/>
      </symbol>
      <symbol id="sm-463">
         <name>TimerConfigure</name>
         <value>0x2ae9</value>
         <object_component_ref idref="oc-96"/>
      </symbol>
      <symbol id="sm-464">
         <name>TimerIntClear</name>
         <value>0x2cc3</value>
         <object_component_ref idref="oc-103"/>
      </symbol>
      <symbol id="sm-4e5">
         <name>SysCtlClockSet</name>
         <value>0x2159</value>
         <object_component_ref idref="oc-7c"/>
      </symbol>
      <symbol id="sm-4e6">
         <name>SysCtlLDOSet</name>
         <value>0x2c4d</value>
         <object_component_ref idref="oc-78"/>
      </symbol>
      <symbol id="sm-4e7">
         <name>SysCtlDelay</name>
         <value>0x2cb7</value>
         <object_component_ref idref="oc-14e"/>
      </symbol>
      <symbol id="sm-4e8">
         <name>SysCtlPeripheralEnable</name>
         <value>0x2861</value>
         <object_component_ref idref="oc-8e"/>
      </symbol>
      <symbol id="sm-4e9">
         <name>SysCtlADCSpeedSet</name>
         <value>0x2b0d</value>
         <object_component_ref idref="oc-c9"/>
      </symbol>
      <symbol id="sm-4ea">
         <name>SysCtlClockGet</name>
         <value>0x1fc1</value>
         <object_component_ref idref="oc-80"/>
      </symbol>
      <symbol id="sm-51e">
         <name>SSIDataPut</name>
         <value>0x2c79</value>
         <object_component_ref idref="oc-15b"/>
      </symbol>
      <symbol id="sm-51f">
         <name>SSIDataGetNonBlocking</name>
         <value>0x2ba3</value>
         <object_component_ref idref="oc-172"/>
      </symbol>
      <symbol id="sm-520">
         <name>SSIConfigSetExpClk</name>
         <value>0x28b9</value>
         <object_component_ref idref="oc-166"/>
      </symbol>
      <symbol id="sm-521">
         <name>SSIEnable</name>
         <value>0x2c8d</value>
         <object_component_ref idref="oc-16e"/>
      </symbol>
      <symbol id="sm-522">
         <name>SSIBusy</name>
         <value>0x2ca1</value>
         <object_component_ref idref="oc-153"/>
      </symbol>
      <symbol id="sm-523">
         <name>SSIDisable</name>
         <value>0x2c83</value>
         <object_component_ref idref="oc-162"/>
      </symbol>
      <symbol id="sm-55f">
         <name>IntPrioritySet</name>
         <value>0x2ac5</value>
         <object_component_ref idref="oc-e1"/>
      </symbol>
      <symbol id="sm-560">
         <name>IntEnable</name>
         <value>0x279d</value>
         <object_component_ref idref="oc-e5"/>
      </symbol>
      <symbol id="sm-561">
         <name>IntMasterDisable</name>
         <value>0x2c65</value>
         <object_component_ref idref="oc-8a"/>
      </symbol>
      <symbol id="sm-562">
         <name>IntMasterEnable</name>
         <value>0x2c6f</value>
         <object_component_ref idref="oc-9e"/>
      </symbol>
      <symbol id="sm-5a1">
         <name>GPIOPinTypeGPIOInput</name>
         <value>0x2b6d</value>
         <object_component_ref idref="oc-e9"/>
      </symbol>
      <symbol id="sm-5a2">
         <name>GPIOPinTypeGPIOOutput</name>
         <value>0x2b7f</value>
         <object_component_ref idref="oc-176"/>
      </symbol>
      <symbol id="sm-5a3">
         <name>GPIODirModeSet</name>
         <value>0x2a6d</value>
         <object_component_ref idref="oc-1d9"/>
      </symbol>
      <symbol id="sm-5a4">
         <name>GPIOPinWrite</name>
         <value>0x2cb1</value>
         <object_component_ref idref="oc-157"/>
      </symbol>
      <symbol id="sm-5a5">
         <name>GPIOPadConfigSet</name>
         <value>0x2397</value>
         <object_component_ref idref="oc-ed"/>
      </symbol>
      <symbol id="sm-5a6">
         <name>GPIOPinTypeSSI</name>
         <value>0x2b91</value>
         <object_component_ref idref="oc-16a"/>
      </symbol>
      <symbol id="sm-5b4">
         <name>CPUcpsie</name>
         <value>0x2c3f</value>
         <object_component_ref idref="oc-199"/>
      </symbol>
      <symbol id="sm-5b5">
         <name>CPUcpsid</name>
         <value>0x2c33</value>
         <object_component_ref idref="oc-189"/>
      </symbol>
      <symbol id="sm-5da">
         <name>ADCSequenceEnable</name>
         <value>0x2c09</value>
         <object_component_ref idref="oc-dd"/>
      </symbol>
      <symbol id="sm-5db">
         <name>ADCSequenceConfigure</name>
         <value>0x2a9b</value>
         <object_component_ref idref="oc-d1"/>
      </symbol>
      <symbol id="sm-5dc">
         <name>ADCIntEnable</name>
         <value>0x2beb</value>
         <object_component_ref idref="oc-d9"/>
      </symbol>
      <symbol id="sm-5dd">
         <name>ADCSequenceStepConfigure</name>
         <value>0x2731</value>
         <object_component_ref idref="oc-d5"/>
      </symbol>
      <symbol id="sm-5de">
         <name>ADCSequenceDisable</name>
         <value>0x2bfb</value>
         <object_component_ref idref="oc-cd"/>
      </symbol>
      <symbol id="sm-5df">
         <name>__TI_static_base__</name>
         <value>0x0</value>
      </symbol>
      <symbol id="sm-5e0">
         <name>__TI_args_main</name>
         <value>0x1</value>
      </symbol>
      <symbol id="sm-5e1">
         <name>SHT$$INIT_ARRAY$$Limit</name>
         <value>0x0</value>
      </symbol>
      <symbol id="sm-5e2">
         <name>SHT$$INIT_ARRAY$$Base</name>
         <value>0x0</value>
      </symbol>
   </symbol_table>
   <title>Link successful</title>
</link_info>
